Component: ARM Compiler 5.05 update 2 (build 169) Tool: armlink [4d0f33]

==============================================================================

Section Cross References

    stm32f4xx_it.o(i.SysTick_Handler) refers to core_portme.o(.data) for Tick
    system_stm32f4xx.o(i.SystemCoreClockUpdate) refers to system_stm32f4xx.o(.data) for .data
    startup_stm32f429xx.o(STACK) refers (Special) to heapauxi.o(.text) for __use_two_region_memory
    startup_stm32f429xx.o(HEAP) refers (Special) to heapauxi.o(.text) for __use_two_region_memory
    startup_stm32f429xx.o(RESET) refers (Special) to heapauxi.o(.text) for __use_two_region_memory
    startup_stm32f429xx.o(RESET) refers to startup_stm32f429xx.o(STACK) for __initial_sp
    startup_stm32f429xx.o(RESET) refers to startup_stm32f429xx.o(.text) for Reset_Handler
    startup_stm32f429xx.o(RESET) refers to stm32f4xx_it.o(i.NMI_Handler) for NMI_Handler
    startup_stm32f429xx.o(RESET) refers to stm32f4xx_it.o(i.HardFault_Handler) for HardFault_Handler
    startup_stm32f429xx.o(RESET) refers to stm32f4xx_it.o(i.MemManage_Handler) for MemManage_Handler
    startup_stm32f429xx.o(RESET) refers to stm32f4xx_it.o(i.BusFault_Handler) for BusFault_Handler
    startup_stm32f429xx.o(RESET) refers to stm32f4xx_it.o(i.UsageFault_Handler) for UsageFault_Handler
    startup_stm32f429xx.o(RESET) refers to stm32f4xx_it.o(i.SVC_Handler) for SVC_Handler
    startup_stm32f429xx.o(RESET) refers to stm32f4xx_it.o(i.DebugMon_Handler) for DebugMon_Handler
    startup_stm32f429xx.o(RESET) refers to stm32f4xx_it.o(i.PendSV_Handler) for PendSV_Handler
    startup_stm32f429xx.o(RESET) refers to stm32f4xx_it.o(i.SysTick_Handler) for SysTick_Handler
    startup_stm32f429xx.o(RESET) refers to usart.o(i.USART1_IRQHandler) for USART1_IRQHandler
    startup_stm32f429xx.o(.text) refers (Special) to heapauxi.o(.text) for __use_two_region_memory
    startup_stm32f429xx.o(.text) refers to system_stm32f4xx.o(i.SystemInit) for SystemInit
    startup_stm32f429xx.o(.text) refers to __main.o(!!!main) for __main
    startup_stm32f429xx.o(.text) refers to startup_stm32f429xx.o(HEAP) for Heap_Mem
    startup_stm32f429xx.o(.text) refers to startup_stm32f429xx.o(STACK) for Stack_Mem
    stm32f4xx_hal.o(i.HAL_DeInit) refers to stm32f4xx_hal.o(i.HAL_MspDeInit) for HAL_MspDeInit
    stm32f4xx_hal.o(i.HAL_Delay) refers to stm32f4xx_hal.o(i.HAL_GetTick) for HAL_GetTick
    stm32f4xx_hal.o(i.HAL_GetTick) refers to stm32f4xx_hal.o(.data) for .data
    stm32f4xx_hal.o(i.HAL_IncTick) refers to stm32f4xx_hal.o(.data) for .data
    stm32f4xx_hal.o(i.HAL_Init) refers to stm32f4xx_hal_cortex.o(i.HAL_NVIC_SetPriorityGrouping) for HAL_NVIC_SetPriorityGrouping
    stm32f4xx_hal.o(i.HAL_Init) refers to stm32f4xx_hal.o(i.HAL_InitTick) for HAL_InitTick
    stm32f4xx_hal.o(i.HAL_Init) refers to stm32f4xx_hal.o(i.HAL_MspInit) for HAL_MspInit
    stm32f4xx_hal.o(i.HAL_InitTick) refers to stm32f4xx_hal_rcc.o(i.HAL_RCC_GetHCLKFreq) for HAL_RCC_GetHCLKFreq
    stm32f4xx_hal.o(i.HAL_InitTick) refers to stm32f4xx_hal_cortex.o(i.HAL_SYSTICK_Config) for HAL_SYSTICK_Config
    stm32f4xx_hal.o(i.HAL_InitTick) refers to stm32f4xx_hal_cortex.o(i.HAL_NVIC_SetPriority) for HAL_NVIC_SetPriority
    stm32f4xx_hal_cortex.o(i.HAL_SYSTICK_IRQHandler) refers to stm32f4xx_hal_cortex.o(i.HAL_SYSTICK_Callback) for HAL_SYSTICK_Callback
    stm32f4xx_hal_gpio.o(i.HAL_GPIO_EXTI_IRQHandler) refers to stm32f4xx_hal_gpio.o(i.HAL_GPIO_EXTI_Callback) for HAL_GPIO_EXTI_Callback
    stm32f4xx_hal_pwr.o(i.HAL_PWR_PVD_IRQHandler) refers to stm32f4xx_hal_pwr.o(i.HAL_PWR_PVDCallback) for HAL_PWR_PVDCallback
    stm32f4xx_hal_pwr_ex.o(i.HAL_PWREx_ControlVoltageScaling) refers to stm32f4xx_hal.o(i.HAL_GetTick) for HAL_GetTick
    stm32f4xx_hal_pwr_ex.o(i.HAL_PWREx_DisableBkUpReg) refers to stm32f4xx_hal.o(i.HAL_GetTick) for HAL_GetTick
    stm32f4xx_hal_pwr_ex.o(i.HAL_PWREx_DisableOverDrive) refers to stm32f4xx_hal.o(i.HAL_GetTick) for HAL_GetTick
    stm32f4xx_hal_pwr_ex.o(i.HAL_PWREx_EnableBkUpReg) refers to stm32f4xx_hal.o(i.HAL_GetTick) for HAL_GetTick
    stm32f4xx_hal_pwr_ex.o(i.HAL_PWREx_EnableOverDrive) refers to stm32f4xx_hal.o(i.HAL_GetTick) for HAL_GetTick
    stm32f4xx_hal_pwr_ex.o(i.HAL_PWREx_EnterUnderDriveSTOPMode) refers to stm32f4xx_hal.o(i.HAL_GetTick) for HAL_GetTick
    stm32f4xx_hal_rcc.o(i.HAL_RCC_ClockConfig) refers to stm32f4xx_hal.o(i.HAL_GetTick) for HAL_GetTick
    stm32f4xx_hal_rcc.o(i.HAL_RCC_ClockConfig) refers to stm32f4xx_hal.o(i.HAL_InitTick) for HAL_InitTick
    stm32f4xx_hal_rcc.o(i.HAL_RCC_GetHCLKFreq) refers to stm32f4xx_hal_rcc.o(i.HAL_RCC_GetSysClockFreq) for HAL_RCC_GetSysClockFreq
    stm32f4xx_hal_rcc.o(i.HAL_RCC_GetHCLKFreq) refers to stm32f4xx_hal_rcc.o(.constdata) for .constdata
    stm32f4xx_hal_rcc.o(i.HAL_RCC_GetHCLKFreq) refers to system_stm32f4xx.o(.data) for SystemCoreClock
    stm32f4xx_hal_rcc.o(i.HAL_RCC_GetPCLK1Freq) refers to stm32f4xx_hal_rcc.o(i.HAL_RCC_GetSysClockFreq) for HAL_RCC_GetSysClockFreq
[...]
    ../fplib/fpinit.s                        0x00000000   Number         0  fpinit.o ABSOLUTE
    ../fplib/istatus.s                       0x00000000   Number         0  istatus.o ABSOLUTE
    ../fplib/printf1.s                       0x00000000   Number         0  printf1.o ABSOLUTE
    ../fplib/usenofp.s                       0x00000000   Number         0  usenofp.o ABSOLUTE
    ../mathlib/fpclassify.c                  0x00000000   Number         0  fpclassify.o ABSOLUTE
    ..\CORE\startup_stm32f429xx.s            0x00000000   Number         0  startup_stm32f429xx.o ABSOLUTE
    ..\CoreMark\core_list_join.c             0x00000000   Number         0  core_list_join.o ABSOLUTE
    ..\CoreMark\core_main.c                  0x00000000   Number         0  core_main.o ABSOLUTE
    ..\CoreMark\core_matrix.c                0x00000000   Number         0  core_matrix.o ABSOLUTE
    ..\CoreMark\core_portme.c                0x00000000   Number         0  core_portme.o ABSOLUTE
    ..\CoreMark\core_state.c                 0x00000000   Number         0  core_state.o ABSOLUTE
    ..\CoreMark\core_util.c                  0x00000000   Number         0  core_util.o ABSOLUTE
    ..\HALLIB\STM32F4xx_HAL_Driver\Src\stm32f4xx_hal.c 0x00000000   Number         0  stm32f4xx_hal.o ABSOLUTE
    ..\HALLIB\STM32F4xx_HAL_Driver\Src\stm32f4xx_hal_cortex.c 0x00000000   Number         0  stm32f4xx_hal_cortex.o ABSOLUTE
    ..\HALLIB\STM32F4xx_HAL_Driver\Src\stm32f4xx_hal_dma.c 0x00000000   Number         0  stm32f4xx_hal_dma.o ABSOLUTE
    ..\HALLIB\STM32F4xx_HAL_Driver\Src\stm32f4xx_hal_dma_ex.c 0x00000000   Number         0  stm32f4xx_hal_dma_ex.o ABSOLUTE
    ..\HALLIB\STM32F4xx_HAL_Driver\Src\stm32f4xx_hal_gpio.c 0x00000000   Number         0  stm32f4xx_hal_gpio.o ABSOLUTE
    ..\HALLIB\STM32F4xx_HAL_Driver\Src\stm32f4xx_hal_pwr.c 0x00000000   Number         0  stm32f4xx_hal_pwr.o ABSOLUTE
    ..\HALLIB\STM32F4xx_HAL_Driver\Src\stm32f4xx_hal_pwr_ex.c 0x00000000   Number         0  stm32f4xx_hal_pwr_ex.o ABSOLUTE
    ..\HALLIB\STM32F4xx_HAL_Driver\Src\stm32f4xx_hal_rcc.c 0x00000000   Number         0  stm32f4xx_hal_rcc.o ABSOLUTE
    ..\HALLIB\STM32F4xx_HAL_Driver\Src\stm32f4xx_hal_rcc_ex.c 0x00000000   Number         0  stm32f4xx_hal_rcc_ex.o ABSOLUTE
    ..\HALLIB\STM32F4xx_HAL_Driver\Src\stm32f4xx_hal_uart.c 0x00000000   Number         0  stm32f4xx_hal_uart.o ABSOLUTE
    ..\HALLIB\STM32F4xx_HAL_Driver\Src\stm32f4xx_hal_usart.c 0x00000000   Number         0  stm32f4xx_hal_usart.o ABSOLUTE
    ..\HARDWARE\KEY\key.c                    0x00000000   Number         0  key.o ABSOLUTE
    ..\HARDWARE\LED\led.c                    0x00000000   Number         0  led.o ABSOLUTE
    ..\SYSTEM\delay\delay.c                  0x00000000   Number         0  delay.o ABSOLUTE
    ..\SYSTEM\sys\sys.c                      0x00000000   Number         0  sys.o ABSOLUTE
    ..\SYSTEM\usart\usart.c                  0x00000000   Number         0  usart.o ABSOLUTE
    ..\\CoreMark\\core_portme.c              0x00000000   Number         0  core_portme.o ABSOLUTE
    ..\\HALLIB\\STM32F4xx_HAL_Driver\\Src\\stm32f4xx_hal.c 0x00000000   Number         0  stm32f4xx_hal.o ABSOLUTE
    ..\\HALLIB\\STM32F4xx_HAL_Driver\\Src\\stm32f4xx_hal_cortex.c 0x00000000   Number         0  stm32f4xx_hal_cortex.o ABSOLUTE
    ..\\HALLIB\\STM32F4xx_HAL_Driver\\Src\\stm32f4xx_hal_dma.c 0x00000000   Number         0  stm32f4xx_hal_dma.o ABSOLUTE
    ..\\HALLIB\\STM32F4xx_HAL_Driver\\Src\\stm32f4xx_hal_dma_ex.c 0x00000000   Number         0  stm32f4xx_hal_dma_ex.o ABSOLUTE
    ..\\HALLIB\\STM32F4xx_HAL_Driver\\Src\\stm32f4xx_hal_gpio.c 0x00000000   Number         0  stm32f4xx_hal_gpio.o ABSOLUTE
    ..\\HALLIB\\STM32F4xx_HAL_Driver\\Src\\stm32f4xx_hal_pwr.c 0x00000000   Number         0  stm32f4xx_hal_pwr.o ABSOLUTE
    ..\\HALLIB\\STM32F4xx_HAL_Driver\\Src\\stm32f4xx_hal_pwr_ex.c 0x00000000   Number         0  stm32f4xx_hal_pwr_ex.o ABSOLUTE
    ..\\HALLIB\\STM32F4xx_HAL_Driver\\Src\\stm32f4xx_hal_rcc.c 0x00000000   Number         0  stm32f4xx_hal_rcc.o ABSOLUTE
    ..\\HALLIB\\STM32F4xx_HAL_Driver\\Src\\stm32f4xx_hal_rcc_ex.c 0x00000000   Number         0  stm32f4xx_hal_rcc_ex.o ABSOLUTE
    ..\\HALLIB\\STM32F4xx_HAL_Driver\\Src\\stm32f4xx_hal_uart.c 0x00000000   Number         0  stm32f4xx_hal_uart.o ABSOLUTE
    ..\\HALLIB\\STM32F4xx_HAL_Driver\\Src\\stm32f4xx_hal_usart.c 0x00000000   Number         0  stm32f4xx_hal_usart.o ABSOLUTE
    ..\\HARDWARE\\KEY\\key.c                 0x00000000   Number         0  key.o ABSOLUTE
    ..\\HARDWARE\\LED\\led.c                 0x00000000   Number         0  led.o ABSOLUTE
    ..\\SYSTEM\\delay\\delay.c               0x00000000   Number         0  delay.o ABSOLUTE
    ..\\SYSTEM\\sys\\sys.c                   0x00000000   Number         0  sys.o ABSOLUTE
    ..\\SYSTEM\\usart\\usart.c               0x00000000   Number         0  usart.o ABSOLUTE
    dc.s                                     0x00000000   Number         0  dc.o ABSOLUTE
    main.c                                   0x00000000   Number         0  main.o ABSOLUTE
    main.c                                   0x00000000   Number         0  main.o ABSOLUTE
    stm32f4xx_it.c                           0x00000000   Number         0  stm32f4xx_it.o ABSOLUTE
    stm32f4xx_it.c                           0x00000000   Number         0  stm32f4xx_it.o ABSOLUTE
    system_stm32f4xx.c                       0x00000000   Number         0  system_stm32f4xx.o ABSOLUTE
    system_stm32f4xx.c                       0x00000000   Number         0  system_stm32f4xx.o ABSOLUTE
    RESET                                    0x08000000   Section      428  startup_stm32f429xx.o(RESET)
    !!!main                                  0x080001ac   Section        8  __main.o(!!!main)
    !!!scatter                               0x080001b4   Section       52  __scatter.o(!!!scatter)
    !!handler_copy                           0x080001e8   Section       26  __scatter_copy.o(!!handler_copy)
    !!handler_zi                             0x08000204   Section       28  __scatter_zi.o(!!handler_zi)
    .ARM.Collect$$_printf_percent$$00000000  0x08000220   Section        0  _printf_percent.o(.ARM.Collect$$_printf_percent$$00000000)
    .ARM.Collect$$_printf_percent$$00000003  0x08000220   Section        6  _printf_f.o(.ARM.Collect$$_printf_percent$$00000003)
    .ARM.Collect$$_printf_percent$$00000009  0x08000226   Section        6  _printf_d.o(.ARM.Collect$$_printf_percent$$00000009)
    .ARM.Collect$$_printf_percent$$0000000A  0x0800022c   Section        6  _printf_u.o(.ARM.Collect$$_printf_percent$$0000000A)
    .ARM.Collect$$_printf_percent$$0000000C  0x08000232   Section        6  _printf_x.o(.ARM.Collect$$_printf_percent$$0000000C)
    .ARM.Collect$$_printf_percent$$00000014  0x08000238   Section        6  _printf_s.o(.ARM.Collect$$_printf_percent$$00000014)
    .ARM.Collect$$_printf_percent$$00000017  0x0800023e   Section        4  _printf_percent_end.o(.ARM.Collect$$_printf_percent$$00000017)
    .ARM.Collect$$libinit$$00000000          0x08000242   Section        2  libinit.o(.ARM.Collect$$libinit$$00000000)
    .ARM.Collect$$libinit$$00000002          0x08000244   Section        0  libinit2.o(.ARM.Collect$$libinit$$00000002)
    .ARM.Collect$$libinit$$00000004          0x08000244   Section        0  libinit2.o(.ARM.Collect$$libinit$$00000004)
    .ARM.Collect$$libinit$$0000000A          0x08000244   Section        0  libinit2.o(.ARM.Collect$$libinit$$0000000A)
    .ARM.Collect$$libinit$$0000000C          0x08000244   Section        0  libinit2.o(.ARM.Collect$$libinit$$0000000C)
    .ARM.Collect$$libinit$$0000000E          0x08000244   Section        0  libinit2.o(.ARM.Collect$$libinit$$0000000E)
    .ARM.Collect$$libinit$$0000000F          0x08000244   Section        6  libinit2.o(.ARM.Collect$$libinit$$0000000F)
    .ARM.Collect$$libinit$$00000011          0x0800024a   Section        0  libinit2.o(.ARM.Collect$$libinit$$00000011)
    .ARM.Collect$$libinit$$00000013          0x0800024a   Section        0  libinit2.o(.ARM.Collect$$libinit$$00000013)
    .ARM.Collect$$libinit$$00000015          0x0800024a   Section        0  libinit2.o(.ARM.Collect$$libinit$$00000015)
    .ARM.Collect$$libinit$$00000016          0x0800024a   Section       10  libinit2.o(.ARM.Collect$$libinit$$00000016)
    .ARM.Collect$$libinit$$00000017          0x08000254   Section        0  libinit2.o(.ARM.Collect$$libinit$$00000017)
    .ARM.Collect$$libinit$$00000019          0x08000254   Section        0  libinit2.o(.ARM.Collect$$libinit$$00000019)
    .ARM.Collect$$libinit$$0000001B          0x08000254   Section        0  libinit2.o(.ARM.Collect$$libinit$$0000001B)
    .ARM.Collect$$libinit$$0000001D          0x08000254   Section        0  libinit2.o(.ARM.Collect$$libinit$$0000001D)
    .ARM.Collect$$libinit$$0000001F          0x08000254   Section        0  libinit2.o(.ARM.Collect$$libinit$$0000001F)
    .ARM.Collect$$libinit$$00000021          0x08000254   Section        0  libinit2.o(.ARM.Collect$$libinit$$00000021)
    .ARM.Collect$$libinit$$00000023          0x08000254   Section        0  libinit2.o(.ARM.Collect$$libinit$$00000023)
    .ARM.Collect$$libinit$$00000025          0x08000254   Section        0  libinit2.o(.ARM.Collect$$libinit$$00000025)
    .ARM.Collect$$libinit$$00000027          0x08000254   Section        8  libinit2.o(.ARM.Collect$$libinit$$00000027)
    .ARM.Collect$$libinit$$0000002E          0x0800025c   Section        0  libinit2.o(.ARM.Collect$$libinit$$0000002E)
    .ARM.Collect$$libinit$$00000030          0x0800025c   Section        0  libinit2.o(.ARM.Collect$$libinit$$00000030)
    .ARM.Collect$$libinit$$00000032          0x0800025c   Section        0  libinit2.o(.ARM.Collect$$libinit$$00000032)
    .ARM.Collect$$libinit$$00000033          0x0800025c   Section        2  libinit2.o(.ARM.Collect$$libinit$$00000033)
    .ARM.Collect$$libshutdown$$00000000      0x0800025e   Section        2  libshutdown.o(.ARM.Collect$$libshutdown$$00000000)
    .ARM.Collect$$libshutdown$$00000003      0x08000260   Section        0  libshutdown2.o(.ARM.Collect$$libshutdown$$00000003)
    .ARM.Collect$$libshutdown$$00000006      0x08000260   Section        0  libshutdown2.o(.ARM.Collect$$libshutdown$$00000006)
    .ARM.Collect$$libshutdown$$00000009      0x08000260   Section        0  libshutdown2.o(.ARM.Collect$$libshutdown$$00000009)
    .ARM.Collect$$libshutdown$$0000000B      0x08000260   Section        0  libshutdown2.o(.ARM.Collect$$libshutdown$$0000000B)
    .ARM.Collect$$libshutdown$$0000000E      0x08000260   Section        0  libshutdown2.o(.ARM.Collect$$libshutdown$$0000000E)
    .ARM.Collect$$libshutdown$$0000000F      0x08000260   Section        2  libshutdown2.o(.ARM.Collect$$libshutdown$$0000000F)
    .ARM.Collect$$rtentry$$00000000          0x08000262   Section        0  __rtentry.o(.ARM.Collect$$rtentry$$00000000)
    .ARM.Collect$$rtentry$$00000002          0x08000262   Section        0  __rtentry2.o(.ARM.Collect$$rtentry$$00000002)
    .ARM.Collect$$rtentry$$00000004          0x08000262   Section        6  __rtentry4.o(.ARM.Collect$$rtentry$$00000004)
    .ARM.Collect$$rtentry$$00000009          0x08000268   Section        0  __rtentry2.o(.ARM.Collect$$rtentry$$00000009)
    .ARM.Collect$$rtentry$$0000000A          0x08000268   Section        4  __rtentry2.o(.ARM.Collect$$rtentry$$0000000A)
    .ARM.Collect$$rtentry$$0000000C          0x0800026c   Section        0  __rtentry2.o(.ARM.Collect$$rtentry$$0000000C)
    .ARM.Collect$$rtentry$$0000000D          0x0800026c   Section        8  __rtentry2.o(.ARM.Collect$$rtentry$$0000000D)
    .ARM.Collect$$rtexit$$00000000           0x08000274   Section        2  rtexit.o(.ARM.Collect$$rtexit$$00000000)
    .ARM.Collect$$rtexit$$00000002           0x08000276   Section        0  rtexit2.o(.ARM.Collect$$rtexit$$00000002)
    .ARM.Collect$$rtexit$$00000003           0x08000276   Section        4  rtexit2.o(.ARM.Collect$$rtexit$$00000003)
    .ARM.Collect$$rtexit$$00000004           0x0800027a   Section        6  rtexit2.o(.ARM.Collect$$rtexit$$00000004)
    .emb_text                                0x08000280   Section        4  argv_veneer.o(.emb_text)
    .text                                    0x08000284   Section       64  startup_stm32f429xx.o(.text)
    .text                                    0x080002c4   Section        2  use_no_semi_2.o(.text)
    .text                                    0x080002c8   Section        0  noretval__2printf.o(.text)
    .text                                    0x080002e0   Section        0  _printf_pad.o(.text)
    .text                                    0x0800032e   Section        0  _printf_str.o(.text)
    .text                                    0x08000380   Section        0  _printf_dec.o(.text)
    .text                                    0x080003f8   Section        0  _printf_hex_int.o(.text)
    .text                                    0x08000450   Section        0  __printf_flags_ss_wp.o(.text)
    .text                                    0x080005d8   Section        0  heapauxi.o(.text)
    .text                                    0x080005de   Section        2  use_no_semi.o(.text)
    .text                                    0x080005e0   Section        0  _printf_intcommon.o(.text)
    .text                                    0x08000692   Section        0  _printf_fp_dec.o(.text)
    _fp_digits                               0x08000695   Thumb Code   428  _printf_fp_dec.o(.text)
    .text                                    0x08000aac   Section        0  _printf_char.o(.text)
    .text                                    0x08000ad8   Section        0  _printf_char_file.o(.text)
    .text                                    0x08000afc   Section        8  rt_locale_intlibspace.o(.text)
    .text                                    0x08000b04   Section      138  lludiv10.o(.text)
    .text                                    0x08000b90   Section        0  _printf_char_common.o(.text)
    _printf_input_char                       0x08000b91   Thumb Code    10  _printf_char_common.o(.text)
    .text                                    0x08000bc0   Section        0  _printf_fp_infnan.o(.text)
    .text                                    0x08000c40   Section        0  bigflt0.o(.text)
    .text                                    0x08000d1c   Section        0  ferror.o(.text)
    .text                                    0x08000d24   Section        8  libspace.o(.text)
    .text                                    0x08000d2c   Section       74  sys_stackheap_outer.o(.text)
    .text                                    0x08000d76   Section        0  exit.o(.text)
    .text                                    0x08000d84   Section      128  strcmpv7m.o(.text)
    .text                                    0x08000e04   Section        0  _get_argv_nomalloc.o(.text)
    .text                                    0x08000f32   Section        0  hrguard.o(.text)
    .text                                    0x08000f36   Section        0  defsig_rtmem_outer.o(.text)
    .text                                    0x08000f44   Section        0  defsig_exit.o(.text)
    .text                                    0x08000f50   Section        0  defsig_rtmem_inner.o(.text)
    .text                                    0x08000fa0   Section        0  defsig_general.o(.text)
    CL$$btod_d2e                             0x08000fd2   Section       62  btod.o(CL$$btod_d2e)
    CL$$btod_d2e_denorm_low                  0x08001010   Section       70  btod.o(CL$$btod_d2e_denorm_low)
    CL$$btod_d2e_norm_op1                    0x08001056   Section       96  btod.o(CL$$btod_d2e_norm_op1)
    CL$$btod_div_common                      0x080010b6   Section      824  btod.o(CL$$btod_div_common)
    CL$$btod_e2e                             0x080013ee   Section      198  btod.o(CL$$btod_e2e)
    CL$$btod_ediv                            0x080014b4   Section       40  btod.o(CL$$btod_ediv)
    CL$$btod_emul                            0x080014dc   Section       40  btod.o(CL$$btod_emul)
    CL$$btod_mult_common                     0x08001504   Section      580  btod.o(CL$$btod_mult_common)
    i.BusFault_Handler                       0x08001748   Section        0  stm32f4xx_it.o(i.BusFault_Handler)
    i.DebugMon_Handler                       0x0800174a   Section        0  stm32f4xx_it.o(i.DebugMon_Handler)
    i.HAL_GPIO_Init                          0x0800174c   Section        0  stm32f4xx_hal_gpio.o(i.HAL_GPIO_Init)
    i.HAL_GetTick                            0x080019a8   Section        0  stm32f4xx_hal.o(i.HAL_GetTick)
    i.HAL_Init                               0x080019b4   Section        0  stm32f4xx_hal.o(i.HAL_Init)
    i.HAL_InitTick                           0x080019e8   Section        0  stm32f4xx_hal.o(i.HAL_InitTick)
    i.HAL_MspInit                            0x08001a0a   Section        0  stm32f4xx_hal.o(i.HAL_MspInit)
    i.HAL_NVIC_EnableIRQ                     0x08001a14   Section        0  stm32f4xx_hal_cortex.o(i.HAL_NVIC_EnableIRQ)
    i.HAL_NVIC_SetPriority                   0x08001a2c   Section        0  stm32f4xx_hal_cortex.o(i.HAL_NVIC_SetPriority)
    i.HAL_NVIC_SetPriorityGrouping           0x08001a90   Section        0  stm32f4xx_hal_cortex.o(i.HAL_NVIC_SetPriorityGrouping)
    i.HAL_PWREx_EnableOverDrive              0x08001ab4   Section        0  stm32f4xx_hal_pwr_ex.o(i.HAL_PWREx_EnableOverDrive)
    i.HAL_RCC_ClockConfig                    0x08001b50   Section        0  stm32f4xx_hal_rcc.o(i.HAL_RCC_ClockConfig)
    i.HAL_RCC_GetHCLKFreq                    0x08001d80   Section        0  stm32f4xx_hal_rcc.o(i.HAL_RCC_GetHCLKFreq)
    i.HAL_RCC_GetPCLK1Freq                   0x08001db4   Section        0  stm32f4xx_hal_rcc.o(i.HAL_RCC_GetPCLK1Freq)
    i.HAL_RCC_GetPCLK2Freq                   0x08001e00   Section        0  stm32f4xx_hal_rcc.o(i.HAL_RCC_GetPCLK2Freq)
    i.HAL_RCC_GetSysClockFreq                0x08001e4c   Section        0  stm32f4xx_hal_rcc.o(i.HAL_RCC_GetSysClockFreq)
    i.HAL_RCC_OscConfig                      0x08001ee0   Section        0  stm32f4xx_hal_rcc.o(i.HAL_RCC_OscConfig)
    i.HAL_SYSTICK_Config                     0x08002294   Section        0  stm32f4xx_hal_cortex.o(i.HAL_SYSTICK_Config)
    i.HAL_UART_ErrorCallback                 0x080022c0   Section        0  stm32f4xx_hal_uart.o(i.HAL_UART_ErrorCallback)
    i.HAL_UART_GetState                      0x080022c2   Section        0  stm32f4xx_hal_uart.o(i.HAL_UART_GetState)
    i.HAL_UART_IRQHandler                    0x080022c8   Section        0  stm32f4xx_hal_uart.o(i.HAL_UART_IRQHandler)
    i.HAL_UART_Init                          0x080024bc   Section        0  stm32f4xx_hal_uart.o(i.HAL_UART_Init)
    i.HAL_UART_MspInit                       0x0800251c   Section        0  usart.o(i.HAL_UART_MspInit)
    i.HAL_UART_Receive_IT                    0x080025a0   Section        0  stm32f4xx_hal_uart.o(i.HAL_UART_Receive_IT)
    i.HAL_UART_RxCpltCallback                0x08002608   Section        0  usart.o(i.HAL_UART_RxCpltCallback)
    i.HAL_UART_TxCpltCallback                0x08002678   Section        0  stm32f4xx_hal_uart.o(i.HAL_UART_TxCpltCallback)
    i.HardFault_Handler                      0x0800267a   Section        0  stm32f4xx_it.o(i.HardFault_Handler)
    i.MemManage_Handler                      0x0800267c   Section        0  stm32f4xx_it.o(i.MemManage_Handler)
    i.NMI_Handler                            0x0800267e   Section        0  stm32f4xx_it.o(i.NMI_Handler)
    i.PendSV_Handler                         0x08002680   Section        0  stm32f4xx_it.o(i.PendSV_Handler)
    i.SVC_Handler                            0x08002682   Section        0  stm32f4xx_it.o(i.SVC_Handler)
    i.Stm32_Clock_Init                       0x08002684   Section        0  sys.o(i.Stm32_Clock_Init)
    i.SysTick_Handler                        0x08002720   Section        0  stm32f4xx_it.o(i.SysTick_Handler)
    i.SystemInit                             0x08002730   Section        0  system_stm32f4xx.o(i.SystemInit)
    i.UART_SetConfig                         0x0800277c   Section        0  stm32f4xx_hal_uart.o(i.UART_SetConfig)
    UART_SetConfig                           0x0800277d   Thumb Code   522  stm32f4xx_hal_uart.o(i.UART_SetConfig)
    i.USART1_IRQHandler                      0x08002994   Section        0  usart.o(i.USART1_IRQHandler)
    i.UsageFault_Handler                     0x080029f4   Section        0  stm32f4xx_it.o(i.UsageFault_Handler)
    i.__ARM_fpclassify                       0x080029f6   Section        0  fpclassify.o(i.__ARM_fpclassify)
    i._is_digit                              0x08002a1e   Section        0  __printf_wp.o(i._is_digit)
    i._sys_command_string                    0x08002a2c   Section        0  usart.o(i._sys_command_string)
    i._sys_exit                              0x08002a2e   Section        0  usart.o(i._sys_exit)
    i._ttywrch                               0x08002a30   Section        0  usart.o(i._ttywrch)
    i.calc_func                              0x08002a32   Section        0  core_list_join.o(i.calc_func)
    i.check_data_types                       0x08002ac0   Section        0  core_util.o(i.check_data_types)
    i.cmp_complex                            0x08002ac4   Section        0  core_list_join.o(i.cmp_complex)
    i.cmp_idx                                0x08002ade   Section        0  core_list_join.o(i.cmp_idx)
    i.core_bench_list                        0x08002b08   Section        0  core_list_join.o(i.core_bench_list)
    i.core_bench_matrix                      0x08002c90   Section        0  core_matrix.o(i.core_bench_matrix)
    i.core_bench_state                       0x08002cb2   Section        0  core_state.o(i.core_bench_state)
    i.core_init_matrix                       0x08002da0   Section        0  core_matrix.o(i.core_init_matrix)
    i.core_init_state                        0x08002e48   Section        0  core_state.o(i.core_init_state)
    i.core_list_init                         0x08002f54   Section        0  core_list_join.o(i.core_list_init)
    i.core_list_mergesort                    0x08003064   Section        0  core_list_join.o(i.core_list_mergesort)
    i.core_state_transition                  0x0800310a   Section        0  core_state.o(i.core_state_transition)
    i.crc16                                  0x080032ac   Section        0  core_util.o(i.crc16)
    i.crcu16                                 0x080032fc   Section        0  core_util.o(i.crcu16)
    i.crcu32                                 0x08003346   Section        0  core_util.o(i.crcu32)
    i.fputc                                  0x08003360   Section        0  usart.o(i.fputc)
    i.get_seed_32                            0x08003374   Section        0  core_util.o(i.get_seed_32)
    i.get_time                               0x080033b4   Section        0  core_portme.o(i.get_time)
    i.main                                   0x080033c0   Section        0  core_main.o(i.main)
    i.matrix_sum                             0x08003d38   Section        0  core_matrix.o(i.matrix_sum)
    i.matrix_test                            0x08003d94   Section        0  core_matrix.o(i.matrix_test)
    i.portable_fini                          0x0800405e   Section        0  core_portme.o(i.portable_fini)
    i.portable_init                          0x08004064   Section        0  core_portme.o(i.portable_init)
    i.start_time                             0x080040d4   Section        0  core_portme.o(i.start_time)
    i.stop_time                              0x08004114   Section        0  core_portme.o(i.stop_time)
    i.time_in_secs                           0x08004128   Section        0  core_portme.o(i.time_in_secs)
    i.uart_init                              0x08004140   Section        0  usart.o(i.uart_init)
    locale$$code                             0x08004178   Section       44  lc_numeric_c.o(locale$$code)
    x$fpl$dcmpinf                            0x080041a4   Section       24  dcmpi.o(x$fpl$dcmpinf)
    x$fpl$ddiv                               0x080041bc   Section      688  ddiv.o(x$fpl$ddiv)
    ddiv_entry                               0x080041c3   Thumb Code     0  ddiv.o(x$fpl$ddiv)
    x$fpl$dfixu                              0x0800446c   Section       90  dfixu.o(x$fpl$dfixu)
    x$fpl$dfltu                              0x080044c6   Section       38  dflt_clz.o(x$fpl$dfltu)
    x$fpl$dleqf                              0x080044ec   Section      120  dleqf.o(x$fpl$dleqf)
    x$fpl$dnaninf                            0x08004564   Section      156  dnaninf.o(x$fpl$dnaninf)
    x$fpl$dretinf                            0x08004600   Section       12  dretinf.o(x$fpl$dretinf)
    x$fpl$drleqf                             0x0800460c   Section      108  drleqf.o(x$fpl$drleqf)
    x$fpl$printf1                            0x08004678   Section        4  printf1.o(x$fpl$printf1)
    .constdata                               0x0800467c   Section       16  stm32f4xx_hal_rcc.o(.constdata)
    x$fpl$usenofp                            0x0800467c   Section        0  usenofp.o(x$fpl$usenofp)
    .constdata                               0x0800468c   Section       40  _printf_hex_int.o(.constdata)
    uc_hextab                                0x0800468c   Data          20  _printf_hex_int.o(.constdata)
    lc_hextab                                0x080046a0   Data          20  _printf_hex_int.o(.constdata)
    .constdata                               0x080046b4   Section       17  __printf_flags_ss_wp.o(.constdata)
    maptable                                 0x080046b4   Data          17  __printf_flags_ss_wp.o(.constdata)
    .constdata                               0x080046c8   Section      148  bigflt0.o(.constdata)
    tenpwrs_x                                0x080046c8   Data          60  bigflt0.o(.constdata)
    tenpwrs_i                                0x08004704   Data          64  bigflt0.o(.constdata)
    .conststring                             0x0800475c   Section      175  core_main.o(.conststring)
    .conststring                             0x0800480c   Section      173  core_state.o(.conststring)
    locale$$data                             0x080048dc   Section       28  lc_numeric_c.o(locale$$data)
    __lcnum_c_name                           0x080048e0   Data           2  lc_numeric_c.o(locale$$data)
    __lcnum_c_start                          0x080048e8   Data           0  lc_numeric_c.o(locale$$data)
    __lcnum_c_point                          0x080048f4   Data           0  lc_numeric_c.o(locale$$data)
    __lcnum_c_thousands                      0x080048f6   Data           0  lc_numeric_c.o(locale$$data)
    __lcnum_c_grouping                       0x080048f7   Data           0  lc_numeric_c.o(locale$$data)
    __lcnum_c_end                            0x080048f8   Data           0  lc_numeric_c.o(locale$$data)
    .data                                    0x20000000   Section       20  system_stm32f4xx.o(.data)
    .data                                    0x20000014   Section        4  stm32f4xx_hal.o(.data)
    uwTick                                   0x20000014   Data           4  stm32f4xx_hal.o(.data)
    .data                                    0x20000018   Section        4  usart.o(.data)
    .data                                    0x2000001c   Section        4  usart.o(.data)
    .data                                    0x20000020   Section       30  core_main.o(.data)
    list_known_crc                           0x20000020   Data          10  core_main.o(.data)
    matrix_known_crc                         0x2000002a   Data          10  core_main.o(.data)
    state_known_crc                          0x20000034   Data          10  core_main.o(.data)
    .data                                    0x20000040   Section        4  core_portme.o(.data)
    .data                                    0x20000044   Section        4  core_portme.o(.data)
    .data                                    0x20000048   Section        4  core_portme.o(.data)
    .data                                    0x2000004c   Section        4  core_portme.o(.data)
    .data                                    0x20000050   Section        4  core_portme.o(.data)
    .data                                    0x20000054   Section        4  core_portme.o(.data)
    .data                                    0x20000058   Section        4  core_portme.o(.data)
    .data                                    0x2000005c   Section       64  core_state.o(.data)
    intpat                                   0x2000005c   Data          16  core_state.o(.data)
    floatpat                                 0x2000006c   Data          16  core_state.o(.data)
    scipat                                   0x2000007c   Data          16  core_state.o(.data)
    errpat                                   0x2000008c   Data          16  core_state.o(.data)
    .bss                                     0x2000009c   Section      264  usart.o(.bss)
    .bss                                     0x200001a4   Section       96  libspace.o(.bss)
    HEAP                                     0x20000208   Section      512  startup_stm32f429xx.o(HEAP)
    Heap_Mem                                 0x20000208   Data         512  startup_stm32f429xx.o(HEAP)
    STACK                                    0x20000408   Section     8192  startup_stm32f429xx.o(STACK)
    Stack_Mem                                0x20000408   Data        8192  startup_stm32f429xx.o(STACK)
    __initial_sp                             0x20002408   Data           0  startup_stm32f429xx.o(STACK)

    Global Symbols

    Symbol Name                              Value     Ov Type        Size  Object(Section)

    BuildAttributes$$THM_ISAv4$E$P$D$K$B$S$7EM$PE$A:L22UL41UL21$X:L11$S22US41US21$IEEE1$IW$USESV6$~STKCKD$USESV7$~SHL$OTIME$ROPI$IEEEJ$EBA8$UX$STANDARDLIB$REQ8$PRES8$EABIv2 0x00000000   Number         0  anon$$obj.o ABSOLUTE
    _printf_flags                            0x00000000   Number         0  printf_stubs.o ABSOLUTE
    _printf_return_value                     0x00000000   Number         0  printf_stubs.o ABSOLUTE
    _printf_sizespec                         0x00000000   Number         0  printf_stubs.o ABSOLUTE
    _printf_widthprec                        0x00000000   Number         0  printf_stubs.o ABSOLUTE
    __ARM_exceptions_init                     - Undefined Weak Reference
    __alloca_initialize                       - Undefined Weak Reference
    __arm_preinit_                            - Undefined Weak Reference
    __cpp_initialize__aeabi_                  - Undefined Weak Reference
    __cxa_finalize                            - Undefined Weak Reference
    __sigvec_lookup                           - Undefined Weak Reference
    _atexit_init                              - Undefined Weak Reference
    _call_atexit_fns                          - Undefined Weak Reference
    _clock_init                               - Undefined Weak Reference
    _fp_trap_init                             - Undefined Weak Reference
    _fp_trap_shutdown                         - Undefined Weak Reference
    _get_lc_collate                           - Undefined Weak Reference
    _get_lc_ctype                             - Undefined Weak Reference
    _get_lc_monetary                          - Undefined Weak Reference
    _get_lc_time                              - Undefined Weak Reference
    _getenv_init                              - Undefined Weak Reference
    _handle_redirection                       - Undefined Weak Reference
    _init_alloc                               - Undefined Weak Reference
    _init_user_alloc                          - Undefined Weak Reference
    _initio                                   - Undefined Weak Reference
    _mutex_acquire                            - Undefined Weak Reference
    _mutex_release                            - Undefined Weak Reference
    _printf_mbtowc                            - Undefined Weak Reference
    _printf_truncate_signed                   - Undefined Weak Reference
    _printf_truncate_unsigned                 - Undefined Weak Reference
    _rand_init                                - Undefined Weak Reference
    _signal_finish                            - Undefined Weak Reference
    _signal_init                              - Undefined Weak Reference
    _terminate_alloc                          - Undefined Weak Reference
    _terminate_user_alloc                     - Undefined Weak Reference
    _terminateio                              - Undefined Weak Reference
    __Vectors_Size                           0x000001ac   Number         0  startup_stm32f429xx.o ABSOLUTE
    __Vectors                                0x08000000   Data           4  startup_stm32f429xx.o(RESET)
    __Vectors_End                            0x080001ac   Data           0  startup_stm32f429xx.o(RESET)
    __main                                   0x080001ad   Thumb Code     8  __main.o(!!!main)
    __scatterload                            0x080001b5   Thumb Code     0  __scatter.o(!!!scatter)
    __scatterload_rt2                        0x080001b5   Thumb Code    44  __scatter.o(!!!scatter)
    __scatterload_rt2_thumb_only             0x080001b5   Thumb Code     0  __scatter.o(!!!scatter)
    __scatterload_null                       0x080001c3   Thumb Code     0  __scatter.o(!!!scatter)
    __scatterload_copy                       0x080001e9   Thumb Code    26  __scatter_copy.o(!!handler_copy)
    __scatterload_zeroinit                   0x08000205   Thumb Code    28  __scatter_zi.o(!!handler_zi)
    _printf_f                                0x08000221   Thumb Code     0  _printf_f.o(.ARM.Collect$$_printf_percent$$00000003)
    _printf_percent                          0x08000221   Thumb Code     0  _printf_percent.o(.ARM.Collect$$_printf_percent$$00000000)
    _printf_d                                0x08000227   Thumb Code     0  _printf_d.o(.ARM.Collect$$_printf_percent$$00000009)
    _printf_u                                0x0800022d   Thumb Code     0  _printf_u.o(.ARM.Collect$$_printf_percent$$0000000A)
    _printf_x                                0x08000233   Thumb Code     0  _printf_x.o(.ARM.Collect$$_printf_percent$$0000000C)
    _printf_s                                0x08000239   Thumb Code     0  _printf_s.o(.ARM.Collect$$_printf_percent$$00000014)
    _printf_percent_end                      0x0800023f   Thumb Code     0  _printf_percent_end.o(.ARM.Collect$$_printf_percent$$00000017)
    __rt_lib_init                            0x08000243   Thumb Code     0  libinit.o(.ARM.Collect$$libinit$$00000000)
    __rt_lib_init_fp_1                       0x08000245   Thumb Code     0  libinit2.o(.ARM.Collect$$libinit$$00000002)
    __rt_lib_init_heap_1                     0x08000245   Thumb Code     0  libinit2.o(.ARM.Collect$$libinit$$0000000A)
    __rt_lib_init_lc_common                  0x08000245   Thumb Code     0  libinit2.o(.ARM.Collect$$libinit$$0000000F)
    __rt_lib_init_preinit_1                  0x08000245   Thumb Code     0  libinit2.o(.ARM.Collect$$libinit$$00000004)
    __rt_lib_init_rand_1                     0x08000245   Thumb Code     0  libinit2.o(.ARM.Collect$$libinit$$0000000E)
    __rt_lib_init_user_alloc_1               0x08000245   Thumb Code     0  libinit2.o(.ARM.Collect$$libinit$$0000000C)
    __rt_lib_init_lc_collate_1               0x0800024b   Thumb Code     0  libinit2.o(.ARM.Collect$$libinit$$00000011)
    __rt_lib_init_lc_ctype_1                 0x0800024b   Thumb Code     0  libinit2.o(.ARM.Collect$$libinit$$00000013)
    __rt_lib_init_lc_monetary_1              0x0800024b   Thumb Code     0  libinit2.o(.ARM.Collect$$libinit$$00000015)
    __rt_lib_init_lc_numeric_2               0x0800024b   Thumb Code     0  libinit2.o(.ARM.Collect$$libinit$$00000016)
    __rt_lib_init_argv_1                     0x08000255   Thumb Code     0  libinit2.o(.ARM.Collect$$libinit$$00000027)
    __rt_lib_init_atexit_1                   0x08000255   Thumb Code     0  libinit2.o(.ARM.Collect$$libinit$$0000001B)
    __rt_lib_init_clock_1                    0x08000255   Thumb Code     0  libinit2.o(.ARM.Collect$$libinit$$00000021)
    __rt_lib_init_fp_trap_1                  0x08000255   Thumb Code     0  libinit2.o(.ARM.Collect$$libinit$$0000001F)
    __rt_lib_init_getenv_1                   0x08000255   Thumb Code     0  libinit2.o(.ARM.Collect$$libinit$$00000023)
    __rt_lib_init_heapregion_libspace_used   0x08000255   Thumb Code     0  libinit2.o(.ARM.Collect$$libinit$$00000027)
    __rt_lib_init_lc_numeric_1               0x08000255   Thumb Code     0  libinit2.o(.ARM.Collect$$libinit$$00000017)
    __rt_lib_init_lc_time_1                  0x08000255   Thumb Code     0  libinit2.o(.ARM.Collect$$libinit$$00000019)
    __rt_lib_init_signal_1                   0x08000255   Thumb Code     0  libinit2.o(.ARM.Collect$$libinit$$0000001D)
    __rt_lib_init_stdio_1                    0x08000255   Thumb Code     0  libinit2.o(.ARM.Collect$$libinit$$00000025)
    __rt_lib_init_alloca_1                   0x0800025d   Thumb Code     0  libinit2.o(.ARM.Collect$$libinit$$0000002E)
    __rt_lib_init_cpp_1                      0x0800025d   Thumb Code     0  libinit2.o(.ARM.Collect$$libinit$$00000032)
    __rt_lib_init_exceptions_1               0x0800025d   Thumb Code     0  libinit2.o(.ARM.Collect$$libinit$$00000030)
    __rt_lib_init_return                     0x0800025d   Thumb Code     0  libinit2.o(.ARM.Collect$$libinit$$00000033)
    __rt_lib_shutdown                        0x0800025f   Thumb Code     0  libshutdown.o(.ARM.Collect$$libshutdown$$00000000)
    __rt_lib_shutdown_fp_trap_1              0x08000261   Thumb Code     0  libshutdown2.o(.ARM.Collect$$libshutdown$$00000006)
    __rt_lib_shutdown_heap_1                 0x08000261   Thumb Code     0  libshutdown2.o(.ARM.Collect$$libshutdown$$0000000E)
    __rt_lib_shutdown_return                 0x08000261   Thumb Code     0  libshutdown2.o(.ARM.Collect$$libshutdown$$0000000F)
    __rt_lib_shutdown_signal_1               0x08000261   Thumb Code     0  libshutdown2.o(.ARM.Collect$$libshutdown$$00000009)
    __rt_lib_shutdown_stdio_1                0x08000261   Thumb Code     0  libshutdown2.o(.ARM.Collect$$libshutdown$$00000003)
    __rt_lib_shutdown_user_alloc_1           0x08000261   Thumb Code     0  libshutdown2.o(.ARM.Collect$$libshutdown$$0000000B)
    __rt_entry                               0x08000263   Thumb Code     0  __rtentry.o(.ARM.Collect$$rtentry$$00000000)
    __rt_entry_presh_1                       0x08000263   Thumb Code     0  __rtentry2.o(.ARM.Collect$$rtentry$$00000002)
    __rt_entry_sh                            0x08000263   Thumb Code     0  __rtentry4.o(.ARM.Collect$$rtentry$$00000004)
    __rt_entry_li                            0x08000269   Thumb Code     0  __rtentry2.o(.ARM.Collect$$rtentry$$0000000A)
    __rt_entry_postsh_1                      0x08000269   Thumb Code     0  __rtentry2.o(.ARM.Collect$$rtentry$$00000009)
    __rt_entry_main                          0x0800026d   Thumb Code     0  __rtentry2.o(.ARM.Collect$$rtentry$$0000000D)
    __rt_entry_postli_1                      0x0800026d   Thumb Code     0  __rtentry2.o(.ARM.Collect$$rtentry$$0000000C)
    __rt_exit                                0x08000275   Thumb Code     0  rtexit.o(.ARM.Collect$$rtexit$$00000000)
    __rt_exit_ls                             0x08000277   Thumb Code     0  rtexit2.o(.ARM.Collect$$rtexit$$00000003)
    __rt_exit_prels_1                        0x08000277   Thumb Code     0  rtexit2.o(.ARM.Collect$$rtexit$$00000002)
    __rt_exit_exit                           0x0800027b   Thumb Code     0  rtexit2.o(.ARM.Collect$$rtexit$$00000004)
    __ARM_argv_veneer                        0x08000281   Thumb Code     4  argv_veneer.o(.emb_text)
    Reset_Handler                            0x08000285   Thumb Code     8  startup_stm32f429xx.o(.text)
    ADC_IRQHandler                           0x0800029f   Thumb Code     0  startup_stm32f429xx.o(.text)
    CAN1_RX0_IRQHandler                      0x0800029f   Thumb Code     0  startup_stm32f429xx.o(.text)
    CAN1_RX1_IRQHandler                      0x0800029f   Thumb Code     0  startup_stm32f429xx.o(.text)
    CAN1_SCE_IRQHandler                      0x0800029f   Thumb Code     0  startup_stm32f429xx.o(.text)
    CAN1_TX_IRQHandler                       0x0800029f   Thumb Code     0  startup_stm32f429xx.o(.text)
    CAN2_RX0_IRQHandler                      0x0800029f   Thumb Code     0  startup_stm32f429xx.o(.text)
    CAN2_RX1_IRQHandler                      0x0800029f   Thumb Code     0  startup_stm32f429xx.o(.text)
    CAN2_SCE_IRQHandler                      0x0800029f   Thumb Code     0  startup_stm32f429xx.o(.text)
    CAN2_TX_IRQHandler                       0x0800029f   Thumb Code     0  startup_stm32f429xx.o(.text)
    DCMI_IRQHandler                          0x0800029f   Thumb Code     0  startup_stm32f429xx.o(.text)
    DMA1_Stream0_IRQHandler                  0x0800029f   Thumb Code     0  startup_stm32f429xx.o(.text)
    DMA1_Stream1_IRQHandler                  0x0800029f   Thumb Code     0  startup_stm32f429xx.o(.text)
    DMA1_Stream2_IRQHandler                  0x0800029f   Thumb Code     0  startup_stm32f429xx.o(.text)
    DMA1_Stream3_IRQHandler                  0x0800029f   Thumb Code     0  startup_stm32f429xx.o(.text)
    DMA1_Stream4_IRQHandler                  0x0800029f   Thumb Code     0  startup_stm32f429xx.o(.text)
    DMA1_Stream5_IRQHandler                  0x0800029f   Thumb Code     0  startup_stm32f429xx.o(.text)
    DMA1_Stream6_IRQHandler                  0x0800029f   Thumb Code     0  startup_stm32f429xx.o(.text)
    DMA1_Stream7_IRQHandler                  0x0800029f   Thumb Code     0  startup_stm32f429xx.o(.text)
    DMA2D_IRQHandler                         0x0800029f   Thumb Code     0  startup_stm32f429xx.o(.text)
    DMA2_Stream0_IRQHandler                  0x0800029f   Thumb Code     0  startup_stm32f429xx.o(.text)
    DMA2_Stream1_IRQHandler                  0x0800029f   Thumb Code     0  startup_stm32f429xx.o(.text)
    DMA2_Stream2_IRQHandler                  0x0800029f   Thumb Code     0  startup_stm32f429xx.o(.text)
    DMA2_Stream3_IRQHandler                  0x0800029f   Thumb Code     0  startup_stm32f429xx.o(.text)
    DMA2_Stream4_IRQHandler                  0x0800029f   Thumb Code     0  startup_stm32f429xx.o(.text)
    DMA2_Stream5_IRQHandler                  0x0800029f   Thumb Code     0  startup_stm32f429xx.o(.text)
    DMA2_Stream6_IRQHandler                  0x0800029f   Thumb Code     0  startup_stm32f429xx.o(.text)
    DMA2_Stream7_IRQHandler                  0x0800029f   Thumb Code     0  startup_stm32f429xx.o(.text)
    ETH_IRQHandler                           0x0800029f   Thumb Code     0  startup_stm32f429xx.o(.text)
    ETH_WKUP_IRQHandler                      0x0800029f   Thumb Code     0  startup_stm32f429xx.o(.text)
    EXTI0_IRQHandler                         0x0800029f   Thumb Code     0  startup_stm32f429xx.o(.text)
    EXTI15_10_IRQHandler                     0x0800029f   Thumb Code     0  startup_stm32f429xx.o(.text)
    EXTI1_IRQHandler                         0x0800029f   Thumb Code     0  startup_stm32f429xx.o(.text)
    EXTI2_IRQHandler                         0x0800029f   Thumb Code     0  startup_stm32f429xx.o(.text)
    EXTI3_IRQHandler                         0x0800029f   Thumb Code     0  startup_stm32f429xx.o(.text)
    EXTI4_IRQHandler                         0x0800029f   Thumb Code     0  startup_stm32f429xx.o(.text)
    EXTI9_5_IRQHandler                       0x0800029f   Thumb Code     0  startup_stm32f429xx.o(.text)
    FLASH_IRQHandler                         0x0800029f   Thumb Code     0  startup_stm32f429xx.o(.text)
    FMC_IRQHandler                           0x0800029f   Thumb Code     0  startup_stm32f429xx.o(.text)
    FPU_IRQHandler                           0x0800029f   Thumb Code     0  startup_stm32f429xx.o(.text)
    HASH_RNG_IRQHandler                      0x0800029f   Thumb Code     0  startup_stm32f429xx.o(.text)
    I2C1_ER_IRQHandler                       0x0800029f   Thumb Code     0  startup_stm32f429xx.o(.text)
    I2C1_EV_IRQHandler                       0x0800029f   Thumb Code     0  startup_stm32f429xx.o(.text)
    I2C2_ER_IRQHandler                       0x0800029f   Thumb Code     0  startup_stm32f429xx.o(.text)
    I2C2_EV_IRQHandler                       0x0800029f   Thumb Code     0  startup_stm32f429xx.o(.text)
    I2C3_ER_IRQHandler                       0x0800029f   Thumb Code     0  startup_stm32f429xx.o(.text)
    I2C3_EV_IRQHandler                       0x0800029f   Thumb Code     0  startup_stm32f429xx.o(.text)
    LTDC_ER_IRQHandler                       0x0800029f   Thumb Code     0  startup_stm32f429xx.o(.text)
    LTDC_IRQHandler                          0x0800029f   Thumb Code     0  startup_stm32f429xx.o(.text)
    OTG_FS_IRQHandler                        0x0800029f   Thumb Code     0  startup_stm32f429xx.o(.text)
    OTG_FS_WKUP_IRQHandler                   0x0800029f   Thumb Code     0  startup_stm32f429xx.o(.text)
    OTG_HS_EP1_IN_IRQHandler                 0x0800029f   Thumb Code     0  startup_stm32f429xx.o(.text)
    OTG_HS_EP1_OUT_IRQHandler                0x0800029f   Thumb Code     0  startup_stm32f429xx.o(.text)
    OTG_HS_IRQHandler                        0x0800029f   Thumb Code     0  startup_stm32f429xx.o(.text)
    OTG_HS_WKUP_IRQHandler                   0x0800029f   Thumb Code     0  startup_stm32f429xx.o(.text)
    PVD_IRQHandler                           0x0800029f   Thumb Code     0  startup_stm32f429xx.o(.text)
    RCC_IRQHandler                           0x0800029f   Thumb Code     0  startup_stm32f429xx.o(.text)
    RTC_Alarm_IRQHandler                     0x0800029f   Thumb Code     0  startup_stm32f429xx.o(.text)
    RTC_WKUP_IRQHandler                      0x0800029f   Thumb Code     0  startup_stm32f429xx.o(.text)
    SAI1_IRQHandler                          0x0800029f   Thumb Code     0  startup_stm32f429xx.o(.text)
    SDIO_IRQHandler                          0x0800029f   Thumb Code     0  startup_stm32f429xx.o(.text)
    SPI1_IRQHandler                          0x0800029f   Thumb Code     0  startup_stm32f429xx.o(.text)
    SPI2_IRQHandler                          0x0800029f   Thumb Code     0  startup_stm32f429xx.o(.text)
    SPI3_IRQHandler                          0x0800029f   Thumb Code     0  startup_stm32f429xx.o(.text)
    SPI4_IRQHandler                          0x0800029f   Thumb Code     0  startup_stm32f429xx.o(.text)
    SPI5_IRQHandler                          0x0800029f   Thumb Code     0  startup_stm32f429xx.o(.text)
    SPI6_IRQHandler                          0x0800029f   Thumb Code     0  startup_stm32f429xx.o(.text)
    TAMP_STAMP_IRQHandler                    0x0800029f   Thumb Code     0  startup_stm32f429xx.o(.text)
    TIM1_BRK_TIM9_IRQHandler                 0x0800029f   Thumb Code     0  startup_stm32f429xx.o(.text)
    TIM1_CC_IRQHandler                       0x0800029f   Thumb Code     0  startup_stm32f429xx.o(.text)
    TIM1_TRG_COM_TIM11_IRQHandler            0x0800029f   Thumb Code     0  startup_stm32f429xx.o(.text)
    TIM1_UP_TIM10_IRQHandler                 0x0800029f   Thumb Code     0  startup_stm32f429xx.o(.text)
    TIM2_IRQHandler                          0x0800029f   Thumb Code     0  startup_stm32f429xx.o(.text)
    TIM3_IRQHandler                          0x0800029f   Thumb Code     0  startup_stm32f429xx.o(.text)
    TIM4_IRQHandler                          0x0800029f   Thumb Code     0  startup_stm32f429xx.o(.text)
    TIM5_IRQHandler                          0x0800029f   Thumb Code     0  startup_stm32f429xx.o(.text)
    TIM6_DAC_IRQHandler                      0x0800029f   Thumb Code     0  startup_stm32f429xx.o(.text)
    TIM7_IRQHandler                          0x0800029f   Thumb Code     0  startup_stm32f429xx.o(.text)
    TIM8_BRK_TIM12_IRQHandler                0x0800029f   Thumb Code     0  startup_stm32f429xx.o(.text)
    TIM8_CC_IRQHandler                       0x0800029f   Thumb Code     0  startup_stm32f429xx.o(.text)
    TIM8_TRG_COM_TIM14_IRQHandler            0x0800029f   Thumb Code     0  startup_stm32f429xx.o(.text)
    TIM8_UP_TIM13_IRQHandler                 0x0800029f   Thumb Code     0  startup_stm32f429xx.o(.text)
    UART4_IRQHandler                         0x0800029f   Thumb Code     0  startup_stm32f429xx.o(.text)
    UART5_IRQHandler                         0x0800029f   Thumb Code     0  startup_stm32f429xx.o(.text)
    UART7_IRQHandler                         0x0800029f   Thumb Code     0  startup_stm32f429xx.o(.text)
    UART8_IRQHandler                         0x0800029f   Thumb Code     0  startup_stm32f429xx.o(.text)
    USART2_IRQHandler                        0x0800029f   Thumb Code     0  startup_stm32f429xx.o(.text)
    USART3_IRQHandler                        0x0800029f   Thumb Code     0  startup_stm32f429xx.o(.text)
    USART6_IRQHandler                        0x0800029f   Thumb Code     0  startup_stm32f429xx.o(.text)
    WWDG_IRQHandler                          0x0800029f   Thumb Code     0  startup_stm32f429xx.o(.text)
    __user_initial_stackheap                 0x080002a1   Thumb Code     0  startup_stm32f429xx.o(.text)
    __use_no_semihosting                     0x080002c5   Thumb Code     2  use_no_semi_2.o(.text)
    __2printf                                0x080002c9   Thumb Code    20  noretval__2printf.o(.text)
    _printf_pre_padding                      0x080002e1   Thumb Code    44  _printf_pad.o(.text)
    _printf_post_padding                     0x0800030d   Thumb Code    34  _printf_pad.o(.text)
    _printf_str                              0x0800032f   Thumb Code    82  _printf_str.o(.text)
    _printf_int_dec                          0x08000381   Thumb Code   104  _printf_dec.o(.text)
    _printf_int_hex                          0x080003f9   Thumb Code    84  _printf_hex_int.o(.text)
    _printf_longlong_hex                     0x080003f9   Thumb Code     0  _printf_hex_int.o(.text)
    __printf                                 0x08000451   Thumb Code   388  __printf_flags_ss_wp.o(.text)
    __use_two_region_memory                  0x080005d9   Thumb Code     2  heapauxi.o(.text)
    __rt_heap_escrow$2region                 0x080005db   Thumb Code     2  heapauxi.o(.text)
    __rt_heap_expand$2region                 0x080005dd   Thumb Code     2  heapauxi.o(.text)
    __semihosting$guard                      0x080005df   Thumb Code     0  use_no_semi.o(.text)
    __use_no_semihosting_swi                 0x080005df   Thumb Code     2  use_no_semi.o(.text)
    _printf_int_common                       0x080005e1   Thumb Code   178  _printf_intcommon.o(.text)
    __lib_sel_fp_printf                      0x08000693   Thumb Code     2  _printf_fp_dec.o(.text)
    _printf_fp_dec_real                      0x08000841   Thumb Code   620  _printf_fp_dec.o(.text)
    _printf_cs_common                        0x08000aad   Thumb Code    20  _printf_char.o(.text)
    _printf_char                             0x08000ac1   Thumb Code    16  _printf_char.o(.text)
    _printf_string                           0x08000ad1   Thumb Code     8  _printf_char.o(.text)
    _printf_char_file                        0x08000ad9   Thumb Code    32  _printf_char_file.o(.text)
    __rt_locale                              0x08000afd   Thumb Code     8  rt_locale_intlibspace.o(.text)
    _ll_udiv10                               0x08000b05   Thumb Code   138  lludiv10.o(.text)
    _printf_char_common                      0x08000b9b   Thumb Code    32  _printf_char_common.o(.text)
    _printf_fp_infnan                        0x08000bc1   Thumb Code   112  _printf_fp_infnan.o(.text)
    _btod_etento                             0x08000c41   Thumb Code   216  bigflt0.o(.text)
    ferror                                   0x08000d1d   Thumb Code     8  ferror.o(.text)
    __user_libspace                          0x08000d25   Thumb Code     8  libspace.o(.text)
    __user_perproc_libspace                  0x08000d25   Thumb Code     0  libspace.o(.text)
    __user_perthread_libspace                0x08000d25   Thumb Code     0  libspace.o(.text)
    __user_setup_stackheap                   0x08000d2d   Thumb Code    74  sys_stackheap_outer.o(.text)
    exit                                     0x08000d77   Thumb Code    12  exit.o(.text)
    strcmp                                   0x08000d85   Thumb Code   128  strcmpv7m.o(.text)
    __argv_alloc                             0x08000e05   Thumb Code    34  _get_argv_nomalloc.o(.text)
    __ARM_get_argv                           0x08000e27   Thumb Code   268  _get_argv_nomalloc.o(.text)
    __use_no_heap_region                     0x08000f33   Thumb Code     2  hrguard.o(.text)
    __heap_region$guard                      0x08000f35   Thumb Code     2  hrguard.o(.text)
    __rt_SIGRTMEM                            0x08000f37   Thumb Code    14  defsig_rtmem_outer.o(.text)
    __sig_exit                               0x08000f45   Thumb Code    10  defsig_exit.o(.text)
    __rt_SIGRTMEM_inner                      0x08000f51   Thumb Code    22  defsig_rtmem_inner.o(.text)
    __default_signal_display                 0x08000fa1   Thumb Code    50  defsig_general.o(.text)
    _btod_d2e                                0x08000fd3   Thumb Code    62  btod.o(CL$$btod_d2e)
    _d2e_denorm_low                          0x08001011   Thumb Code    70  btod.o(CL$$btod_d2e_denorm_low)
    _d2e_norm_op1                            0x08001057   Thumb Code    96  btod.o(CL$$btod_d2e_norm_op1)
    __btod_div_common                        0x080010b7   Thumb Code   696  btod.o(CL$$btod_div_common)
    _e2e                                     0x080013ef   Thumb Code   198  btod.o(CL$$btod_e2e)
    _btod_ediv                               0x080014b5   Thumb Code    40  btod.o(CL$$btod_ediv)
    _btod_emul                               0x080014dd   Thumb Code    40  btod.o(CL$$btod_emul)
    __btod_mult_common                       0x08001505   Thumb Code   580  btod.o(CL$$btod_mult_common)
    BusFault_Handler                         0x08001749   Thumb Code     2  stm32f4xx_it.o(i.BusFault_Handler)
    DebugMon_Handler                         0x0800174b   Thumb Code     2  stm32f4xx_it.o(i.DebugMon_Handler)
    HAL_GPIO_Init                            0x0800174d   Thumb Code   582  stm32f4xx_hal_gpio.o(i.HAL_GPIO_Init)
    HAL_GetTick                              0x080019a9   Thumb Code     6  stm32f4xx_hal.o(i.HAL_GetTick)
    HAL_Init                                 0x080019b5   Thumb Code    48  stm32f4xx_hal.o(i.HAL_Init)
    HAL_InitTick                             0x080019e9   Thumb Code    34  stm32f4xx_hal.o(i.HAL_InitTick)
    HAL_MspInit                              0x08001a0b   Thumb Code    10  stm32f4xx_hal.o(i.HAL_MspInit)
    HAL_NVIC_EnableIRQ                       0x08001a15   Thumb Code    24  stm32f4xx_hal_cortex.o(i.HAL_NVIC_EnableIRQ)
    HAL_NVIC_SetPriority                     0x08001a2d   Thumb Code    96  stm32f4xx_hal_cortex.o(i.HAL_NVIC_SetPriority)
    HAL_NVIC_SetPriorityGrouping             0x08001a91   Thumb Code    30  stm32f4xx_hal_cortex.o(i.HAL_NVIC_SetPriorityGrouping)
    HAL_PWREx_EnableOverDrive                0x08001ab5   Thumb Code   148  stm32f4xx_hal_pwr_ex.o(i.HAL_PWREx_EnableOverDrive)
    HAL_RCC_ClockConfig                      0x08001b51   Thumb Code   546  stm32f4xx_hal_rcc.o(i.HAL_RCC_ClockConfig)
    HAL_RCC_GetHCLKFreq                      0x08001d81   Thumb Code    38  stm32f4xx_hal_rcc.o(i.HAL_RCC_GetHCLKFreq)
    HAL_RCC_GetPCLK1Freq                     0x08001db5   Thumb Code    64  stm32f4xx_hal_rcc.o(i.HAL_RCC_GetPCLK1Freq)
    HAL_RCC_GetPCLK2Freq                     0x08001e01   Thumb Code    64  stm32f4xx_hal_rcc.o(i.HAL_RCC_GetPCLK2Freq)
    HAL_RCC_GetSysClockFreq                  0x08001e4d   Thumb Code   132  stm32f4xx_hal_rcc.o(i.HAL_RCC_GetSysClockFreq)
    HAL_RCC_OscConfig                        0x08001ee1   Thumb Code   908  stm32f4xx_hal_rcc.o(i.HAL_RCC_OscConfig)
    HAL_SYSTICK_Config                       0x08002295   Thumb Code    38  stm32f4xx_hal_cortex.o(i.HAL_SYSTICK_Config)
    HAL_UART_ErrorCallback                   0x080022c1   Thumb Code     2  stm32f4xx_hal_uart.o(i.HAL_UART_ErrorCallback)
    HAL_UART_GetState                        0x080022c3   Thumb Code     6  stm32f4xx_hal_uart.o(i.HAL_UART_GetState)
    HAL_UART_IRQHandler                      0x080022c9   Thumb Code   500  stm32f4xx_hal_uart.o(i.HAL_UART_IRQHandler)
    HAL_UART_Init                            0x080024bd   Thumb Code    94  stm32f4xx_hal_uart.o(i.HAL_UART_Init)
    HAL_UART_MspInit                         0x0800251d   Thumb Code   118  usart.o(i.HAL_UART_MspInit)
    HAL_UART_Receive_IT                      0x080025a1   Thumb Code   104  stm32f4xx_hal_uart.o(i.HAL_UART_Receive_IT)
    HAL_UART_RxCpltCallback                  0x08002609   Thumb Code   104  usart.o(i.HAL_UART_RxCpltCallback)
    HAL_UART_TxCpltCallback                  0x08002679   Thumb Code     2  stm32f4xx_hal_uart.o(i.HAL_UART_TxCpltCallback)
    HardFault_Handler                        0x0800267b   Thumb Code     2  stm32f4xx_it.o(i.HardFault_Handler)
    MemManage_Handler                        0x0800267d   Thumb Code     2  stm32f4xx_it.o(i.MemManage_Handler)
    NMI_Handler                              0x0800267f   Thumb Code     2  stm32f4xx_it.o(i.NMI_Handler)
    PendSV_Handler                           0x08002681   Thumb Code     2  stm32f4xx_it.o(i.PendSV_Handler)
    SVC_Handler                              0x08002683   Thumb Code     2  stm32f4xx_it.o(i.SVC_Handler)
    Stm32_Clock_Init                         0x08002685   Thumb Code   148  sys.o(i.Stm32_Clock_Init)
    SysTick_Handler                          0x08002721   Thumb Code    10  stm32f4xx_it.o(i.SysTick_Handler)
    SystemInit                               0x08002731   Thumb Code    54  system_stm32f4xx.o(i.SystemInit)
    USART1_IRQHandler                        0x08002995   Thumb Code    82  usart.o(i.USART1_IRQHandler)
    UsageFault_Handler                       0x080029f5   Thumb Code     2  stm32f4xx_it.o(i.UsageFault_Handler)
    __ARM_fpclassify                         0x080029f7   Thumb Code    40  fpclassify.o(i.__ARM_fpclassify)
    _is_digit                                0x08002a1f   Thumb Code    14  __printf_wp.o(i._is_digit)
    _sys_command_string                      0x08002a2d   Thumb Code     2  usart.o(i._sys_command_string)
    _sys_exit                                0x08002a2f   Thumb Code     2  usart.o(i._sys_exit)
    _ttywrch                                 0x08002a31   Thumb Code     2  usart.o(i._ttywrch)
    calc_func                                0x08002a33   Thumb Code   142  core_list_join.o(i.calc_func)
    check_data_types                         0x08002ac1   Thumb Code     4  core_util.o(i.check_data_types)
    cmp_complex                              0x08002ac5   Thumb Code    26  core_list_join.o(i.cmp_complex)
    cmp_idx                                  0x08002adf   Thumb Code    42  core_list_join.o(i.cmp_idx)
    core_bench_list                          0x08002b09   Thumb Code   384  core_list_join.o(i.core_bench_list)
    core_bench_matrix                        0x08002c91   Thumb Code    34  core_matrix.o(i.core_bench_matrix)
    core_bench_state                         0x08002cb3   Thumb Code   236  core_state.o(i.core_bench_state)
    core_init_matrix                         0x08002da1   Thumb Code   166  core_matrix.o(i.core_init_matrix)
    core_init_state                          0x08002e49   Thumb Code   260  core_state.o(i.core_init_state)
    core_list_init                           0x08002f55   Thumb Code   264  core_list_join.o(i.core_list_init)
    core_list_mergesort                      0x08003065   Thumb Code   166  core_list_join.o(i.core_list_mergesort)
    core_state_transition                    0x0800310b   Thumb Code   418  core_state.o(i.core_state_transition)
    crc16                                    0x080032ad   Thumb Code    78  core_util.o(i.crc16)
    crcu16                                   0x080032fd   Thumb Code    74  core_util.o(i.crcu16)
    crcu32                                   0x08003347   Thumb Code    24  core_util.o(i.crcu32)
    fputc                                    0x08003361   Thumb Code    16  usart.o(i.fputc)
    get_seed_32                              0x08003375   Thumb Code    42  core_util.o(i.get_seed_32)
    get_time                                 0x080033b5   Thumb Code     6  core_portme.o(i.get_time)
    main                                     0x080033c1   Thumb Code  2378  core_main.o(i.main)
    matrix_sum                               0x08003d39   Thumb Code    92  core_matrix.o(i.matrix_sum)
    matrix_test                              0x08003d95   Thumb Code   714  core_matrix.o(i.matrix_test)
    portable_fini                            0x0800405f   Thumb Code     6  core_portme.o(i.portable_fini)
    portable_init                            0x08004065   Thumb Code    52  core_portme.o(i.portable_init)
    start_time                               0x080040d5   Thumb Code    50  core_portme.o(i.start_time)
    stop_time                                0x08004115   Thumb Code    18  core_portme.o(i.stop_time)
    time_in_secs                             0x08004129   Thumb Code    18  core_portme.o(i.time_in_secs)
    uart_init                                0x08004141   Thumb Code    44  usart.o(i.uart_init)
    _get_lc_numeric                          0x08004179   Thumb Code    44  lc_numeric_c.o(locale$$code)
    __fpl_dcmp_Inf                           0x080041a5   Thumb Code    24  dcmpi.o(x$fpl$dcmpinf)
    __aeabi_ddiv                             0x080041bd   Thumb Code     0  ddiv.o(x$fpl$ddiv)
    _ddiv                                    0x080041bd   Thumb Code   552  ddiv.o(x$fpl$ddiv)
    __aeabi_d2uiz                            0x0800446d   Thumb Code     0  dfixu.o(x$fpl$dfixu)
    _dfixu                                   0x0800446d   Thumb Code    90  dfixu.o(x$fpl$dfixu)
    __aeabi_ui2d                             0x080044c7   Thumb Code     0  dflt_clz.o(x$fpl$dfltu)
    _dfltu                                   0x080044c7   Thumb Code    38  dflt_clz.o(x$fpl$dfltu)
    __aeabi_cdcmple                          0x080044ed   Thumb Code     0  dleqf.o(x$fpl$dleqf)
    _dcmple                                  0x080044ed   Thumb Code   120  dleqf.o(x$fpl$dleqf)
    __fpl_dcmple_InfNaN                      0x0800454f   Thumb Code     0  dleqf.o(x$fpl$dleqf)
    __fpl_dnaninf                            0x08004565   Thumb Code   156  dnaninf.o(x$fpl$dnaninf)
    __fpl_dretinf                            0x08004601   Thumb Code    12  dretinf.o(x$fpl$dretinf)
    __aeabi_cdrcmple                         0x0800460d   Thumb Code     0  drleqf.o(x$fpl$drleqf)
    _drcmple                                 0x0800460d   Thumb Code   108  drleqf.o(x$fpl$drleqf)
    _printf_fp_dec                           0x08004679   Thumb Code     4  printf1.o(x$fpl$printf1)
    APBAHBPrescTable                         0x0800467c   Data          16  stm32f4xx_hal_rcc.o(.constdata)
    __I$use$fp                               0x0800467c   Number         0  usenofp.o(x$fpl$usenofp)
    Region$$Table$$Base                      0x080048bc   Number         0  anon$$obj.o(Region$$Table)
    Region$$Table$$Limit                     0x080048dc   Number         0  anon$$obj.o(Region$$Table)
    SystemCoreClock                          0x20000000   Data           4  system_stm32f4xx.o(.data)
    AHBPrescTable                            0x20000004   Data          16  system_stm32f4xx.o(.data)
    aRxBuffer                                0x20000018   Data           1  usart.o(.data)
    USART_RX_STA                             0x2000001a   Data           2  usart.o(.data)
    __stdout                                 0x2000001c   Data           4  usart.o(.data)
    seed1_volatile                           0x20000040   Data           4  core_portme.o(.data)
    seed2_volatile                           0x20000044   Data           4  core_portme.o(.data)
    seed3_volatile                           0x20000048   Data           4  core_portme.o(.data)
    seed4_volatile                           0x2000004c   Data           4  core_portme.o(.data)
    seed5_volatile                           0x20000050   Data           4  core_portme.o(.data)
    default_num_contexts                     0x20000054   Data           4  core_portme.o(.data)
    Tick                                     0x20000058   Data           4  core_portme.o(.data)
    USART_RX_BUF                             0x2000009c   Data         200  usart.o(.bss)
    UART1_Handler                            0x20000164   Data          64  usart.o(.bss)
    __libspace_start                         0x200001a4   Data          96  libspace.o(.bss)
    __temporary_stack_top$libspace           0x20000204   Data           0  libspace.o(.bss)



==============================================================================

Memory Map of the image

  Image Entry point : 0x080001ad

  Load Region LR_IROM1 (Base: 0x08000000, Size: 0x00004994, Max: 0x00100000, ABSOLUTE)

    Execution Region ER_IROM1 (Base: 0x08000000, Size: 0x000048f8, Max: 0x00100000, ABSOLUTE)

    Base Addr    Size         Type   Attr      Idx    E Section Name        Object

    0x08000000   0x000001ac   Data   RO          468    RESET               startup_stm32f429xx.o
    0x080001ac   0x00000008   Code   RO         2266  * !!!main             c_w.l(__main.o)
    0x080001b4   0x00000034   Code   RO         2502    !!!scatter          c_w.l(__scatter.o)
    0x080001e8   0x0000001a   Code   RO         2504    !!handler_copy      c_w.l(__scatter_copy.o)
    0x08000202   0x00000002   PAD
    0x08000204   0x0000001c   Code   RO         2506    !!handler_zi        c_w.l(__scatter_zi.o)
    0x08000220   0x00000000   Code   RO         2263    .ARM.Collect$$_printf_percent$$00000000  c_w.l(_printf_percent.o)
    0x08000220   0x00000006   Code   RO         2262    .ARM.Collect$$_printf_percent$$00000003  c_w.l(_printf_f.o)
    0x08000226   0x00000006   Code   RO         2260    .ARM.Collect$$_printf_percent$$00000009  c_w.l(_printf_d.o)
    0x0800022c   0x00000006   Code   RO         2261    .ARM.Collect$$_printf_percent$$0000000A  c_w.l(_printf_u.o)
    0x08000232   0x00000006   Code   RO         2259    .ARM.Collect$$_printf_percent$$0000000C  c_w.l(_printf_x.o)
    0x08000238   0x00000006   Code   RO         2258    .ARM.Collect$$_printf_percent$$00000014  c_w.l(_printf_s.o)
    0x0800023e   0x00000004   Code   RO         2299    .ARM.Collect$$_printf_percent$$00000017  c_w.l(_printf_percent_end.o)
    0x08000242   0x00000002   Code   RO         2385    .ARM.Collect$$libinit$$00000000  c_w.l(libinit.o)
    0x08000244   0x00000000   Code   RO         2387    .ARM.Collect$$libinit$$00000002  c_w.l(libinit2.o)
    0x08000244   0x00000000   Code   RO         2389    .ARM.Collect$$libinit$$00000004  c_w.l(libinit2.o)
    0x08000244   0x00000000   Code   RO         2392    .ARM.Collect$$libinit$$0000000A  c_w.l(libinit2.o)
    0x08000244   0x00000000   Code   RO         2394    .ARM.Collect$$libinit$$0000000C  c_w.l(libinit2.o)
    0x08000244   0x00000000   Code   RO         2396    .ARM.Collect$$libinit$$0000000E  c_w.l(libinit2.o)
    0x08000244   0x00000006   Code   RO         2397    .ARM.Collect$$libinit$$0000000F  c_w.l(libinit2.o)
    0x0800024a   0x00000000   Code   RO         2399    .ARM.Collect$$libinit$$00000011  c_w.l(libinit2.o)
    0x0800024a   0x00000000   Code   RO         2401    .ARM.Collect$$libinit$$00000013  c_w.l(libinit2.o)
    0x0800024a   0x00000000   Code   RO         2403    .ARM.Collect$$libinit$$00000015  c_w.l(libinit2.o)
    0x0800024a   0x0000000a   Code   RO         2404    .ARM.Collect$$libinit$$00000016  c_w.l(libinit2.o)
    0x08000254   0x00000000   Code   RO         2405    .ARM.Collect$$libinit$$00000017  c_w.l(libinit2.o)
    0x08000254   0x00000000   Code   RO         2407    .ARM.Collect$$libinit$$00000019  c_w.l(libinit2.o)
    0x08000254   0x00000000   Code   RO         2409    .ARM.Collect$$libinit$$0000001B  c_w.l(libinit2.o)
    0x08000254   0x00000000   Code   RO         2411    .ARM.Collect$$libinit$$0000001D  c_w.l(libinit2.o)
    0x08000254   0x00000000   Code   RO         2413    .ARM.Collect$$libinit$$0000001F  c_w.l(libinit2.o)
    0x08000254   0x00000000   Code   RO         2415    .ARM.Collect$$libinit$$00000021  c_w.l(libinit2.o)
    0x08000254   0x00000000   Code   RO         2417    .ARM.Collect$$libinit$$00000023  c_w.l(libinit2.o)
    0x08000254   0x00000000   Code   RO         2419    .ARM.Collect$$libinit$$00000025  c_w.l(libinit2.o)
    0x08000254   0x00000008   Code   RO         2421    .ARM.Collect$$libinit$$00000027  c_w.l(libinit2.o)
    0x0800025c   0x00000000   Code   RO         2425    .ARM.Collect$$libinit$$0000002E  c_w.l(libinit2.o)
    0x0800025c   0x00000000   Code   RO         2427    .ARM.Collect$$libinit$$00000030  c_w.l(libinit2.o)
    0x0800025c   0x00000000   Code   RO         2429    .ARM.Collect$$libinit$$00000032  c_w.l(libinit2.o)
    0x0800025c   0x00000002   Code   RO         2430    .ARM.Collect$$libinit$$00000033  c_w.l(libinit2.o)
    0x0800025e   0x00000002   Code   RO         2456    .ARM.Collect$$libshutdown$$00000000  c_w.l(libshutdown.o)
    0x08000260   0x00000000   Code   RO         2465    .ARM.Collect$$libshutdown$$00000003  c_w.l(libshutdown2.o)
    0x08000260   0x00000000   Code   RO         2468    .ARM.Collect$$libshutdown$$00000006  c_w.l(libshutdown2.o)
    0x08000260   0x00000000   Code   RO         2471    .ARM.Collect$$libshutdown$$00000009  c_w.l(libshutdown2.o)
    0x08000260   0x00000000   Code   RO         2473    .ARM.Collect$$libshutdown$$0000000B  c_w.l(libshutdown2.o)
    0x08000260   0x00000000   Code   RO         2476    .ARM.Collect$$libshutdown$$0000000E  c_w.l(libshutdown2.o)
    0x08000260   0x00000002   Code   RO         2477    .ARM.Collect$$libshutdown$$0000000F  c_w.l(libshutdown2.o)
    0x08000262   0x00000000   Code   RO         2290    .ARM.Collect$$rtentry$$00000000  c_w.l(__rtentry.o)
    0x08000262   0x00000000   Code   RO         2308    .ARM.Collect$$rtentry$$00000002  c_w.l(__rtentry2.o)
    0x08000262   0x00000006   Code   RO         2320    .ARM.Collect$$rtentry$$00000004  c_w.l(__rtentry4.o)
    0x08000268   0x00000000   Code   RO         2310    .ARM.Collect$$rtentry$$00000009  c_w.l(__rtentry2.o)
    0x08000268   0x00000004   Code   RO         2311    .ARM.Collect$$rtentry$$0000000A  c_w.l(__rtentry2.o)
    0x0800026c   0x00000000   Code   RO         2313    .ARM.Collect$$rtentry$$0000000C  c_w.l(__rtentry2.o)
    0x0800026c   0x00000008   Code   RO         2314    .ARM.Collect$$rtentry$$0000000D  c_w.l(__rtentry2.o)
    0x08000274   0x00000002   Code   RO         2431    .ARM.Collect$$rtexit$$00000000  c_w.l(rtexit.o)
    0x08000276   0x00000000   Code   RO         2438    .ARM.Collect$$rtexit$$00000002  c_w.l(rtexit2.o)
    0x08000276   0x00000004   Code   RO         2439    .ARM.Collect$$rtexit$$00000003  c_w.l(rtexit2.o)
    0x0800027a   0x00000006   Code   RO         2440    .ARM.Collect$$rtexit$$00000004  c_w.l(rtexit2.o)
    0x08000280   0x00000004   Code   RO         2433    .emb_text           c_w.l(argv_veneer.o)
    0x08000284   0x00000040   Code   RO          469    .text               startup_stm32f429xx.o
    0x080002c4   0x00000002   Code   RO         2203    .text               c_w.l(use_no_semi_2.o)
    0x080002c6   0x00000002   PAD
    0x080002c8   0x00000018   Code   RO         2207    .text               c_w.l(noretval__2printf.o)
    0x080002e0   0x0000004e   Code   RO         2211    .text               c_w.l(_printf_pad.o)
    0x0800032e   0x00000052   Code   RO         2213    .text               c_w.l(_printf_str.o)
    0x08000380   0x00000078   Code   RO         2215    .text               c_w.l(_printf_dec.o)
    0x080003f8   0x00000058   Code   RO         2220    .text               c_w.l(_printf_hex_int.o)
    0x08000450   0x00000188   Code   RO         2255    .text               c_w.l(__printf_flags_ss_wp.o)
    0x080005d8   0x00000006   Code   RO         2264    .text               c_w.l(heapauxi.o)
    0x080005de   0x00000002   Code   RO         2288    .text               c_w.l(use_no_semi.o)
    0x080005e0   0x000000b2   Code   RO         2291    .text               c_w.l(_printf_intcommon.o)
    0x08000692   0x0000041a   Code   RO         2293    .text               c_w.l(_printf_fp_dec.o)
    0x08000aac   0x0000002c   Code   RO         2295    .text               c_w.l(_printf_char.o)
    0x08000ad8   0x00000024   Code   RO         2297    .text               c_w.l(_printf_char_file.o)
    0x08000afc   0x00000008   Code   RO         2325    .text               c_w.l(rt_locale_intlibspace.o)
    0x08000b04   0x0000008a   Code   RO         2327    .text               c_w.l(lludiv10.o)
    0x08000b8e   0x00000002   PAD
    0x08000b90   0x00000030   Code   RO         2329    .text               c_w.l(_printf_char_common.o)
    0x08000bc0   0x00000080   Code   RO         2331    .text               c_w.l(_printf_fp_infnan.o)
    0x08000c40   0x000000dc   Code   RO         2333    .text               c_w.l(bigflt0.o)
    0x08000d1c   0x00000008   Code   RO         2358    .text               c_w.l(ferror.o)
    0x08000d24   0x00000008   Code   RO         2369    .text               c_w.l(libspace.o)
    0x08000d2c   0x0000004a   Code   RO         2372    .text               c_w.l(sys_stackheap_outer.o)
    0x08000d76   0x0000000c   Code   RO         2376    .text               c_w.l(exit.o)
    0x08000d82   0x00000002   PAD
    0x08000d84   0x00000080   Code   RO         2378    .text               c_w.l(strcmpv7m.o)
    0x08000e04   0x0000012e   Code   RO         2444    .text               c_w.l(_get_argv_nomalloc.o)
    0x08000f32   0x00000004   Code   RO         2448    .text               c_w.l(hrguard.o)
    0x08000f36   0x0000000e   Code   RO         2450    .text               c_w.l(defsig_rtmem_outer.o)
    0x08000f44   0x0000000a   Code   RO         2459    .text               c_w.l(defsig_exit.o)
    0x08000f4e   0x00000002   PAD
    0x08000f50   0x00000050   Code   RO         2461    .text               c_w.l(defsig_rtmem_inner.o)
    0x08000fa0   0x00000032   Code   RO         2480    .text               c_w.l(defsig_general.o)
    0x08000fd2   0x0000003e   Code   RO         2336    CL$$btod_d2e        c_w.l(btod.o)
    0x08001010   0x00000046   Code   RO         2338    CL$$btod_d2e_denorm_low  c_w.l(btod.o)
    0x08001056   0x00000060   Code   RO         2337    CL$$btod_d2e_norm_op1  c_w.l(btod.o)
    0x080010b6   0x00000338   Code   RO         2346    CL$$btod_div_common  c_w.l(btod.o)
    0x080013ee   0x000000c6   Code   RO         2343    CL$$btod_e2e        c_w.l(btod.o)
    0x080014b4   0x00000028   Code   RO         2340    CL$$btod_ediv       c_w.l(btod.o)
    0x080014dc   0x00000028   Code   RO         2339    CL$$btod_emul       c_w.l(btod.o)
    0x08001504   0x00000244   Code   RO         2345    CL$$btod_mult_common  c_w.l(btod.o)
    0x08001748   0x00000002   Code   RO          254    i.BusFault_Handler  stm32f4xx_it.o
    0x0800174a   0x00000002   Code   RO          255    i.DebugMon_Handler  stm32f4xx_it.o
    0x0800174c   0x0000025c   Code   RO          755    i.HAL_GPIO_Init     stm32f4xx_hal_gpio.o
    0x080019a8   0x0000000c   Code   RO          491    i.HAL_GetTick       stm32f4xx_hal.o
    0x080019b4   0x00000034   Code   RO          493    i.HAL_Init          stm32f4xx_hal.o
    0x080019e8   0x00000022   Code   RO          494    i.HAL_InitTick      stm32f4xx_hal.o
    0x08001a0a   0x0000000a   Code   RO          496    i.HAL_MspInit       stm32f4xx_hal.o
    0x08001a14   0x00000018   Code   RO          637    i.HAL_NVIC_EnableIRQ  stm32f4xx_hal_cortex.o
    0x08001a2c   0x00000064   Code   RO          643    i.HAL_NVIC_SetPriority  stm32f4xx_hal_cortex.o
    0x08001a90   0x00000024   Code   RO          644    i.HAL_NVIC_SetPriorityGrouping  stm32f4xx_hal_cortex.o
    0x08001ab4   0x0000009c   Code   RO          944    i.HAL_PWREx_EnableOverDrive  stm32f4xx_hal_pwr_ex.o
    0x08001b50   0x00000230   Code   RO         1011    i.HAL_RCC_ClockConfig  stm32f4xx_hal_rcc.o
    0x08001d80   0x00000034   Code   RO         1016    i.HAL_RCC_GetHCLKFreq  stm32f4xx_hal_rcc.o
    0x08001db4   0x0000004c   Code   RO         1018    i.HAL_RCC_GetPCLK1Freq  stm32f4xx_hal_rcc.o
    0x08001e00   0x0000004c   Code   RO         1019    i.HAL_RCC_GetPCLK2Freq  stm32f4xx_hal_rcc.o
    0x08001e4c   0x00000094   Code   RO         1020    i.HAL_RCC_GetSysClockFreq  stm32f4xx_hal_rcc.o
    0x08001ee0   0x000003b4   Code   RO         1023    i.HAL_RCC_OscConfig  stm32f4xx_hal_rcc.o
    0x08002294   0x0000002c   Code   RO          648    i.HAL_SYSTICK_Config  stm32f4xx_hal_cortex.o
    0x080022c0   0x00000002   Code   RO         1163    i.HAL_UART_ErrorCallback  stm32f4xx_hal_uart.o
    0x080022c2   0x00000006   Code   RO         1165    i.HAL_UART_GetState  stm32f4xx_hal_uart.o
    0x080022c8   0x000001f4   Code   RO         1166    i.HAL_UART_IRQHandler  stm32f4xx_hal_uart.o
    0x080024bc   0x0000005e   Code   RO         1167    i.HAL_UART_Init     stm32f4xx_hal_uart.o
    0x0800251a   0x00000002   PAD
    0x0800251c   0x00000084   Code   RO         1756    i.HAL_UART_MspInit  usart.o
    0x080025a0   0x00000068   Code   RO         1172    i.HAL_UART_Receive_IT  stm32f4xx_hal_uart.o
    0x08002608   0x00000070   Code   RO         1757    i.HAL_UART_RxCpltCallback  usart.o
    0x08002678   0x00000002   Code   RO         1178    i.HAL_UART_TxCpltCallback  stm32f4xx_hal_uart.o
    0x0800267a   0x00000002   Code   RO          256    i.HardFault_Handler  stm32f4xx_it.o
    0x0800267c   0x00000002   Code   RO          257    i.MemManage_Handler  stm32f4xx_it.o
    0x0800267e   0x00000002   Code   RO          258    i.NMI_Handler       stm32f4xx_it.o
    0x08002680   0x00000002   Code   RO          259    i.PendSV_Handler    stm32f4xx_it.o
    0x08002682   0x00000002   Code   RO          260    i.SVC_Handler       stm32f4xx_it.o
    0x08002684   0x0000009c   Code   RO         1729    i.Stm32_Clock_Init  sys.o
    0x08002720   0x00000010   Code   RO          261    i.SysTick_Handler   stm32f4xx_it.o
    0x08002730   0x0000004c   Code   RO          334    i.SystemInit        system_stm32f4xx.o
    0x0800277c   0x00000218   Code   RO         1185    i.UART_SetConfig    stm32f4xx_hal_uart.o
    0x08002994   0x00000060   Code   RO         1758    i.USART1_IRQHandler  usart.o
    0x080029f4   0x00000002   Code   RO          262    i.UsageFault_Handler  stm32f4xx_it.o
    0x080029f6   0x00000028   Code   RO         2367    i.__ARM_fpclassify  m_ws.l(fpclassify.o)
    0x08002a1e   0x0000000e   Code   RO         2248    i._is_digit         c_w.l(__printf_wp.o)
    0x08002a2c   0x00000002   Code   RO         1759    i._sys_command_string  usart.o
    0x08002a2e   0x00000002   Code   RO         1760    i._sys_exit         usart.o
    0x08002a30   0x00000002   Code   RO         1761    i._ttywrch          usart.o
    0x08002a32   0x0000008e   Code   RO         1886    i.calc_func         core_list_join.o
    0x08002ac0   0x00000004   Code   RO         2161    i.check_data_types  core_util.o
    0x08002ac4   0x0000001a   Code   RO         1887    i.cmp_complex       core_list_join.o
    0x08002ade   0x0000002a   Code   RO         1888    i.cmp_idx           core_list_join.o
    0x08002b08   0x00000188   Code   RO         1890    i.core_bench_list   core_list_join.o
    0x08002c90   0x00000022   Code   RO         1996    i.core_bench_matrix  core_matrix.o
    0x08002cb2   0x000000ec   Code   RO         2130    i.core_bench_state  core_state.o
    0x08002d9e   0x00000002   PAD
    0x08002da0   0x000000a6   Code   RO         1997    i.core_init_matrix  core_matrix.o
    0x08002e46   0x00000002   PAD
    0x08002e48   0x0000010c   Code   RO         2131    i.core_init_state   core_state.o
    0x08002f54   0x00000110   Code   RO         1892    i.core_list_init    core_list_join.o
    0x08003064   0x000000a6   Code   RO         1894    i.core_list_mergesort  core_list_join.o
    0x0800310a   0x000001a2   Code   RO         2132    i.core_state_transition  core_state.o
    0x080032ac   0x0000004e   Code   RO         2162    i.crc16             core_util.o
    0x080032fa   0x00000002   PAD
    0x080032fc   0x0000004a   Code   RO         2163    i.crcu16            core_util.o
    0x08003346   0x00000018   Code   RO         2164    i.crcu32            core_util.o
    0x0800335e   0x00000002   PAD
    0x08003360   0x00000014   Code   RO         1762    i.fputc             usart.o
    0x08003374   0x00000040   Code   RO         2166    i.get_seed_32       core_util.o
    0x080033b4   0x0000000c   Code   RO         2054    i.get_time          core_portme.o
    0x080033c0   0x00000978   Code   RO         1973    i.main              core_main.o
    0x08003d38   0x0000005c   Code   RO         2003    i.matrix_sum        core_matrix.o
    0x08003d94   0x000002ca   Code   RO         2004    i.matrix_test       core_matrix.o
    0x0800405e   0x00000006   Code   RO         2055    i.portable_fini     core_portme.o
    0x08004064   0x00000070   Code   RO         2056    i.portable_init     core_portme.o
    0x080040d4   0x00000040   Code   RO         2057    i.start_time        core_portme.o
    0x08004114   0x00000012   Code   RO         2058    i.stop_time         core_portme.o
    0x08004126   0x00000002   PAD
    0x08004128   0x00000018   Code   RO         2059    i.time_in_secs      core_portme.o
    0x08004140   0x00000038   Code   RO         1763    i.uart_init         usart.o
    0x08004178   0x0000002c   Code   RO         2363    locale$$code        c_w.l(lc_numeric_c.o)
    0x080041a4   0x00000018   Code   RO         2300    x$fpl$dcmpinf       fz_ws.l(dcmpi.o)
    0x080041bc   0x000002b0   Code   RO         2269    x$fpl$ddiv          fz_ws.l(ddiv.o)
    0x0800446c   0x0000005a   Code   RO         2272    x$fpl$dfixu         fz_ws.l(dfixu.o)
    0x080044c6   0x00000026   Code   RO         2276    x$fpl$dfltu         fz_ws.l(dflt_clz.o)
    0x080044ec   0x00000078   Code   RO         2282    x$fpl$dleqf         fz_ws.l(dleqf.o)
    0x08004564   0x0000009c   Code   RO         2302    x$fpl$dnaninf       fz_ws.l(dnaninf.o)
    0x08004600   0x0000000c   Code   RO         2304    x$fpl$dretinf       fz_ws.l(dretinf.o)
    0x0800460c   0x0000006c   Code   RO         2284    x$fpl$drleqf        fz_ws.l(drleqf.o)
    0x08004678   0x00000004   Code   RO         2286    x$fpl$printf1       fz_ws.l(printf1.o)
    0x0800467c   0x00000000   Code   RO         2306    x$fpl$usenofp       fz_ws.l(usenofp.o)
    0x0800467c   0x00000010   Data   RO         1024    .constdata          stm32f4xx_hal_rcc.o
    0x0800468c   0x00000028   Data   RO         2221    .constdata          c_w.l(_printf_hex_int.o)
    0x080046b4   0x00000011   Data   RO         2256    .constdata          c_w.l(__printf_flags_ss_wp.o)
    0x080046c5   0x00000003   PAD
    0x080046c8   0x00000094   Data   RO         2334    .constdata          c_w.l(bigflt0.o)
    0x0800475c   0x000000af   Data   RO         1975    .conststring        core_main.o
    0x0800480b   0x00000001   PAD
    0x0800480c   0x000000ad   Data   RO         2133    .conststring        core_state.o
    0x080048b9   0x00000003   PAD
    0x080048bc   0x00000020   Data   RO         2500    Region$$Table       anon$$obj.o
    0x080048dc   0x0000001c   Data   RO         2362    locale$$data        c_w.l(lc_numeric_c.o)


    Execution Region RW_IRAM1 (Base: 0x20000000, Size: 0x00002408, Max: 0x00030000, ABSOLUTE)

    Base Addr    Size         Type   Attr      Idx    E Section Name        Object

    0x20000000   0x00000014   Data   RW          335    .data               system_stm32f4xx.o
    0x20000014   0x00000004   Data   RW          499    .data               stm32f4xx_hal.o
    0x20000018   0x00000004   Data   RW         1765    .data               usart.o
    0x2000001c   0x00000004   Data   RW         1766    .data               usart.o
    0x20000020   0x0000001e   Data   RW         1976    .data               core_main.o
    0x2000003e   0x00000002   PAD
    0x20000040   0x00000004   Data   RW         2060    .data               core_portme.o
    0x20000044   0x00000004   Data   RW         2061    .data               core_portme.o
    0x20000048   0x00000004   Data   RW         2062    .data               core_portme.o
    0x2000004c   0x00000004   Data   RW         2063    .data               core_portme.o
    0x20000050   0x00000004   Data   RW         2064    .data               core_portme.o
    0x20000054   0x00000004   Data   RW         2065    .data               core_portme.o
    0x20000058   0x00000004   Data   RW         2066    .data               core_portme.o
    0x2000005c   0x00000040   Data   RW         2134    .data               core_state.o
    0x2000009c   0x00000108   Zero   RW         1764    .bss                usart.o
    0x200001a4   0x00000060   Zero   RW         2370    .bss                c_w.l(libspace.o)
    0x20000204   0x00000004   PAD
    0x20000208   0x00000200   Zero   RW          467    HEAP                startup_stm32f429xx.o
    0x20000408   0x00002000   Zero   RW          466    STACK               startup_stm32f429xx.o


==============================================================================

Image component sizes


      Code (inc. data)   RO Data    RW Data    ZI Data      Debug   Object Name

      1040         16          0          0          0      10403   core_list_join.o
      2424        996        175         30          0       2984   core_main.o
      1006          0          0          0          0       7239   core_matrix.o
       236         86          0         28          0      33881   core_portme.o
       922         16        173         64          0       4953   core_state.o
       244         28          0          0          0       3798   core_util.o
         0          0          0          0          0     376932   main.o
        64         26        428          0       8704        776   startup_stm32f429xx.o
       108         10          0          4          0       3402   stm32f4xx_hal.o
       204         16          0          0          0      29571   stm32f4xx_hal_cortex.o
       604         22          0          0          0       1732   stm32f4xx_hal_gpio.o
       156          8          0          0          0       1200   stm32f4xx_hal_pwr_ex.o
      1860        108         16          0          0       5963   stm32f4xx_hal_rcc.o
      1244         14          0          0          0       5879   stm32f4xx_hal_uart.o
        32          6          0          0          0       3506   stm32f4xx_it.o
       156          8          0          0          0       1003   sys.o
        76         22          0         20          0        965   system_stm32f4xx.o
       422         52          0          8        264       6066   usart.o

    ----------------------------------------------------------------------
     10810       1434        828        156       8968     500253   Object Totals
         0          0         32          0          0          0   (incl. Generated)
        12          0          4          2          0          0   (incl. Padding)

    ----------------------------------------------------------------------

      Code (inc. data)   RO Data    RW Data    ZI Data      Debug   Library Member Name

         8          0          0          0          0         68   __main.o
       392          4         17          0          0         92   __printf_flags_ss_wp.o
        14          0          0          0          0         68   __printf_wp.o
         0          0          0          0          0          0   __rtentry.o
        12          0          0          0          0          0   __rtentry2.o
         6          0          0          0          0          0   __rtentry4.o
        52          8          0          0          0          0   __scatter.o
        26          0          0          0          0          0   __scatter_copy.o
        28          0          0          0          0          0   __scatter_zi.o
       302          0          0          0          0        168   _get_argv_nomalloc.o
        44          0          0          0          0        108   _printf_char.o
        48          6          0          0          0         96   _printf_char_common.o
        36          4          0          0          0         80   _printf_char_file.o
         6          0          0          0          0          0   _printf_d.o
       120         16          0          0          0         92   _printf_dec.o
         6          0          0          0          0          0   _printf_f.o
      1050          0          0          0          0        216   _printf_fp_dec.o
       128         16          0          0          0         84   _printf_fp_infnan.o
        88          4         40          0          0         88   _printf_hex_int.o
       178          0          0          0          0         88   _printf_intcommon.o
        78          0          0          0          0        108   _printf_pad.o
         0          0          0          0          0          0   _printf_percent.o
         4          0          0          0          0          0   _printf_percent_end.o
         6          0          0          0          0          0   _printf_s.o
        82          0          0          0          0         80   _printf_str.o
         6          0          0          0          0          0   _printf_u.o
         6          0          0          0          0          0   _printf_x.o
         4          0          0          0          0         68   argv_veneer.o
       220          4        148          0          0         96   bigflt0.o
      1910        128          0          0          0        672   btod.o
        10          0          0          0          0         68   defsig_exit.o
        50          0          0          0          0         88   defsig_general.o
        80         58          0          0          0         76   defsig_rtmem_inner.o
        14          0          0          0          0         80   defsig_rtmem_outer.o
        12          0          0          0          0         72   exit.o
         8          0          0          0          0         68   ferror.o
         6          0          0          0          0        152   heapauxi.o
         4          0          0          0          0        136   hrguard.o
        44         10         28          0          0         76   lc_numeric_c.o
         2          0          0          0          0          0   libinit.o
        26          0          0          0          0          0   libinit2.o
         2          0          0          0          0          0   libshutdown.o
         2          0          0          0          0          0   libshutdown2.o
         8          4          0          0         96         68   libspace.o
       138          0          0          0          0         80   lludiv10.o
        24          4          0          0          0         84   noretval__2printf.o
         8          4          0          0          0         68   rt_locale_intlibspace.o
         2          0          0          0          0          0   rtexit.o
        10          0          0          0          0          0   rtexit2.o
       128          0          0          0          0         68   strcmpv7m.o
        74          0          0          0          0         80   sys_stackheap_outer.o
         2          0          0          0          0         68   use_no_semi.o
         2          0          0          0          0         68   use_no_semi_2.o
        24          0          0          0          0         68   dcmpi.o
       688        140          0          0          0        208   ddiv.o
        90          4          0          0          0         92   dfixu.o
        38          0          0          0          0         68   dflt_clz.o
       120          4          0          0          0         92   dleqf.o
       156          4          0          0          0         92   dnaninf.o
        12          0          0          0          0         68   dretinf.o
       108          0          0          0          0         80   drleqf.o
         4          0          0          0          0         68   printf1.o
         0          0          0          0          0          0   usenofp.o
        40          0          0          0          0         68   fpclassify.o

    ----------------------------------------------------------------------
      6806        422        236          0        100       4576   Library Totals
        10          0          3          0          4          0   (incl. Padding)

    ----------------------------------------------------------------------

      Code (inc. data)   RO Data    RW Data    ZI Data      Debug   Library Name

      5516        270        233          0         96       3672   c_w.l
      1240        152          0          0          0        836   fz_ws.l
        40          0          0          0          0         68   m_ws.l

    ----------------------------------------------------------------------
      6806        422        236          0        100       4576   Library Totals

    ----------------------------------------------------------------------

==============================================================================


      Code (inc. data)   RO Data    RW Data    ZI Data      Debug   

     17616       1856       1064        156       9068     499001   Grand Totals
     17616       1856       1064        156       9068     499001   ELF Image Totals
     17616       1856       1064        156          0          0   ROM Totals

==============================================================================

    Total RO  Size (Code + RO Data)                18680 (  18.24kB)
    Total RW  Size (RW Data + ZI Data)              9224 (   9.01kB)
    Total ROM Size (Code + RO Data + RW Data)      18836 (  18.39kB)

==============================================================================

