<html>
<body>
<pre>
<h1>µVision Build Log</h1>
<h2>Tool Versions:</h2>
IDE-Version: ¦ÌVision V5.15
Copyright (C) 2015 ARM Ltd and ARM Germany GmbH. All rights reserved.
License Information: huangjie18 Microsoft, Microsoft, LIC=GE72Z-J1B51-HP4ZN-YB5S8-LD2AH-93K8B
 
Tool Versions:
Toolchain:       MDK-ARM Professional  Version: 5.15.0
Toolchain Path:  C:\Keil_v5\ARM\ARMCC\Bin
C Compiler:      Armcc.exe V5.05 update 2 (build 169)
Assembler:       Armasm.exe V5.05 update 2 (build 169)
Linker/Locator:  ArmLink.exe V5.05 update 2 (build 169)
Library Manager: ArmAr.exe V5.05 update 2 (build 169)
Hex Converter:   FromElf.exe V5.05 update 2 (build 169)
CPU DLL:         SARMCM3.DLL V5.15.0
Dialog DLL:      DCM.DLL V1.13.2.0
Target DLL:      STLink\ST-LINKIII-KEIL_SWO.dll V2.0.15.0_KEIL
Dialog DLL:      TCM.DLL V1.14.5.0
 
<h2>Project:</h2>
D:\GitHub\CoreMark\STM32F429-CoreMark\USER\UART.uvprojx
Project File Date:  08/02/2018

<h2>Output:</h2>
*** Using Compiler 'V5.05 update 2 (build 169)', folder: 'C:\Keil_v5\ARM\ARMCC\Bin'
Build target 'UART'
compiling main.c...
compiling stm32f4xx_it.c...
compiling system_stm32f4xx.c...
compiling stm32f4xx_hal.c...
compiling stm32f4xx_hal_cortex.c...
compiling stm32f4xx_hal_gpio.c...
compiling stm32f4xx_hal_pwr.c...
compiling stm32f4xx_hal_pwr_ex.c...
compiling stm32f4xx_hal_rcc.c...
compiling stm32f4xx_hal_rcc_ex.c...
compiling stm32f4xx_hal_uart.c...
compiling stm32f4xx_hal_usart.c...
compiling stm32f4xx_hal_dma.c...
compiling stm32f4xx_hal_dma_ex.c...
compiling delay.c...
compiling sys.c...
compiling usart.c...
compiling led.c...
compiling key.c...
compiling core_list_join.c...
..\CoreMark\coremark.h(78): warning:  #1295-D: Deprecated declaration check_data_types - give arg types
  ee_u8 check_data_types();
..\CoreMark\core_list_join.c: 1 warning, 0 errors
compiling core_main.c...
..\CoreMark\coremark.h(78): warning:  #1295-D: Deprecated declaration check_data_types - give arg types
  ee_u8 check_data_types();
..\CoreMark\core_main.c: 1 warning, 0 errors
compiling core_matrix.c...
..\CoreMark\coremark.h(78): warning:  #1295-D: Deprecated declaration check_data_types - give arg types
  ee_u8 check_data_types();
..\CoreMark\core_matrix.c: 1 warning, 0 errors
compiling core_portme.c...
..\CoreMark\coremark.h(78): warning:  #1295-D: Deprecated declaration check_data_types - give arg types
  ee_u8 check_data_types();
..\CoreMark\core_portme.c: 1 warning, 0 errors
compiling core_state.c...
..\CoreMark\coremark.h(78): warning:  #1295-D: Deprecated declaration check_data_types - give arg types
  ee_u8 check_data_types();
..\CoreMark\core_state.c: 1 warning, 0 errors
compiling core_util.c...
..\CoreMark\coremark.h(78): warning:  #1295-D: Deprecated declaration check_data_types - give arg types
  ee_u8 check_data_types();
..\CoreMark\core_util.c: 1 warning, 0 errors
linking...
Program Size: Code=17616 RO-data=1064 RW-data=156 ZI-data=9068  
FromELF: creating hex file...
"..\OBJ\UART.axf" - 0 Error(s), 6 Warning(s).

<h2>Collection of Component include folders:</h2>
  D:\GitHub\CoreMark\STM32F429-CoreMark\USER\RTE
  C:\Keil_v5\ARM\PACK\Keil\STM32F4xx_DFP\2.11.0\Drivers\CMSIS\Device\ST\STM32F4xx\Include

<h2>Collection of Component Files used:</h2>
</pre>
</body>
</html>
