Component: ARM Compiler 5.05 update 2 (build 169) Tool: armlink [4d0f33]

==============================================================================

Section Cross References

    startup_stm32f10x_hd.o(RESET) refers to startup_stm32f10x_hd.o(STACK) for __initial_sp
    startup_stm32f10x_hd.o(RESET) refers to startup_stm32f10x_hd.o(.text) for Reset_Handler
    startup_stm32f10x_hd.o(RESET) refers to stm32f10x_it.o(.text) for NMI_Handler
    startup_stm32f10x_hd.o(RESET) refers to systick.o(.text) for SysTick_Handler
    startup_stm32f10x_hd.o(.text) refers to system_stm32f10x.o(.text) for SystemInit
    startup_stm32f10x_hd.o(.text) refers to entry.o(.ARM.Collect$$$$00000000) for __main
    stm32f10x_it.o(.text) refers to stm32f10x_usart.o(.text) for USART_GetITStatus
    stm32f10x_it.o(.text) refers to usart1.o(.text) for myPrintf
    usart1.o(.text) refers to misc.o(.text) for NVIC_PriorityGroupConfig
    usart1.o(.text) refers to stm32f10x_rcc.o(.text) for RCC_APB2PeriphClockCmd
    usart1.o(.text) refers to stm32f10x_gpio.o(.text) for GPIO_Init
    usart1.o(.text) refers to stm32f10x_usart.o(.text) for USART_Init
    usart1.o(.text) refers to printfa.o(i.__0vsnprintf) for __c89vsnprintf
    systick.o(.text) refers to systick.o(.data) for .data
    systick.o(.text) refers to system_stm32f10x.o(.data) for SystemCoreClock
    systick.o(.text) refers to core_portme.o(.data) for counter
    stm32f10x_rcc.o(.text) refers to stm32f10x_rcc.o(.data) for .data
    stm32f10x_gpio.o(.text) refers to stm32f10x_rcc.o(.text) for RCC_APB2PeriphResetCmd
    stm32f10x_usart.o(.text) refers to stm32f10x_rcc.o(.text) for RCC_APB1PeriphResetCmd
    system_stm32f10x.o(.text) refers to system_stm32f10x.o(.data) for .data
    core_list_join.o(.text) refers to core_util.o(.text) for crcu16
    core_list_join.o(.text) refers to core_state.o(.text) for core_bench_state
    core_list_join.o(.text) refers to core_matrix.o(.text) for core_bench_matrix
    core_main.o(.text) refers to core_list_join.o(.text) for core_bench_list
    core_main.o(.text) refers to core_util.o(.text) for crcu16
    core_main.o(.text) refers to usart1.o(.text) for USART1_Config
    core_main.o(.text) refers to core_portme.o(.text) for portable_init
    core_main.o(.text) refers to core_matrix.o(.text) for core_init_matrix
    core_main.o(.text) refers to core_state.o(.text) for core_init_state
    core_main.o(.text) refers to cdcmple.o(.text) for __aeabi_cdcmple
    core_main.o(.text) refers to dfixui.o(.text) for __aeabi_d2uiz
    core_main.o(.text) refers to core_portme.o(.data) for default_num_contexts
    core_main.o(.text) refers to core_main.o(.data) for .data
    core_main.o(.text) refers to cdrcmple.o(.text) for __aeabi_cdrcmple
    core_main.o(.text) refers to dfltui.o(.text) for __aeabi_ui2d
    core_main.o(.text) refers to ddiv.o(.text) for __aeabi_ddiv
    core_main.o(.text) refers to core_main.o(.conststring) for .conststring
    core_main.o(.data) refers to core_main.o(.conststring) for .conststring
    core_matrix.o(.text) refers to core_util.o(.text) for crc16
    core_state.o(.text) refers to core_util.o(.text) for crcu32
    core_state.o(.text) refers to core_state.o(.data) for .data
    core_state.o(.data) refers to core_state.o(.conststring) for .conststring
    core_util.o(.text) refers to core_portme.o(.data) for seed1_volatile
    core_util.o(.text) refers to core_portme.o(.data) for seed2_volatile
    core_util.o(.text) refers to core_portme.o(.data) for seed3_volatile
    core_util.o(.text) refers to core_portme.o(.data) for seed4_volatile
    core_util.o(.text) refers to core_portme.o(.data) for seed5_volatile
    core_portme.o(.text) refers to systick.o(.text) for initSystick
    core_portme.o(.text) refers to dfltui.o(.text) for __aeabi_ui2d
    core_portme.o(.text) refers to ddiv.o(.text) for __aeabi_ddiv
    core_portme.o(.text) refers to usart1.o(.text) for myPrintf
    core_portme.o(.text) refers to core_portme.o(.data) for .data
    entry.o(.ARM.Collect$$$$00000000) refers (Special) to entry10a.o(.ARM.Collect$$$$0000000D) for __rt_final_cpp
    entry.o(.ARM.Collect$$$$00000000) refers (Special) to entry11a.o(.ARM.Collect$$$$0000000F) for __rt_final_exit
    entry.o(.ARM.Collect$$$$00000000) refers (Special) to entry7b.o(.ARM.Collect$$$$00000008) for _main_clock
    entry.o(.ARM.Collect$$$$00000000) refers (Special) to entry8b.o(.ARM.Collect$$$$0000000A) for _main_cpp_init
    entry.o(.ARM.Collect$$$$00000000) refers (Special) to entry9a.o(.ARM.Collect$$$$0000000B) for _main_init
    entry.o(.ARM.Collect$$$$00000000) refers (Special) to entry5.o(.ARM.Collect$$$$00000004) for _main_scatterload
    entry.o(.ARM.Collect$$$$00000000) refers (Special) to entry2.o(.ARM.Collect$$$$00000001) for _main_stk
    printfa.o(i.__0fprintf) refers (Special) to iusefp.o(.text) for __I$use$fp
    printfa.o(i.__0fprintf) refers to printfa.o(i._printf_core) for _printf_core
    printfa.o(i.__0fprintf) refers to fputc.o(i.fputc) for fputc
    printfa.o(i.__0printf) refers (Special) to iusefp.o(.text) for __I$use$fp
    printfa.o(i.__0printf) refers to printfa.o(i._printf_core) for _printf_core
    printfa.o(i.__0printf) refers to fputc.o(i.fputc) for fputc
    printfa.o(i.__0printf) refers to stdout.o(.data) for __stdout
    printfa.o(i.__0snprintf) refers (Special) to iusefp.o(.text) for __I$use$fp
    printfa.o(i.__0snprintf) refers to printfa.o(i._printf_core) for _printf_core
    printfa.o(i.__0snprintf) refers to printfa.o(i._snputc) for _snputc
    printfa.o(i.__0sprintf) refers (Special) to iusefp.o(.text) for __I$use$fp
    printfa.o(i.__0sprintf) refers to printfa.o(i._printf_core) for _printf_core
    printfa.o(i.__0sprintf) refers to printfa.o(i._sputc) for _sputc
    printfa.o(i.__0vfprintf) refers (Special) to iusefp.o(.text) for __I$use$fp
    printfa.o(i.__0vfprintf) refers to printfa.o(i._printf_core) for _printf_core
    printfa.o(i.__0vfprintf) refers to fputc.o(i.fputc) for fputc
    printfa.o(i.__0vprintf) refers (Special) to iusefp.o(.text) for __I$use$fp
    printfa.o(i.__0vprintf) refers to printfa.o(i._printf_core) for _printf_core
    printfa.o(i.__0vprintf) refers to fputc.o(i.fputc) for fputc
    printfa.o(i.__0vprintf) refers to stdout.o(.data) for __stdout
    printfa.o(i.__0vsnprintf) refers (Special) to iusefp.o(.text) for __I$use$fp
    printfa.o(i.__0vsnprintf) refers to printfa.o(i._printf_core) for _printf_core
    printfa.o(i.__0vsnprintf) refers to printfa.o(i._snputc) for _snputc
    printfa.o(i.__0vsprintf) refers (Special) to iusefp.o(.text) for __I$use$fp
    printfa.o(i.__0vsprintf) refers to printfa.o(i._printf_core) for _printf_core
    printfa.o(i.__0vsprintf) refers to printfa.o(i._sputc) for _sputc
    printfa.o(i._fp_digits) refers (Special) to iusefp.o(.text) for __I$use$fp
    printfa.o(i._fp_digits) refers to dmul.o(.text) for __aeabi_dmul
    printfa.o(i._fp_digits) refers to ddiv.o(.text) for __aeabi_ddiv
    printfa.o(i._fp_digits) refers to cdrcmple.o(.text) for __aeabi_cdrcmple
    printfa.o(i._fp_digits) refers to dadd.o(.text) for __aeabi_dadd
    printfa.o(i._fp_digits) refers to dfixul.o(.text) for __aeabi_d2ulz
    printfa.o(i._fp_digits) refers to uldiv.o(.text) for __aeabi_uldivmod
    printfa.o(i._printf_core) refers (Special) to iusefp.o(.text) for __I$use$fp
    printfa.o(i._printf_core) refers to printfa.o(i._printf_pre_padding) for _printf_pre_padding
    printfa.o(i._printf_core) refers to uldiv.o(.text) for __aeabi_uldivmod
    printfa.o(i._printf_core) refers to printfa.o(i._printf_post_padding) for _printf_post_padding
    printfa.o(i._printf_core) refers to printfa.o(i._fp_digits) for _fp_digits
    printfa.o(i._printf_core) refers to uidiv.o(.text) for __aeabi_uidivmod
    printfa.o(i._printf_post_padding) refers (Special) to iusefp.o(.text) for __I$use$fp
    printfa.o(i._printf_pre_padding) refers (Special) to iusefp.o(.text) for __I$use$fp
    printfa.o(i._snputc) refers (Special) to iusefp.o(.text) for __I$use$fp
    printfa.o(i._sputc) refers (Special) to iusefp.o(.text) for __I$use$fp
    ddiv.o(.text) refers (Special) to iusefp.o(.text) for __I$use$fp
    ddiv.o(.text) refers to depilogue.o(.text) for _double_round
    dfltui.o(.text) refers (Special) to iusefp.o(.text) for __I$use$fp
    dfltui.o(.text) refers to depilogue.o(.text) for _double_epilogue
    dfixui.o(.text) refers (Special) to iusefp.o(.text) for __I$use$fp
    dfixui.o(.text) refers to llushr.o(.text) for __aeabi_llsr
    cdcmple.o(.text) refers (Special) to iusefp.o(.text) for __I$use$fp
    cdrcmple.o(.text) refers (Special) to iusefp.o(.text) for __I$use$fp
    entry2.o(.ARM.Collect$$$$00000001) refers to entry2.o(.ARM.Collect$$$$00002712) for __lit__00000000
    entry2.o(.ARM.Collect$$$$00002712) refers to startup_stm32f10x_hd.o(STACK) for __initial_sp
    entry2.o(__vectab_stack_and_reset_area) refers to startup_stm32f10x_hd.o(STACK) for __initial_sp
    entry2.o(__vectab_stack_and_reset_area) refers to entry.o(.ARM.Collect$$$$00000000) for __main
    entry5.o(.ARM.Collect$$$$00000004) refers to init.o(.text) for __scatterload
    entry9a.o(.ARM.Collect$$$$0000000B) refers to core_main.o(.text) for main
    entry9b.o(.ARM.Collect$$$$0000000C) refers to core_main.o(.text) for main
    fputc.o(i.fputc) refers (Special) to iusesemip.o(.text) for __I$use$semihosting$fputc
    fputc.o(i.fputc) refers (Special) to semi.o(.text) for __semihosting_library_function
    uldiv.o(.text) refers to llushr.o(.text) for __aeabi_llsr
    uldiv.o(.text) refers to llshl.o(.text) for __aeabi_llsl
    depilogue.o(.text) refers to llshl.o(.text) for __aeabi_llsl
    depilogue.o(.text) refers to llushr.o(.text) for __aeabi_llsr
    dadd.o(.text) refers to llshl.o(.text) for __aeabi_llsl
    dadd.o(.text) refers to llsshr.o(.text) for __aeabi_lasr
    dadd.o(.text) refers to depilogue.o(.text) for _double_epilogue
    dmul.o(.text) refers to depilogue.o(.text) for _double_epilogue
    dfixul.o(.text) refers to llushr.o(.text) for __aeabi_llsr
    dfixul.o(.text) refers to llshl.o(.text) for __aeabi_llsl
    init.o(.text) refers to entry5.o(.ARM.Collect$$$$00000004) for __main_after_scatterload


==============================================================================

Removing Unused input sections from the image.

    Removing startup_stm32f10x_hd.o(HEAP), (512 bytes).
    Removing core_cm3.o(.emb_text), (32 bytes).
    Removing core_main.o(.conststring), (22 bytes).
    Removing core_main.o(.data), (12 bytes).

4 unused section(s) (total 578 bytes) removed from the image.

==============================================================================

Image Symbol Table

    Local Symbols

    Symbol Name                              Value     Ov Type        Size  Object(Section)

    ../clib/microlib/division.c              0x00000000   Number         0  uidiv.o ABSOLUTE
    ../clib/microlib/division.c              0x00000000   Number         0  uldiv.o ABSOLUTE
    ../clib/microlib/init/entry.s            0x00000000   Number         0  entry11b.o ABSOLUTE
    ../clib/microlib/init/entry.s            0x00000000   Number         0  entry10b.o ABSOLUTE
    ../clib/microlib/init/entry.s            0x00000000   Number         0  entry9a.o ABSOLUTE
    ../clib/microlib/init/entry.s            0x00000000   Number         0  entry11a.o ABSOLUTE
    ../clib/microlib/init/entry.s            0x00000000   Number         0  entry9b.o ABSOLUTE
    ../clib/microlib/init/entry.s            0x00000000   Number         0  entry8b.o ABSOLUTE
    ../clib/microlib/init/entry.s            0x00000000   Number         0  entry.o ABSOLUTE
    ../clib/microlib/init/entry.s            0x00000000   Number         0  entry10a.o ABSOLUTE
    ../clib/microlib/init/entry.s            0x00000000   Number         0  entry5.o ABSOLUTE
    ../clib/microlib/init/entry.s            0x00000000   Number         0  entry7a.o ABSOLUTE
    ../clib/microlib/init/entry.s            0x00000000   Number         0  entry7b.o ABSOLUTE
    ../clib/microlib/init/entry.s            0x00000000   Number         0  entry8a.o ABSOLUTE
    ../clib/microlib/init/entry.s            0x00000000   Number         0  entry2.o ABSOLUTE
    ../clib/microlib/longlong.c              0x00000000   Number         0  llushr.o ABSOLUTE
    ../clib/microlib/longlong.c              0x00000000   Number         0  llsshr.o ABSOLUTE
    ../clib/microlib/longlong.c              0x00000000   Number         0  llshl.o ABSOLUTE
    ../clib/microlib/printf/printf.c         0x00000000   Number         0  printfa.o ABSOLUTE
    ../clib/microlib/stdio/fputc.c           0x00000000   Number         0  fputc.o ABSOLUTE
    ../clib/microlib/stdio/semi.s            0x00000000   Number         0  semi.o ABSOLUTE
    ../clib/microlib/stdio/streams.c         0x00000000   Number         0  stdout.o ABSOLUTE
    ../clib/microlib/stubs.s                 0x00000000   Number         0  iusefp.o ABSOLUTE
    ../clib/microlib/stubs.s                 0x00000000   Number         0  iusesemip.o ABSOLUTE
    ../fplib/microlib/fpadd.c                0x00000000   Number         0  dadd.o ABSOLUTE
    ../fplib/microlib/fpdiv.c                0x00000000   Number         0  ddiv.o ABSOLUTE
    ../fplib/microlib/fpepilogue.c           0x00000000   Number         0  depilogue.o ABSOLUTE
    ../fplib/microlib/fpfix.c                0x00000000   Number         0  dfixul.o ABSOLUTE
    ../fplib/microlib/fpfix.c                0x00000000   Number         0  dfixui.o ABSOLUTE
    ../fplib/microlib/fpflt.c                0x00000000   Number         0  dfltui.o ABSOLUTE
    ../fplib/microlib/fpmul.c                0x00000000   Number         0  dmul.o ABSOLUTE
    ..\CMSIS\core_cm3.c                      0x00000000   Number         0  core_cm3.o ABSOLUTE
    ..\CMSIS\startup\startup_stm32f10x_hd.s  0x00000000   Number         0  startup_stm32f10x_hd.o ABSOLUTE
    ..\CMSIS\system_stm32f10x.c              0x00000000   Number         0  system_stm32f10x.o ABSOLUTE
    ..\CoreMark\core_list_join.c             0x00000000   Number         0  core_list_join.o ABSOLUTE
    ..\CoreMark\core_main.c                  0x00000000   Number         0  core_main.o ABSOLUTE
    ..\CoreMark\core_matrix.c                0x00000000   Number         0  core_matrix.o ABSOLUTE
    ..\CoreMark\core_portme.c                0x00000000   Number         0  core_portme.o ABSOLUTE
    ..\CoreMark\core_state.c                 0x00000000   Number         0  core_state.o ABSOLUTE
    ..\CoreMark\core_util.c                  0x00000000   Number         0  core_util.o ABSOLUTE
    ..\FWlib\src\misc.c                      0x00000000   Number         0  misc.o ABSOLUTE
    ..\FWlib\src\stm32f10x_gpio.c            0x00000000   Number         0  stm32f10x_gpio.o ABSOLUTE
    ..\FWlib\src\stm32f10x_rcc.c             0x00000000   Number         0  stm32f10x_rcc.o ABSOLUTE
    ..\FWlib\src\stm32f10x_usart.c           0x00000000   Number         0  stm32f10x_usart.o ABSOLUTE
    ..\\CMSIS\\core_cm3.c                    0x00000000   Number         0  core_cm3.o ABSOLUTE
    SYSTICK.C                                0x00000000   Number         0  systick.o ABSOLUTE
    cdcmple.s                                0x00000000   Number         0  cdcmple.o ABSOLUTE
    cdrcmple.s                               0x00000000   Number         0  cdrcmple.o ABSOLUTE
    dc.s                                     0x00000000   Number         0  dc.o ABSOLUTE
    handlers.s                               0x00000000   Number         0  handlers.o ABSOLUTE
    init.s                                   0x00000000   Number         0  init.o ABSOLUTE
    main.c                                   0x00000000   Number         0  main.o ABSOLUTE
    stm32f10x_it.c                           0x00000000   Number         0  stm32f10x_it.o ABSOLUTE
    usart1.c                                 0x00000000   Number         0  usart1.o ABSOLUTE
    RESET                                    0x08000000   Section      304  startup_stm32f10x_hd.o(RESET)
    .ARM.Collect$$$$00000000                 0x08000130   Section        0  entry.o(.ARM.Collect$$$$00000000)
    .ARM.Collect$$$$00000001                 0x08000130   Section        4  entry2.o(.ARM.Collect$$$$00000001)
    .ARM.Collect$$$$00000004                 0x08000134   Section        4  entry5.o(.ARM.Collect$$$$00000004)
    .ARM.Collect$$$$00000008                 0x08000138   Section        0  entry7b.o(.ARM.Collect$$$$00000008)
    .ARM.Collect$$$$0000000A                 0x08000138   Section        0  entry8b.o(.ARM.Collect$$$$0000000A)
    .ARM.Collect$$$$0000000B                 0x08000138   Section        8  entry9a.o(.ARM.Collect$$$$0000000B)
    .ARM.Collect$$$$0000000D                 0x08000140   Section        0  entry10a.o(.ARM.Collect$$$$0000000D)
    .ARM.Collect$$$$0000000F                 0x08000140   Section        0  entry11a.o(.ARM.Collect$$$$0000000F)
    .ARM.Collect$$$$00002712                 0x08000140   Section        4  entry2.o(.ARM.Collect$$$$00002712)
    __lit__00000000                          0x08000140   Data           4  entry2.o(.ARM.Collect$$$$00002712)
    .text                                    0x08000144   Section       36  startup_stm32f10x_hd.o(.text)
    .text                                    0x08000168   Section        0  stm32f10x_it.o(.text)
    .text                                    0x080001a8   Section        0  usart1.o(.text)
    .text                                    0x08000300   Section        0  systick.o(.text)
    .text                                    0x08000444   Section        0  stm32f10x_rcc.o(.text)
    .text                                    0x08000724   Section        0  stm32f10x_gpio.o(.text)
    .text                                    0x080009cc   Section        0  stm32f10x_usart.o(.text)
    .text                                    0x08000d24   Section        0  misc.o(.text)
    .text                                    0x08000de8   Section        0  system_stm32f10x.o(.text)
    .text                                    0x08000f40   Section        0  core_list_join.o(.text)
    .text                                    0x08001408   Section        0  core_main.o(.text)
    .text                                    0x08001e30   Section        0  core_matrix.o(.text)
    .text                                    0x08002478   Section        0  core_state.o(.text)
    .text                                    0x08002814   Section        0  core_util.o(.text)
    .text                                    0x08002924   Section        0  core_portme.o(.text)
    .text                                    0x0800299c   Section        0  ddiv.o(.text)
    .text                                    0x08002a7a   Section        0  dfltui.o(.text)
    .text                                    0x08002a94   Section        0  dfixui.o(.text)
    .text                                    0x08002ac8   Section       48  cdcmple.o(.text)
    .text                                    0x08002af8   Section       48  cdrcmple.o(.text)
    .text                                    0x08002b28   Section        0  uidiv.o(.text)
    .text                                    0x08002b54   Section        0  uldiv.o(.text)
    .text                                    0x08002bb6   Section        0  llushr.o(.text)
    .text                                    0x08002bd6   Section        0  iusefp.o(.text)
    .text                                    0x08002bd6   Section        0  depilogue.o(.text)
    .text                                    0x08002c90   Section        0  dadd.o(.text)
    .text                                    0x08002dde   Section        0  dmul.o(.text)
    .text                                    0x08002ec2   Section        0  dfixul.o(.text)
    .text                                    0x08002ef4   Section       36  init.o(.text)
    .text                                    0x08002f18   Section        0  llshl.o(.text)
    .text                                    0x08002f36   Section        0  llsshr.o(.text)
    i.__0vsnprintf                           0x08002f5c   Section        0  printfa.o(i.__0vsnprintf)
    i.__scatterload_copy                     0x08002f80   Section       14  handlers.o(i.__scatterload_copy)
    i.__scatterload_null                     0x08002f8e   Section        2  handlers.o(i.__scatterload_null)
    i.__scatterload_zeroinit                 0x08002f90   Section       14  handlers.o(i.__scatterload_zeroinit)
    i._fp_digits                             0x08002fa0   Section        0  printfa.o(i._fp_digits)
    _fp_digits                               0x08002fa1   Thumb Code   334  printfa.o(i._fp_digits)
    i._printf_core                           0x08003104   Section        0  printfa.o(i._printf_core)
    _printf_core                             0x08003105   Thumb Code  1744  printfa.o(i._printf_core)
    i._printf_post_padding                   0x080037e0   Section        0  printfa.o(i._printf_post_padding)
    _printf_post_padding                     0x080037e1   Thumb Code    36  printfa.o(i._printf_post_padding)
    i._printf_pre_padding                    0x08003804   Section        0  printfa.o(i._printf_pre_padding)
    _printf_pre_padding                      0x08003805   Thumb Code    46  printfa.o(i._printf_pre_padding)
    i._snputc                                0x08003832   Section        0  printfa.o(i._snputc)
    _snputc                                  0x08003833   Thumb Code    22  printfa.o(i._snputc)
    .conststring                             0x08003848   Section      175  core_main.o(.conststring)
    .conststring                             0x080038f8   Section      173  core_state.o(.conststring)
    .data                                    0x20000000   Section       12  systick.o(.data)
    sysTickMillis                            0x20000000   Data           4  systick.o(.data)
    sysTickPerUs                             0x20000004   Data           4  systick.o(.data)
    .data                                    0x2000000c   Section       20  stm32f10x_rcc.o(.data)
    ADCPrescTable                            0x2000000c   Data           4  stm32f10x_rcc.o(.data)
    APBAHBPrescTable                         0x20000010   Data          16  stm32f10x_rcc.o(.data)
    .data                                    0x20000020   Section       20  system_stm32f10x.o(.data)
    .data                                    0x20000034   Section       30  core_main.o(.data)
    list_known_crc                           0x20000034   Data          10  core_main.o(.data)
    matrix_known_crc                         0x2000003e   Data          10  core_main.o(.data)
    state_known_crc                          0x20000048   Data          10  core_main.o(.data)
    .data                                    0x20000054   Section       64  core_state.o(.data)
    intpat                                   0x20000054   Data          16  core_state.o(.data)
    floatpat                                 0x20000064   Data          16  core_state.o(.data)
    scipat                                   0x20000074   Data          16  core_state.o(.data)
    errpat                                   0x20000084   Data          16  core_state.o(.data)
    .data                                    0x20000094   Section        4  core_portme.o(.data)
    .data                                    0x20000098   Section        4  core_portme.o(.data)
    .data                                    0x2000009c   Section        4  core_portme.o(.data)
    .data                                    0x200000a0   Section        4  core_portme.o(.data)
    .data                                    0x200000a4   Section        4  core_portme.o(.data)
    .data                                    0x200000a8   Section        4  core_portme.o(.data)
    .data                                    0x200000ac   Section        8  core_portme.o(.data)
    STACK                                    0x200000b8   Section     8192  startup_stm32f10x_hd.o(STACK)

    Global Symbols

    Symbol Name                              Value     Ov Type        Size  Object(Section)

    BuildAttributes$$THM_ISAv4$P$D$K$B$S$PE$A:L22UL41UL21$X:L11$S22US41US21$IEEE1$IW$USESV6$~STKCKD$USESV7$~SHL$OTIME$ROPI$EBA8$MICROLIB$REQ8$PRES8$EABIv2 0x00000000   Number         0  anon$$obj.o ABSOLUTE
    __cpp_initialize__aeabi_                  - Undefined Weak Reference
    __cxa_finalize                            - Undefined Weak Reference
    __decompress                              - Undefined Weak Reference
    _clock_init                               - Undefined Weak Reference
    _microlib_exit                            - Undefined Weak Reference
    __Vectors_Size                           0x00000130   Number         0  startup_stm32f10x_hd.o ABSOLUTE
    __Vectors                                0x08000000   Data           4  startup_stm32f10x_hd.o(RESET)
    __Vectors_End                            0x08000130   Data           0  startup_stm32f10x_hd.o(RESET)
    __main                                   0x08000131   Thumb Code     0  entry.o(.ARM.Collect$$$$00000000)
    _main_stk                                0x08000131   Thumb Code     0  entry2.o(.ARM.Collect$$$$00000001)
    _main_scatterload                        0x08000135   Thumb Code     0  entry5.o(.ARM.Collect$$$$00000004)
    __main_after_scatterload                 0x08000139   Thumb Code     0  entry5.o(.ARM.Collect$$$$00000004)
    _main_clock                              0x08000139   Thumb Code     0  entry7b.o(.ARM.Collect$$$$00000008)
    _main_cpp_init                           0x08000139   Thumb Code     0  entry8b.o(.ARM.Collect$$$$0000000A)
    _main_init                               0x08000139   Thumb Code     0  entry9a.o(.ARM.Collect$$$$0000000B)
    __rt_final_cpp                           0x08000141   Thumb Code     0  entry10a.o(.ARM.Collect$$$$0000000D)
    __rt_final_exit                          0x08000141   Thumb Code     0  entry11a.o(.ARM.Collect$$$$0000000F)
    Reset_Handler                            0x08000145   Thumb Code     8  startup_stm32f10x_hd.o(.text)
    ADC1_2_IRQHandler                        0x0800015f   Thumb Code     0  startup_stm32f10x_hd.o(.text)
    ADC3_IRQHandler                          0x0800015f   Thumb Code     0  startup_stm32f10x_hd.o(.text)
    CAN1_RX1_IRQHandler                      0x0800015f   Thumb Code     0  startup_stm32f10x_hd.o(.text)
    CAN1_SCE_IRQHandler                      0x0800015f   Thumb Code     0  startup_stm32f10x_hd.o(.text)
    DMA1_Channel1_IRQHandler                 0x0800015f   Thumb Code     0  startup_stm32f10x_hd.o(.text)
    DMA1_Channel2_IRQHandler                 0x0800015f   Thumb Code     0  startup_stm32f10x_hd.o(.text)
    DMA1_Channel3_IRQHandler                 0x0800015f   Thumb Code     0  startup_stm32f10x_hd.o(.text)
    DMA1_Channel4_IRQHandler                 0x0800015f   Thumb Code     0  startup_stm32f10x_hd.o(.text)
    DMA1_Channel5_IRQHandler                 0x0800015f   Thumb Code     0  startup_stm32f10x_hd.o(.text)
    DMA1_Channel6_IRQHandler                 0x0800015f   Thumb Code     0  startup_stm32f10x_hd.o(.text)
    DMA1_Channel7_IRQHandler                 0x0800015f   Thumb Code     0  startup_stm32f10x_hd.o(.text)
    DMA2_Channel1_IRQHandler                 0x0800015f   Thumb Code     0  startup_stm32f10x_hd.o(.text)
    DMA2_Channel2_IRQHandler                 0x0800015f   Thumb Code     0  startup_stm32f10x_hd.o(.text)
    DMA2_Channel3_IRQHandler                 0x0800015f   Thumb Code     0  startup_stm32f10x_hd.o(.text)
    DMA2_Channel4_5_IRQHandler               0x0800015f   Thumb Code     0  startup_stm32f10x_hd.o(.text)
    EXTI0_IRQHandler                         0x0800015f   Thumb Code     0  startup_stm32f10x_hd.o(.text)
    EXTI15_10_IRQHandler                     0x0800015f   Thumb Code     0  startup_stm32f10x_hd.o(.text)
    EXTI1_IRQHandler                         0x0800015f   Thumb Code     0  startup_stm32f10x_hd.o(.text)
    EXTI2_IRQHandler                         0x0800015f   Thumb Code     0  startup_stm32f10x_hd.o(.text)
    EXTI3_IRQHandler                         0x0800015f   Thumb Code     0  startup_stm32f10x_hd.o(.text)
    EXTI4_IRQHandler                         0x0800015f   Thumb Code     0  startup_stm32f10x_hd.o(.text)
    EXTI9_5_IRQHandler                       0x0800015f   Thumb Code     0  startup_stm32f10x_hd.o(.text)
    FLASH_IRQHandler                         0x0800015f   Thumb Code     0  startup_stm32f10x_hd.o(.text)
    FSMC_IRQHandler                          0x0800015f   Thumb Code     0  startup_stm32f10x_hd.o(.text)
    I2C1_ER_IRQHandler                       0x0800015f   Thumb Code     0  startup_stm32f10x_hd.o(.text)
    I2C1_EV_IRQHandler                       0x0800015f   Thumb Code     0  startup_stm32f10x_hd.o(.text)
    I2C2_ER_IRQHandler                       0x0800015f   Thumb Code     0  startup_stm32f10x_hd.o(.text)
    I2C2_EV_IRQHandler                       0x0800015f   Thumb Code     0  startup_stm32f10x_hd.o(.text)
    PVD_IRQHandler                           0x0800015f   Thumb Code     0  startup_stm32f10x_hd.o(.text)
    RCC_IRQHandler                           0x0800015f   Thumb Code     0  startup_stm32f10x_hd.o(.text)
    RTCAlarm_IRQHandler                      0x0800015f   Thumb Code     0  startup_stm32f10x_hd.o(.text)
    RTC_IRQHandler                           0x0800015f   Thumb Code     0  startup_stm32f10x_hd.o(.text)
    SDIO_IRQHandler                          0x0800015f   Thumb Code     0  startup_stm32f10x_hd.o(.text)
    SPI1_IRQHandler                          0x0800015f   Thumb Code     0  startup_stm32f10x_hd.o(.text)
    SPI2_IRQHandler                          0x0800015f   Thumb Code     0  startup_stm32f10x_hd.o(.text)
    SPI3_IRQHandler                          0x0800015f   Thumb Code     0  startup_stm32f10x_hd.o(.text)
    TAMPER_IRQHandler                        0x0800015f   Thumb Code     0  startup_stm32f10x_hd.o(.text)
    TIM1_BRK_IRQHandler                      0x0800015f   Thumb Code     0  startup_stm32f10x_hd.o(.text)
    TIM1_CC_IRQHandler                       0x0800015f   Thumb Code     0  startup_stm32f10x_hd.o(.text)
    TIM1_TRG_COM_IRQHandler                  0x0800015f   Thumb Code     0  startup_stm32f10x_hd.o(.text)
    TIM1_UP_IRQHandler                       0x0800015f   Thumb Code     0  startup_stm32f10x_hd.o(.text)
    TIM2_IRQHandler                          0x0800015f   Thumb Code     0  startup_stm32f10x_hd.o(.text)
    TIM3_IRQHandler                          0x0800015f   Thumb Code     0  startup_stm32f10x_hd.o(.text)
    TIM4_IRQHandler                          0x0800015f   Thumb Code     0  startup_stm32f10x_hd.o(.text)
    TIM5_IRQHandler                          0x0800015f   Thumb Code     0  startup_stm32f10x_hd.o(.text)
    TIM6_IRQHandler                          0x0800015f   Thumb Code     0  startup_stm32f10x_hd.o(.text)
    TIM7_IRQHandler                          0x0800015f   Thumb Code     0  startup_stm32f10x_hd.o(.text)
    TIM8_BRK_IRQHandler                      0x0800015f   Thumb Code     0  startup_stm32f10x_hd.o(.text)
    TIM8_CC_IRQHandler                       0x0800015f   Thumb Code     0  startup_stm32f10x_hd.o(.text)
    TIM8_TRG_COM_IRQHandler                  0x0800015f   Thumb Code     0  startup_stm32f10x_hd.o(.text)
    TIM8_UP_IRQHandler                       0x0800015f   Thumb Code     0  startup_stm32f10x_hd.o(.text)
    UART4_IRQHandler                         0x0800015f   Thumb Code     0  startup_stm32f10x_hd.o(.text)
    UART5_IRQHandler                         0x0800015f   Thumb Code     0  startup_stm32f10x_hd.o(.text)
    USART2_IRQHandler                        0x0800015f   Thumb Code     0  startup_stm32f10x_hd.o(.text)
    USART3_IRQHandler                        0x0800015f   Thumb Code     0  startup_stm32f10x_hd.o(.text)
    USBWakeUp_IRQHandler                     0x0800015f   Thumb Code     0  startup_stm32f10x_hd.o(.text)
    USB_HP_CAN1_TX_IRQHandler                0x0800015f   Thumb Code     0  startup_stm32f10x_hd.o(.text)
    USB_LP_CAN1_RX0_IRQHandler               0x0800015f   Thumb Code     0  startup_stm32f10x_hd.o(.text)
    WWDG_IRQHandler                          0x0800015f   Thumb Code     0  startup_stm32f10x_hd.o(.text)
    NMI_Handler                              0x08000169   Thumb Code     2  stm32f10x_it.o(.text)
    HardFault_Handler                        0x0800016b   Thumb Code     2  stm32f10x_it.o(.text)
    MemManage_Handler                        0x0800016d   Thumb Code     2  stm32f10x_it.o(.text)
    BusFault_Handler                         0x0800016f   Thumb Code     2  stm32f10x_it.o(.text)
    UsageFault_Handler                       0x08000171   Thumb Code     2  stm32f10x_it.o(.text)
    SVC_Handler                              0x08000173   Thumb Code     2  stm32f10x_it.o(.text)
    DebugMon_Handler                         0x08000175   Thumb Code     2  stm32f10x_it.o(.text)
    PendSV_Handler                           0x08000177   Thumb Code     2  stm32f10x_it.o(.text)
    USART1_IRQHandler                        0x08000179   Thumb Code    34  stm32f10x_it.o(.text)
    NVIC_Configuration                       0x080001a9   Thumb Code    40  usart1.o(.text)
    USART1_Config                            0x080001d1   Thumb Code   162  usart1.o(.text)
    usartPutChar                             0x08000273   Thumb Code    22  usart1.o(.text)
    usartPutString                           0x08000289   Thumb Code    40  usart1.o(.text)
    myPrintf                                 0x080002b1   Thumb Code    70  usart1.o(.text)
    delay_x_ms                               0x08000301   Thumb Code    26  systick.o(.text)
    initSystick                              0x0800031b   Thumb Code    50  systick.o(.text)
    SysTick_Handler                          0x0800034d   Thumb Code    10  systick.o(.text)
    millis                                   0x08000357   Thumb Code     6  systick.o(.text)
    micros                                   0x0800035d   Thumb Code    62  systick.o(.text)
    GetIdleMax                               0x0800039b   Thumb Code   152  systick.o(.text)
    RCC_DeInit                               0x08000445   Thumb Code    54  stm32f10x_rcc.o(.text)
    RCC_HSEConfig                            0x0800047b   Thumb Code    50  stm32f10x_rcc.o(.text)
    RCC_GetFlagStatus                        0x080004ad   Thumb Code    42  stm32f10x_rcc.o(.text)
    RCC_WaitForHSEStartUp                    0x080004d7   Thumb Code    50  stm32f10x_rcc.o(.text)
    RCC_AdjustHSICalibrationValue            0x08000509   Thumb Code    16  stm32f10x_rcc.o(.text)
    RCC_HSICmd                               0x08000519   Thumb Code     6  stm32f10x_rcc.o(.text)
    RCC_PLLConfig                            0x0800051f   Thumb Code    16  stm32f10x_rcc.o(.text)
    RCC_PLLCmd                               0x0800052f   Thumb Code     6  stm32f10x_rcc.o(.text)
    RCC_SYSCLKConfig                         0x08000535   Thumb Code    14  stm32f10x_rcc.o(.text)
    RCC_GetSYSCLKSource                      0x08000543   Thumb Code    10  stm32f10x_rcc.o(.text)
    RCC_HCLKConfig                           0x0800054d   Thumb Code    14  stm32f10x_rcc.o(.text)
    RCC_PCLK1Config                          0x0800055b   Thumb Code    14  stm32f10x_rcc.o(.text)
    RCC_PCLK2Config                          0x08000569   Thumb Code    16  stm32f10x_rcc.o(.text)
    RCC_ITConfig                             0x08000579   Thumb Code    18  stm32f10x_rcc.o(.text)
    RCC_USBCLKConfig                         0x0800058b   Thumb Code     8  stm32f10x_rcc.o(.text)
    RCC_ADCCLKConfig                         0x08000593   Thumb Code    14  stm32f10x_rcc.o(.text)
    RCC_LSEConfig                            0x080005a1   Thumb Code    30  stm32f10x_rcc.o(.text)
    RCC_LSICmd                               0x080005bf   Thumb Code     6  stm32f10x_rcc.o(.text)
    RCC_RTCCLKConfig                         0x080005c5   Thumb Code    10  stm32f10x_rcc.o(.text)
    RCC_RTCCLKCmd                            0x080005cf   Thumb Code     6  stm32f10x_rcc.o(.text)
    RCC_GetClocksFreq                        0x080005d5   Thumb Code   152  stm32f10x_rcc.o(.text)
    RCC_AHBPeriphClockCmd                    0x0800066d   Thumb Code    18  stm32f10x_rcc.o(.text)
    RCC_APB2PeriphClockCmd                   0x0800067f   Thumb Code    18  stm32f10x_rcc.o(.text)
    RCC_APB1PeriphClockCmd                   0x08000691   Thumb Code    18  stm32f10x_rcc.o(.text)
    RCC_APB2PeriphResetCmd                   0x080006a3   Thumb Code    18  stm32f10x_rcc.o(.text)
    RCC_APB1PeriphResetCmd                   0x080006b5   Thumb Code    18  stm32f10x_rcc.o(.text)
    RCC_BackupResetCmd                       0x080006c7   Thumb Code     6  stm32f10x_rcc.o(.text)
    RCC_ClockSecuritySystemCmd               0x080006cd   Thumb Code     6  stm32f10x_rcc.o(.text)
    RCC_MCOConfig                            0x080006d3   Thumb Code     6  stm32f10x_rcc.o(.text)
    RCC_ClearFlag                            0x080006d9   Thumb Code    12  stm32f10x_rcc.o(.text)
    RCC_GetITStatus                          0x080006e5   Thumb Code    16  stm32f10x_rcc.o(.text)
    RCC_ClearITPendingBit                    0x080006f5   Thumb Code     6  stm32f10x_rcc.o(.text)
    GPIO_DeInit                              0x08000725   Thumb Code   192  stm32f10x_gpio.o(.text)
    GPIO_AFIODeInit                          0x080007e5   Thumb Code    22  stm32f10x_gpio.o(.text)
    GPIO_Init                                0x080007fb   Thumb Code   186  stm32f10x_gpio.o(.text)
    GPIO_StructInit                          0x080008b5   Thumb Code    16  stm32f10x_gpio.o(.text)
    GPIO_ReadInputDataBit                    0x080008c5   Thumb Code    14  stm32f10x_gpio.o(.text)
    GPIO_ReadInputData                       0x080008d3   Thumb Code     6  stm32f10x_gpio.o(.text)
    GPIO_ReadOutputDataBit                   0x080008d9   Thumb Code    14  stm32f10x_gpio.o(.text)
    GPIO_ReadOutputData                      0x080008e7   Thumb Code     6  stm32f10x_gpio.o(.text)
    GPIO_SetBits                             0x080008ed   Thumb Code     4  stm32f10x_gpio.o(.text)
    GPIO_ResetBits                           0x080008f1   Thumb Code     4  stm32f10x_gpio.o(.text)
    GPIO_WriteBit                            0x080008f5   Thumb Code    10  stm32f10x_gpio.o(.text)
    GPIO_Write                               0x080008ff   Thumb Code     4  stm32f10x_gpio.o(.text)
    GPIO_PinLockConfig                       0x08000903   Thumb Code    16  stm32f10x_gpio.o(.text)
    GPIO_EventOutputConfig                   0x08000913   Thumb Code    22  stm32f10x_gpio.o(.text)
    GPIO_EventOutputCmd                      0x08000929   Thumb Code     6  stm32f10x_gpio.o(.text)
    GPIO_PinRemapConfig                      0x0800092f   Thumb Code   102  stm32f10x_gpio.o(.text)
    GPIO_EXTILineConfig                      0x08000995   Thumb Code    40  stm32f10x_gpio.o(.text)
    GPIO_ETH_MediaInterfaceConfig            0x080009bd   Thumb Code     8  stm32f10x_gpio.o(.text)
    USART_DeInit                             0x080009cd   Thumb Code   148  stm32f10x_usart.o(.text)
    USART_Init                               0x08000a61   Thumb Code   174  stm32f10x_usart.o(.text)
    USART_StructInit                         0x08000b0f   Thumb Code    22  stm32f10x_usart.o(.text)
    USART_ClockInit                          0x08000b25   Thumb Code    36  stm32f10x_usart.o(.text)
    USART_ClockStructInit                    0x08000b49   Thumb Code    12  stm32f10x_usart.o(.text)
    USART_Cmd                                0x08000b55   Thumb Code    18  stm32f10x_usart.o(.text)
    USART_ITConfig                           0x08000b67   Thumb Code    48  stm32f10x_usart.o(.text)
    USART_DMACmd                             0x08000b97   Thumb Code    16  stm32f10x_usart.o(.text)
    USART_SetAddress                         0x08000ba7   Thumb Code    16  stm32f10x_usart.o(.text)
    USART_WakeUpConfig                       0x08000bb7   Thumb Code    16  stm32f10x_usart.o(.text)
    USART_ReceiverWakeUpCmd                  0x08000bc7   Thumb Code    18  stm32f10x_usart.o(.text)
    USART_LINBreakDetectLengthConfig         0x08000bd9   Thumb Code    16  stm32f10x_usart.o(.text)
    USART_LINCmd                             0x08000be9   Thumb Code    18  stm32f10x_usart.o(.text)
    USART_SendData                           0x08000bfb   Thumb Code     8  stm32f10x_usart.o(.text)
    USART_ReceiveData                        0x08000c03   Thumb Code     8  stm32f10x_usart.o(.text)
    USART_SendBreak                          0x08000c0b   Thumb Code    10  stm32f10x_usart.o(.text)
    USART_SetGuardTime                       0x08000c15   Thumb Code    16  stm32f10x_usart.o(.text)
    USART_SetPrescaler                       0x08000c25   Thumb Code    16  stm32f10x_usart.o(.text)
    USART_SmartCardCmd                       0x08000c35   Thumb Code    18  stm32f10x_usart.o(.text)
    USART_SmartCardNACKCmd                   0x08000c47   Thumb Code    18  stm32f10x_usart.o(.text)
    USART_HalfDuplexCmd                      0x08000c59   Thumb Code    18  stm32f10x_usart.o(.text)
    USART_OverSampling8Cmd                   0x08000c6b   Thumb Code    18  stm32f10x_usart.o(.text)
    USART_OneBitMethodCmd                    0x08000c7d   Thumb Code    18  stm32f10x_usart.o(.text)
    USART_IrDAConfig                         0x08000c8f   Thumb Code    16  stm32f10x_usart.o(.text)
    USART_IrDACmd                            0x08000c9f   Thumb Code    18  stm32f10x_usart.o(.text)
    USART_GetFlagStatus                      0x08000cb1   Thumb Code    14  stm32f10x_usart.o(.text)
    USART_ClearFlag                          0x08000cbf   Thumb Code     6  stm32f10x_usart.o(.text)
    USART_GetITStatus                        0x08000cc5   Thumb Code    76  stm32f10x_usart.o(.text)
    USART_ClearITPendingBit                  0x08000d11   Thumb Code    14  stm32f10x_usart.o(.text)
    NVIC_PriorityGroupConfig                 0x08000d25   Thumb Code    14  misc.o(.text)
    NVIC_Init                                0x08000d33   Thumb Code   112  misc.o(.text)
    NVIC_SetVectorTable                      0x08000da3   Thumb Code    16  misc.o(.text)
    NVIC_SystemLPConfig                      0x08000db3   Thumb Code    18  misc.o(.text)
    SysTick_CLKSourceConfig                  0x08000dc5   Thumb Code    22  misc.o(.text)
    SystemInit                               0x08000de9   Thumb Code   222  system_stm32f10x.o(.text)
    SystemCoreClockUpdate                    0x08000ec7   Thumb Code    90  system_stm32f10x.o(.text)
    calc_func                                0x08000f41   Thumb Code   142  core_list_join.o(.text)
    cmp_complex                              0x08000fcf   Thumb Code    26  core_list_join.o(.text)
    cmp_idx                                  0x08000fe9   Thumb Code    42  core_list_join.o(.text)
    copy_info                                0x08001013   Thumb Code    10  core_list_join.o(.text)
    core_list_mergesort                      0x0800101d   Thumb Code   166  core_list_join.o(.text)
    core_list_undo_remove                    0x080010c3   Thumb Code    16  core_list_join.o(.text)
    core_list_find                           0x080010d3   Thumb Code    54  core_list_join.o(.text)
    core_list_remove                         0x08001109   Thumb Code    24  core_list_join.o(.text)
    core_list_reverse                        0x08001121   Thumb Code    18  core_list_join.o(.text)
    core_bench_list                          0x08001133   Thumb Code   390  core_list_join.o(.text)
    core_list_insert_new                     0x080012b9   Thumb Code    68  core_list_join.o(.text)
    core_list_init                           0x080012fd   Thumb Code   264  core_list_join.o(.text)
    iterate                                  0x08001409   Thumb Code    72  core_main.o(.text)
    main                                     0x08001451   Thumb Code  1920  core_main.o(.text)
    matrix_add_const                         0x08001e31   Thumb Code    74  core_matrix.o(.text)
    matrix_sum                               0x08001e7b   Thumb Code    92  core_matrix.o(.text)
    matrix_mul_matrix_bitextract             0x08001ed7   Thumb Code   128  core_matrix.o(.text)
    matrix_mul_matrix                        0x08001f57   Thumb Code   160  core_matrix.o(.text)
    matrix_mul_vect                          0x08001ff7   Thumb Code   122  core_matrix.o(.text)
    matrix_mul_const                         0x08002071   Thumb Code   112  core_matrix.o(.text)
    matrix_test                              0x080020e1   Thumb Code   718  core_matrix.o(.text)
    core_bench_matrix                        0x080023af   Thumb Code    34  core_matrix.o(.text)
    core_init_matrix                         0x080023d1   Thumb Code   166  core_matrix.o(.text)
    core_state_transition                    0x08002479   Thumb Code   418  core_state.o(.text)
    core_bench_state                         0x0800261b   Thumb Code   238  core_state.o(.text)
    core_init_state                          0x08002709   Thumb Code   260  core_state.o(.text)
    get_seed_32                              0x08002815   Thumb Code    42  core_util.o(.text)
    crcu8                                    0x0800283f   Thumb Code    34  core_util.o(.text)
    crcu16                                   0x08002861   Thumb Code    74  core_util.o(.text)
    crc16                                    0x080028ab   Thumb Code    76  core_util.o(.text)
    crcu32                                   0x080028f7   Thumb Code    22  core_util.o(.text)
    check_data_types                         0x0800290d   Thumb Code     4  core_util.o(.text)
    start_time                               0x08002925   Thumb Code    10  core_portme.o(.text)
    stop_time                                0x0800292f   Thumb Code    24  core_portme.o(.text)
    get_time                                 0x08002947   Thumb Code     6  core_portme.o(.text)
    time_in_secs                             0x0800294d   Thumb Code    22  core_portme.o(.text)
    portable_init                            0x08002963   Thumb Code    16  core_portme.o(.text)
    portable_fini                            0x08002973   Thumb Code     6  core_portme.o(.text)
    __aeabi_ddiv                             0x0800299d   Thumb Code   222  ddiv.o(.text)
    __aeabi_ui2d                             0x08002a7b   Thumb Code    26  dfltui.o(.text)
    __aeabi_d2uiz                            0x08002a95   Thumb Code    50  dfixui.o(.text)
    __aeabi_cdcmpeq                          0x08002ac9   Thumb Code     0  cdcmple.o(.text)
    __aeabi_cdcmple                          0x08002ac9   Thumb Code    48  cdcmple.o(.text)
    __aeabi_cdrcmple                         0x08002af9   Thumb Code    48  cdrcmple.o(.text)
    __aeabi_uidiv                            0x08002b29   Thumb Code     0  uidiv.o(.text)
    __aeabi_uidivmod                         0x08002b29   Thumb Code    44  uidiv.o(.text)
    __aeabi_uldivmod                         0x08002b55   Thumb Code    98  uldiv.o(.text)
    __aeabi_llsr                             0x08002bb7   Thumb Code    32  llushr.o(.text)
    _ll_ushift_r                             0x08002bb7   Thumb Code     0  llushr.o(.text)
    __I$use$fp                               0x08002bd7   Thumb Code     0  iusefp.o(.text)
    _double_round                            0x08002bd7   Thumb Code    30  depilogue.o(.text)
    _double_epilogue                         0x08002bf5   Thumb Code   156  depilogue.o(.text)
    __aeabi_dadd                             0x08002c91   Thumb Code   322  dadd.o(.text)
    __aeabi_dsub                             0x08002dd3   Thumb Code     6  dadd.o(.text)
    __aeabi_drsub                            0x08002dd9   Thumb Code     6  dadd.o(.text)
    __aeabi_dmul                             0x08002ddf   Thumb Code   228  dmul.o(.text)
    __aeabi_d2ulz                            0x08002ec3   Thumb Code    48  dfixul.o(.text)
    __scatterload                            0x08002ef5   Thumb Code    28  init.o(.text)
    __scatterload_rt2                        0x08002ef5   Thumb Code     0  init.o(.text)
    __aeabi_llsl                             0x08002f19   Thumb Code    30  llshl.o(.text)
    _ll_shift_l                              0x08002f19   Thumb Code     0  llshl.o(.text)
    __aeabi_lasr                             0x08002f37   Thumb Code    36  llsshr.o(.text)
    _ll_sshift_r                             0x08002f37   Thumb Code     0  llsshr.o(.text)
    __0vsnprintf                             0x08002f5d   Thumb Code    32  printfa.o(i.__0vsnprintf)
    __1vsnprintf                             0x08002f5d   Thumb Code     0  printfa.o(i.__0vsnprintf)
    __2vsnprintf                             0x08002f5d   Thumb Code     0  printfa.o(i.__0vsnprintf)
    __c89vsnprintf                           0x08002f5d   Thumb Code     0  printfa.o(i.__0vsnprintf)
    vsnprintf                                0x08002f5d   Thumb Code     0  printfa.o(i.__0vsnprintf)
    __scatterload_copy                       0x08002f81   Thumb Code    14  handlers.o(i.__scatterload_copy)
    __scatterload_null                       0x08002f8f   Thumb Code     2  handlers.o(i.__scatterload_null)
    __scatterload_zeroinit                   0x08002f91   Thumb Code    14  handlers.o(i.__scatterload_zeroinit)
    Region$$Table$$Base                      0x080039a8   Number         0  anon$$obj.o(Region$$Table)
    Region$$Table$$Limit                     0x080039c8   Number         0  anon$$obj.o(Region$$Table)
    idleMax                                  0x20000008   Data           4  systick.o(.data)
    SystemCoreClock                          0x20000020   Data           4  system_stm32f10x.o(.data)
    AHBPrescTable                            0x20000024   Data          16  system_stm32f10x.o(.data)
    seed1_volatile                           0x20000094   Data           4  core_portme.o(.data)
    seed2_volatile                           0x20000098   Data           4  core_portme.o(.data)
    seed3_volatile                           0x2000009c   Data           4  core_portme.o(.data)
    seed4_volatile                           0x200000a0   Data           4  core_portme.o(.data)
    seed5_volatile                           0x200000a4   Data           4  core_portme.o(.data)
    default_num_contexts                     0x200000a8   Data           4  core_portme.o(.data)
    Ticks                                    0x200000ac   Data           4  core_portme.o(.data)
    counter                                  0x200000b0   Data           4  core_portme.o(.data)
    __initial_sp                             0x200020b8   Data           0  startup_stm32f10x_hd.o(STACK)



==============================================================================

Memory Map of the image

  Image Entry point : 0x08000131

  Load Region LR_IROM1 (Base: 0x08000000, Size: 0x00003a7c, Max: 0x00080000, ABSOLUTE)

    Execution Region ER_IROM1 (Base: 0x08000000, Size: 0x000039c8, Max: 0x00080000, ABSOLUTE)

    Base Addr    Size         Type   Attr      Idx    E Section Name        Object

    0x08000000   0x00000130   Data   RO            3    RESET               startup_stm32f10x_hd.o
    0x08000130   0x00000000   Code   RO          331  * .ARM.Collect$$$$00000000  mc_w.l(entry.o)
    0x08000130   0x00000004   Code   RO          372    .ARM.Collect$$$$00000001  mc_w.l(entry2.o)
    0x08000134   0x00000004   Code   RO          375    .ARM.Collect$$$$00000004  mc_w.l(entry5.o)
    0x08000138   0x00000000   Code   RO          377    .ARM.Collect$$$$00000008  mc_w.l(entry7b.o)
    0x08000138   0x00000000   Code   RO          379    .ARM.Collect$$$$0000000A  mc_w.l(entry8b.o)
    0x08000138   0x00000008   Code   RO          380    .ARM.Collect$$$$0000000B  mc_w.l(entry9a.o)
    0x08000140   0x00000000   Code   RO          382    .ARM.Collect$$$$0000000D  mc_w.l(entry10a.o)
    0x08000140   0x00000000   Code   RO          384    .ARM.Collect$$$$0000000F  mc_w.l(entry11a.o)
    0x08000140   0x00000004   Code   RO          373    .ARM.Collect$$$$00002712  mc_w.l(entry2.o)
    0x08000144   0x00000024   Code   RO            4    .text               startup_stm32f10x_hd.o
    0x08000168   0x00000040   Code   RO           63    .text               stm32f10x_it.o
    0x080001a8   0x00000158   Code   RO           78    .text               usart1.o
    0x08000300   0x00000144   Code   RO          101    .text               systick.o
    0x08000444   0x000002e0   Code   RO          124    .text               stm32f10x_rcc.o
    0x08000724   0x000002a8   Code   RO          139    .text               stm32f10x_gpio.o
    0x080009cc   0x00000358   Code   RO          151    .text               stm32f10x_usart.o
    0x08000d24   0x000000c4   Code   RO          163    .text               misc.o
    0x08000de8   0x00000158   Code   RO          185    .text               system_stm32f10x.o
    0x08000f40   0x000004c8   Code   RO          203    .text               core_list_join.o
    0x08001408   0x00000a28   Code   RO          233    .text               core_main.o
    0x08001e30   0x00000646   Code   RO          252    .text               core_matrix.o
    0x08002476   0x00000002   PAD
    0x08002478   0x0000039c   Code   RO          265    .text               core_state.o
    0x08002814   0x00000110   Code   RO          284    .text               core_util.o
    0x08002924   0x00000078   Code   RO          297    .text               core_portme.o
    0x0800299c   0x000000de   Code   RO          362    .text               mf_w.l(ddiv.o)
    0x08002a7a   0x0000001a   Code   RO          364    .text               mf_w.l(dfltui.o)
    0x08002a94   0x00000032   Code   RO          366    .text               mf_w.l(dfixui.o)
    0x08002ac6   0x00000002   PAD
    0x08002ac8   0x00000030   Code   RO          368    .text               mf_w.l(cdcmple.o)
    0x08002af8   0x00000030   Code   RO          370    .text               mf_w.l(cdrcmple.o)
    0x08002b28   0x0000002c   Code   RO          389    .text               mc_w.l(uidiv.o)
    0x08002b54   0x00000062   Code   RO          391    .text               mc_w.l(uldiv.o)
    0x08002bb6   0x00000020   Code   RO          393    .text               mc_w.l(llushr.o)
    0x08002bd6   0x00000000   Code   RO          395    .text               mc_w.l(iusefp.o)
    0x08002bd6   0x000000ba   Code   RO          396    .text               mf_w.l(depilogue.o)
    0x08002c90   0x0000014e   Code   RO          398    .text               mf_w.l(dadd.o)
    0x08002dde   0x000000e4   Code   RO          400    .text               mf_w.l(dmul.o)
    0x08002ec2   0x00000030   Code   RO          402    .text               mf_w.l(dfixul.o)
    0x08002ef2   0x00000002   PAD
    0x08002ef4   0x00000024   Code   RO          404    .text               mc_w.l(init.o)
    0x08002f18   0x0000001e   Code   RO          407    .text               mc_w.l(llshl.o)
    0x08002f36   0x00000024   Code   RO          409    .text               mc_w.l(llsshr.o)
    0x08002f5a   0x00000002   PAD
    0x08002f5c   0x00000024   Code   RO          340    i.__0vsnprintf      mc_w.l(printfa.o)
    0x08002f80   0x0000000e   Code   RO          414    i.__scatterload_copy  mc_w.l(handlers.o)
    0x08002f8e   0x00000002   Code   RO          415    i.__scatterload_null  mc_w.l(handlers.o)
    0x08002f90   0x0000000e   Code   RO          416    i.__scatterload_zeroinit  mc_w.l(handlers.o)
    0x08002f9e   0x00000002   PAD
    0x08002fa0   0x00000164   Code   RO          342    i._fp_digits        mc_w.l(printfa.o)
    0x08003104   0x000006dc   Code   RO          343    i._printf_core      mc_w.l(printfa.o)
    0x080037e0   0x00000024   Code   RO          344    i._printf_post_padding  mc_w.l(printfa.o)
    0x08003804   0x0000002e   Code   RO          345    i._printf_pre_padding  mc_w.l(printfa.o)
    0x08003832   0x00000016   Code   RO          346    i._snputc           mc_w.l(printfa.o)
    0x08003848   0x000000af   Data   RO          235    .conststring        core_main.o
    0x080038f7   0x00000001   PAD
    0x080038f8   0x000000ad   Data   RO          266    .conststring        core_state.o
    0x080039a5   0x00000003   PAD
    0x080039a8   0x00000020   Data   RO          412    Region$$Table       anon$$obj.o


    Execution Region RW_IRAM1 (Base: 0x20000000, Size: 0x000020b8, Max: 0x00010000, ABSOLUTE)

    Base Addr    Size         Type   Attr      Idx    E Section Name        Object

    0x20000000   0x0000000c   Data   RW          102    .data               systick.o
    0x2000000c   0x00000014   Data   RW          125    .data               stm32f10x_rcc.o
    0x20000020   0x00000014   Data   RW          186    .data               system_stm32f10x.o
    0x20000034   0x0000001e   Data   RW          236    .data               core_main.o
    0x20000052   0x00000002   PAD
    0x20000054   0x00000040   Data   RW          267    .data               core_state.o
    0x20000094   0x00000004   Data   RW          298    .data               core_portme.o
    0x20000098   0x00000004   Data   RW          299    .data               core_portme.o
    0x2000009c   0x00000004   Data   RW          300    .data               core_portme.o
    0x200000a0   0x00000004   Data   RW          301    .data               core_portme.o
    0x200000a4   0x00000004   Data   RW          302    .data               core_portme.o
    0x200000a8   0x00000004   Data   RW          303    .data               core_portme.o
    0x200000ac   0x00000008   Data   RW          304    .data               core_portme.o
    0x200000b4   0x00000004   PAD
    0x200000b8   0x00002000   Zero   RW            1    STACK               startup_stm32f10x_hd.o


==============================================================================

Image component sizes


      Code (inc. data)   RO Data    RW Data    ZI Data      Debug   Object Name

      1224          4          0          0          0      10163   core_list_join.o
      2600       1092        175         30          0       3228   core_main.o
      1606          0          0          0          0       8859   core_matrix.o
       120         36          0         32          0       4849   core_portme.o
       924         16        173         64          0       4309   core_state.o
       272         26          0          0          0       2866   core_util.o
         0          0          0          0          0     234432   main.o
       196         14          0          0          0       1729   misc.o
        36          8        304          0       8192        824   startup_stm32f10x_hd.o
       680          8          0          0          0       5777   stm32f10x_gpio.o
        64         14          0          0          0       1288   stm32f10x_it.o
       736         42          0         20          0       8738   stm32f10x_rcc.o
       856          6          0          0          0       8164   stm32f10x_usart.o
       344         32          0         20          0       1715   system_stm32f10x.o
       324         18          0         12          0      17601   systick.o
       344         10          0          0          0       2602   usart1.o

    ----------------------------------------------------------------------
     10328       1326        688        180       8196     317144   Object Totals
         0          0         32          0          0          0   (incl. Generated)
         2          0          4          2          4          0   (incl. Padding)

    ----------------------------------------------------------------------

      Code (inc. data)   RO Data    RW Data    ZI Data      Debug   Library Member Name

         0          0          0          0          0          0   entry.o
         0          0          0          0          0          0   entry10a.o
         0          0          0          0          0          0   entry11a.o
         8          4          0          0          0          0   entry2.o
         4          0          0          0          0          0   entry5.o
         0          0          0          0          0          0   entry7b.o
         0          0          0          0          0          0   entry8b.o
         8          4          0          0          0          0   entry9a.o
        30          0          0          0          0          0   handlers.o
        36          8          0          0          0         68   init.o
         0          0          0          0          0          0   iusefp.o
        30          0          0          0          0         68   llshl.o
        36          0          0          0          0         68   llsshr.o
        32          0          0          0          0         68   llushr.o
      2252         84          0          0          0        508   printfa.o
        44          0          0          0          0         80   uidiv.o
        98          0          0          0          0         92   uldiv.o
        48          0          0          0          0         68   cdcmple.o
        48          0          0          0          0         68   cdrcmple.o
       334          0          0          0          0        148   dadd.o
       222          0          0          0          0        100   ddiv.o
       186          0          0          0          0        176   depilogue.o
        50          0          0          0          0         76   dfixui.o
        48          0          0          0          0         68   dfixul.o
        26          0          0          0          0         76   dfltui.o
       228          0          0          0          0         96   dmul.o

    ----------------------------------------------------------------------
      3776        100          0          0          0       1828   Library Totals
         8          0          0          0          0          0   (incl. Padding)

    ----------------------------------------------------------------------

      Code (inc. data)   RO Data    RW Data    ZI Data      Debug   Library Name

      2578        100          0          0          0        952   mc_w.l
      1190          0          0          0          0        876   mf_w.l

    ----------------------------------------------------------------------
      3776        100          0          0          0       1828   Library Totals

    ----------------------------------------------------------------------

==============================================================================


      Code (inc. data)   RO Data    RW Data    ZI Data      Debug   

     14104       1426        688        180       8196     316420   Grand Totals
     14104       1426        688        180       8196     316420   ELF Image Totals
     14104       1426        688        180          0          0   ROM Totals

==============================================================================

    Total RO  Size (Code + RO Data)                14792 (  14.45kB)
    Total RW  Size (RW Data + ZI Data)              8376 (   8.18kB)
    Total ROM Size (Code + RO Data + RW Data)      14972 (  14.62kB)

==============================================================================

