Component: ARM Compiler 5.05 update 2 (build 169) Tool: armlink [4d0f33]

==============================================================================

Section Cross References

    stm32f10x_it.o(i.SysTick_Handler) refers to core_portme.o(.data) for Tick
    system_stm32f10x.o(i.SystemCoreClockUpdate) refers to system_stm32f10x.o(.data) for .data
    startup_stm32f10x_hd.o(STACK) refers (Special) to heapauxi.o(.text) for __use_two_region_memory
    startup_stm32f10x_hd.o(HEAP) refers (Special) to heapauxi.o(.text) for __use_two_region_memory
    startup_stm32f10x_hd.o(RESET) refers (Special) to heapauxi.o(.text) for __use_two_region_memory
    startup_stm32f10x_hd.o(RESET) refers to startup_stm32f10x_hd.o(STACK) for __initial_sp
    startup_stm32f10x_hd.o(RESET) refers to startup_stm32f10x_hd.o(.text) for Reset_Handler
    startup_stm32f10x_hd.o(RESET) refers to stm32f10x_it.o(i.NMI_Handler) for NMI_Handler
    startup_stm32f10x_hd.o(RESET) refers to stm32f10x_it.o(i.HardFault_Handler) for HardFault_Handler
    startup_stm32f10x_hd.o(RESET) refers to stm32f10x_it.o(i.MemManage_Handler) for MemManage_Handler
    startup_stm32f10x_hd.o(RESET) refers to stm32f10x_it.o(i.BusFault_Handler) for BusFault_Handler
    startup_stm32f10x_hd.o(RESET) refers to stm32f10x_it.o(i.UsageFault_Handler) for UsageFault_Handler
    startup_stm32f10x_hd.o(RESET) refers to stm32f10x_it.o(i.SVC_Handler) for SVC_Handler
    startup_stm32f10x_hd.o(RESET) refers to stm32f10x_it.o(i.DebugMon_Handler) for DebugMon_Handler
    startup_stm32f10x_hd.o(RESET) refers to stm32f10x_it.o(i.PendSV_Handler) for PendSV_Handler
    startup_stm32f10x_hd.o(RESET) refers to stm32f10x_it.o(i.SysTick_Handler) for SysTick_Handler
    startup_stm32f10x_hd.o(RESET) refers to timer.o(i.TIM3_IRQHandler) for TIM3_IRQHandler
    startup_stm32f10x_hd.o(RESET) refers to usart.o(i.USART1_IRQHandler) for USART1_IRQHandler
    startup_stm32f10x_hd.o(RESET) refers to timer.o(i.TIM6_IRQHandler) for TIM6_IRQHandler
    startup_stm32f10x_hd.o(.text) refers (Special) to heapauxi.o(.text) for __use_two_region_memory
    startup_stm32f10x_hd.o(.text) refers to system_stm32f10x.o(i.SystemInit) for SystemInit
    startup_stm32f10x_hd.o(.text) refers to __main.o(!!!main) for __main
    startup_stm32f10x_hd.o(.text) refers to startup_stm32f10x_hd.o(HEAP) for Heap_Mem
    startup_stm32f10x_hd.o(.text) refers to startup_stm32f10x_hd.o(STACK) for Stack_Mem
    stm32f10x_gpio.o(i.GPIO_AFIODeInit) refers to stm32f10x_rcc.o(i.RCC_APB2PeriphResetCmd) for RCC_APB2PeriphResetCmd
    stm32f10x_gpio.o(i.GPIO_DeInit) refers to stm32f10x_rcc.o(i.RCC_APB2PeriphResetCmd) for RCC_APB2PeriphResetCmd
    stm32f10x_rcc.o(i.RCC_GetClocksFreq) refers to stm32f10x_rcc.o(.data) for .data
    stm32f10x_usart.o(i.USART_DeInit) refers to stm32f10x_rcc.o(i.RCC_APB1PeriphResetCmd) for RCC_APB1PeriphResetCmd
    stm32f10x_usart.o(i.USART_DeInit) refers to stm32f10x_rcc.o(i.RCC_APB2PeriphResetCmd) for RCC_APB2PeriphResetCmd
    stm32f10x_usart.o(i.USART_Init) refers to stm32f10x_rcc.o(i.RCC_GetClocksFreq) for RCC_GetClocksFreq
    stm32f10x_tim.o(i.TIM_DeInit) refers to stm32f10x_rcc.o(i.RCC_APB2PeriphResetCmd) for RCC_APB2PeriphResetCmd
    stm32f10x_tim.o(i.TIM_DeInit) refers to stm32f10x_rcc.o(i.RCC_APB1PeriphResetCmd) for RCC_APB1PeriphResetCmd
    stm32f10x_tim.o(i.TIM_ICInit) refers to stm32f10x_tim.o(i.TI2_Config) for TI2_Config
    stm32f10x_tim.o(i.TIM_PWMIConfig) refers to stm32f10x_tim.o(i.TI2_Config) for TI2_Config
    stm32f10x_tim.o(i.TIM_TIxExternalClockConfig) refers to stm32f10x_tim.o(i.TI2_Config) for TI2_Config
    stm32f10x_flash.o(i.FLASH_EnableWriteProtection) refers to stm32f10x_flash.o(i.FLASH_WaitForLastOperation) for FLASH_WaitForLastOperation
    stm32f10x_flash.o(i.FLASH_EraseAllBank1Pages) refers to stm32f10x_flash.o(i.FLASH_WaitForLastBank1Operation) for FLASH_WaitForLastBank1Operation
    stm32f10x_flash.o(i.FLASH_EraseAllPages) refers to stm32f10x_flash.o(i.FLASH_WaitForLastOperation) for FLASH_WaitForLastOperation
    stm32f10x_flash.o(i.FLASH_EraseOptionBytes) refers to stm32f10x_flash.o(i.FLASH_WaitForLastOperation) for FLASH_WaitForLastOperation
    stm32f10x_flash.o(i.FLASH_ErasePage) refers to stm32f10x_flash.o(i.FLASH_WaitForLastOperation) for FLASH_WaitForLastOperation
    stm32f10x_flash.o(i.FLASH_ProgramHalfWord) refers to stm32f10x_flash.o(i.FLASH_WaitForLastOperation) for FLASH_WaitForLastOperation
    stm32f10x_flash.o(i.FLASH_ProgramOptionByteData) refers to stm32f10x_flash.o(i.FLASH_WaitForLastOperation) for FLASH_WaitForLastOperation
    stm32f10x_flash.o(i.FLASH_ProgramWord) refers to stm32f10x_flash.o(i.FLASH_WaitForLastOperation) for FLASH_WaitForLastOperation
    stm32f10x_flash.o(i.FLASH_ReadOutProtection) refers to stm32f10x_flash.o(i.FLASH_WaitForLastOperation) for FLASH_WaitForLastOperation
    stm32f10x_flash.o(i.FLASH_UserOptionByteConfig) refers to stm32f10x_flash.o(i.FLASH_WaitForLastOperation) for FLASH_WaitForLastOperation
[...]
    GUI__aNumBuffers                         0x200000f4   Data           2  gui_core.o(.data)
    GUI_pLCD_APIList                         0x200000f8   Data           4  gui_core.o(.data)
    GUI_OrgX                                 0x200000fc   Data           2  gui_core.o(.data)
    GUI_OrgY                                 0x200000fe   Data           2  gui_core.o(.data)
    GUITASK__EntranceCnt                     0x20000154   Data           4  gui_task.o(.data)
    LCD__pSetColorAPI                        0x20000184   Data           4  lcd.o(.data)
    LCD__aConvTable                          0x2000018c   Data           4  lcd_color.o(.data)
    WM__PaintCallbackCnt                     0x20000198   Data           1  wm.o(.data)
    WM__NumWindows                           0x2000019a   Data           2  wm.o(.data)
    WM__NumInvalidWindows                    0x2000019c   Data           2  wm.o(.data)
    WM__TouchedLayer                         0x200001a4   Data           4  wm.o(.data)
    WM__FirstWin                             0x200001a8   Data           4  wm.o(.data)
    WM__pFirstCriticalHandle                 0x200001ac   Data           4  wm.o(.data)
    WM__CreateFlags                          0x200001b0   Data           4  wm.o(.data)
    WM_pfPollPID                             0x200001b4   Data           4  wm.o(.data)
    WM_MULTIBUF__pAPI                        0x200001b8   Data           4  wm.o(.data)
    WM__TransWindowCnt                       0x200001bc   Data           4  wm.o(.data)
    WM__hATransWindow                        0x200001c0   Data           4  wm.o(.data)
    WM__hCreateStatic                        0x200001c4   Data           4  wm.o(.data)
    WM__pExecGestures                        0x200001c8   Data           4  wm.o(.data)
    WM__ahDesktopWin                         0x200001dc   Data           8  wm.o(.data)
    WM__aBkColor                             0x200001e4   Data           8  wm.o(.data)
    WM__ahCapture                            0x200001ec   Data           8  wm.o(.data)
    WM__ahWinFocus                           0x200001f4   Data           8  wm.o(.data)
    WM__CaptureReleaseAuto                   0x200001fc   Data           1  wm.o(.data)
    GUI_CharLine_pfLog2Vis                   0x20000218   Data           4  gui_charline.o(.data)
    WM__ModalLayer                           0x20000258   Data           4  wm_touch.o(.data)
    USART_RX_BUF                             0x2000026c   Data         200  usart.o(.bss)
    GUI_ALLOC__Context                       0x20003f34   Data         192  gui_alloc.o(.bss)
    WM__aCHWinModal                          0x20004170   Data          16  wm_touch.o(.bss)
    WM__aCHWinLast                           0x20004180   Data          16  wm_touch.o(.bss)
    WM__aCHWinMouseOver                      0x20004190   Data          16  wm_touch.o(.bss)
    __libspace_start                         0x200041e0   Data          96  libspace.o(.bss)
    __temporary_stack_top$libspace           0x20004240   Data           0  libspace.o(.bss)



==============================================================================

Memory Map of the image

  Image Entry point : 0x08000131

  Load Region LR_IROM1 (Base: 0x08000000, Size: 0x0000d4e0, Max: 0x00080000, ABSOLUTE, COMPRESSED[0x0000d320])

    Execution Region ER_IROM1 (Base: 0x08000000, Size: 0x0000d274, Max: 0x00080000, ABSOLUTE)

    Base Addr    Size         Type   Attr      Idx    E Section Name        Object

    0x08000000   0x00000130   Data   RO          193    RESET               startup_stm32f10x_hd.o
    0x08000130   0x00000008   Code   RO         5057  * !!!main             c_w.l(__main.o)
    0x08000138   0x00000034   Code   RO         5350    !!!scatter          c_w.l(__scatter.o)
    0x0800016c   0x0000005a   Code   RO         5348    !!dczerorl2         c_w.l(__dczerorl2.o)
    0x080001c6   0x00000002   PAD
    0x080001c8   0x0000001c   Code   RO         5352    !!handler_zi        c_w.l(__scatter_zi.o)
    0x080001e4   0x00000000   Code   RO         5042    .ARM.Collect$$_printf_percent$$00000000  c_w.l(_printf_percent.o)
    0x080001e4   0x00000006   Code   RO         5041    .ARM.Collect$$_printf_percent$$00000003  c_w.l(_printf_f.o)
    0x080001ea   0x00000006   Code   RO         5039    .ARM.Collect$$_printf_percent$$00000009  c_w.l(_printf_d.o)
    0x080001f0   0x00000006   Code   RO         5040    .ARM.Collect$$_printf_percent$$0000000A  c_w.l(_printf_u.o)
    0x080001f6   0x00000006   Code   RO         5038    .ARM.Collect$$_printf_percent$$0000000C  c_w.l(_printf_x.o)
    0x080001fc   0x00000006   Code   RO         5037    .ARM.Collect$$_printf_percent$$00000014  c_w.l(_printf_s.o)
    0x08000202   0x00000004   Code   RO         5138    .ARM.Collect$$_printf_percent$$00000017  c_w.l(_printf_percent_end.o)
    0x08000206   0x00000002   Code   RO         5232    .ARM.Collect$$libinit$$00000000  c_w.l(libinit.o)
    0x08000208   0x00000000   Code   RO         5234    .ARM.Collect$$libinit$$00000002  c_w.l(libinit2.o)
    0x08000208   0x00000000   Code   RO         5236    .ARM.Collect$$libinit$$00000004  c_w.l(libinit2.o)
    0x08000208   0x00000000   Code   RO         5239    .ARM.Collect$$libinit$$0000000A  c_w.l(libinit2.o)
    0x08000208   0x00000000   Code   RO         5241    .ARM.Collect$$libinit$$0000000C  c_w.l(libinit2.o)
    0x08000208   0x00000000   Code   RO         5243    .ARM.Collect$$libinit$$0000000E  c_w.l(libinit2.o)
    0x08000208   0x00000006   Code   RO         5244    .ARM.Collect$$libinit$$0000000F  c_w.l(libinit2.o)
    0x0800020e   0x00000000   Code   RO         5246    .ARM.Collect$$libinit$$00000011  c_w.l(libinit2.o)
    0x0800020e   0x00000000   Code   RO         5248    .ARM.Collect$$libinit$$00000013  c_w.l(libinit2.o)
    0x0800020e   0x00000000   Code   RO         5250    .ARM.Collect$$libinit$$00000015  c_w.l(libinit2.o)
    0x0800020e   0x0000000a   Code   RO         5251    .ARM.Collect$$libinit$$00000016  c_w.l(libinit2.o)
    0x08000218   0x00000000   Code   RO         5252    .ARM.Collect$$libinit$$00000017  c_w.l(libinit2.o)
    0x08000218   0x00000000   Code   RO         5254    .ARM.Collect$$libinit$$00000019  c_w.l(libinit2.o)
    0x08000218   0x00000000   Code   RO         5256    .ARM.Collect$$libinit$$0000001B  c_w.l(libinit2.o)
    0x08000218   0x00000000   Code   RO         5258    .ARM.Collect$$libinit$$0000001D  c_w.l(libinit2.o)
    0x08000218   0x00000000   Code   RO         5260    .ARM.Collect$$libinit$$0000001F  c_w.l(libinit2.o)
    0x08000218   0x00000000   Code   RO         5262    .ARM.Collect$$libinit$$00000021  c_w.l(libinit2.o)
    0x08000218   0x00000000   Code   RO         5264    .ARM.Collect$$libinit$$00000023  c_w.l(libinit2.o)
    0x08000218   0x00000000   Code   RO         5266    .ARM.Collect$$libinit$$00000025  c_w.l(libinit2.o)
    0x08000218   0x00000008   Code   RO         5268    .ARM.Collect$$libinit$$00000027  c_w.l(libinit2.o)
    0x08000220   0x00000000   Code   RO         5272    .ARM.Collect$$libinit$$0000002E  c_w.l(libinit2.o)
    0x08000220   0x00000000   Code   RO         5274    .ARM.Collect$$libinit$$00000030  c_w.l(libinit2.o)
    0x08000220   0x00000000   Code   RO         5276    .ARM.Collect$$libinit$$00000032  c_w.l(libinit2.o)
    0x08000220   0x00000002   Code   RO         5277    .ARM.Collect$$libinit$$00000033  c_w.l(libinit2.o)
    0x08000222   0x00000002   Code   RO         5303    .ARM.Collect$$libshutdown$$00000000  c_w.l(libshutdown.o)
    0x08000224   0x00000000   Code   RO         5312    .ARM.Collect$$libshutdown$$00000003  c_w.l(libshutdown2.o)
    0x08000224   0x00000000   Code   RO         5315    .ARM.Collect$$libshutdown$$00000006  c_w.l(libshutdown2.o)
    0x08000224   0x00000000   Code   RO         5318    .ARM.Collect$$libshutdown$$00000009  c_w.l(libshutdown2.o)
    0x08000224   0x00000000   Code   RO         5320    .ARM.Collect$$libshutdown$$0000000B  c_w.l(libshutdown2.o)
    0x08000224   0x00000000   Code   RO         5323    .ARM.Collect$$libshutdown$$0000000E  c_w.l(libshutdown2.o)
    0x08000224   0x00000002   Code   RO         5324    .ARM.Collect$$libshutdown$$0000000F  c_w.l(libshutdown2.o)
    0x08000226   0x00000000   Code   RO         5129    .ARM.Collect$$rtentry$$00000000  c_w.l(__rtentry.o)
    0x08000226   0x00000000   Code   RO         5155    .ARM.Collect$$rtentry$$00000002  c_w.l(__rtentry2.o)
    0x08000226   0x00000006   Code   RO         5167    .ARM.Collect$$rtentry$$00000004  c_w.l(__rtentry4.o)
    0x0800022c   0x00000000   Code   RO         5157    .ARM.Collect$$rtentry$$00000009  c_w.l(__rtentry2.o)
    0x0800022c   0x00000004   Code   RO         5158    .ARM.Collect$$rtentry$$0000000A  c_w.l(__rtentry2.o)
    0x08000230   0x00000000   Code   RO         5160    .ARM.Collect$$rtentry$$0000000C  c_w.l(__rtentry2.o)
    0x08000230   0x00000008   Code   RO         5161    .ARM.Collect$$rtentry$$0000000D  c_w.l(__rtentry2.o)
    0x08000238   0x00000002   Code   RO         5278    .ARM.Collect$$rtexit$$00000000  c_w.l(rtexit.o)
    0x0800023a   0x00000000   Code   RO         5285    .ARM.Collect$$rtexit$$00000002  c_w.l(rtexit2.o)
    0x0800023a   0x00000004   Code   RO         5286    .ARM.Collect$$rtexit$$00000003  c_w.l(rtexit2.o)
    0x0800023e   0x00000006   Code   RO         5287    .ARM.Collect$$rtexit$$00000004  c_w.l(rtexit2.o)
    0x08000244   0x00000004   Code   RO         5280    .emb_text           c_w.l(argv_veneer.o)
    0x08000248   0x00000040   Code   RO          194    .text               startup_stm32f10x_hd.o
    0x08000288   0x00000002   Code   RO         4982    .text               c_w.l(use_no_semi_2.o)
    0x0800028a   0x00000002   PAD
    0x0800028c   0x00000018   Code   RO         4986    .text               c_w.l(noretval__2printf.o)
    0x080002a4   0x0000004e   Code   RO         4990    .text               c_w.l(_printf_pad.o)
    0x080002f2   0x00000052   Code   RO         4992    .text               c_w.l(_printf_str.o)
    0x08000344   0x00000078   Code   RO         4994    .text               c_w.l(_printf_dec.o)
    0x080003bc   0x00000058   Code   RO         4999    .text               c_w.l(_printf_hex_int.o)
    0x08000414   0x00000188   Code   RO         5034    .text               c_w.l(__printf_flags_ss_wp.o)
    0x0800059c   0x00000058   Code   RO         5043    .text               c_w.l(memcmp.o)
    0x080005f4   0x0000008a   Code   RO         5045    .text               c_w.l(rt_memcpy_v6.o)
    0x0800067e   0x00000084   Code   RO         5047    .text               c_w.l(rt_memmove_v6.o)
    0x08000702   0x00000064   Code   RO         5049    .text               c_w.l(rt_memcpy_w.o)
    0x08000766   0x0000004e   Code   RO         5053    .text               c_w.l(rt_memclr_w.o)
    0x080007b4   0x00000006   Code   RO         5055    .text               c_w.l(heapauxi.o)
    0x080007ba   0x00000002   Code   RO         5127    .text               c_w.l(use_no_semi.o)
    0x080007bc   0x000000b2   Code   RO         5130    .text               c_w.l(_printf_intcommon.o)
    0x0800086e   0x0000041a   Code   RO         5132    .text               c_w.l(_printf_fp_dec.o)
    0x08000c88   0x0000002c   Code   RO         5134    .text               c_w.l(_printf_char.o)
    0x08000cb4   0x00000024   Code   RO         5136    .text               c_w.l(_printf_char_file.o)
    0x08000cd8   0x0000007a   Code   RO         5139    .text               c_w.l(rt_memmove_w.o)
    0x08000d52   0x00000002   PAD
    0x08000d54   0x00000008   Code   RO         5172    .text               c_w.l(rt_locale_intlibspace.o)
    0x08000d5c   0x0000008a   Code   RO         5174    .text               c_w.l(lludiv10.o)
    0x08000de6   0x00000002   PAD
    0x08000de8   0x00000030   Code   RO         5176    .text               c_w.l(_printf_char_common.o)
    0x08000e18   0x00000080   Code   RO         5178    .text               c_w.l(_printf_fp_infnan.o)
    0x08000e98   0x000000dc   Code   RO         5180    .text               c_w.l(bigflt0.o)
    0x08000f74   0x00000008   Code   RO         5205    .text               c_w.l(ferror.o)
    0x08000f7c   0x00000008   Code   RO         5216    .text               c_w.l(libspace.o)
    0x08000f84   0x0000004a   Code   RO         5219    .text               c_w.l(sys_stackheap_outer.o)
    0x08000fce   0x0000000c   Code   RO         5223    .text               c_w.l(exit.o)
    0x08000fda   0x00000002   PAD
    0x08000fdc   0x00000080   Code   RO         5225    .text               c_w.l(strcmpv7m.o)
    0x0800105c   0x0000012e   Code   RO         5291    .text               c_w.l(_get_argv_nomalloc.o)
    0x0800118a   0x00000004   Code   RO         5295    .text               c_w.l(hrguard.o)
    0x0800118e   0x0000000e   Code   RO         5297    .text               c_w.l(defsig_rtmem_outer.o)
    0x0800119c   0x0000000a   Code   RO         5306    .text               c_w.l(defsig_exit.o)
    0x080011a6   0x00000002   PAD
    0x080011a8   0x00000050   Code   RO         5308    .text               c_w.l(defsig_rtmem_inner.o)
    0x080011f8   0x00000032   Code   RO         5327    .text               c_w.l(defsig_general.o)
    0x0800122a   0x0000003e   Code   RO         5183    CL$$btod_d2e        c_w.l(btod.o)
    0x08001268   0x00000046   Code   RO         5185    CL$$btod_d2e_denorm_low  c_w.l(btod.o)
    0x080012ae   0x00000060   Code   RO         5184    CL$$btod_d2e_norm_op1  c_w.l(btod.o)
    0x0800130e   0x00000338   Code   RO         5193    CL$$btod_div_common  c_w.l(btod.o)
    0x08001646   0x000000c6   Code   RO         5190    CL$$btod_e2e        c_w.l(btod.o)
    0x0800170c   0x00000028   Code   RO         5187    CL$$btod_ediv       c_w.l(btod.o)
    0x08001734   0x00000028   Code   RO         5186    CL$$btod_emul       c_w.l(btod.o)
    0x0800175c   0x00000244   Code   RO         5192    CL$$btod_mult_common  c_w.l(btod.o)
    0x080019a0   0x000000d0   Code   RO         1644    i.BlockWrite        ili93xx.o
    0x08001a70   0x00000002   Code   RO            6    i.BusFault_Handler  stm32f10x_it.o
    0x08001a72   0x00000002   Code   RO            7    i.DebugMon_Handler  stm32f10x_it.o
    0x08001a74   0x0000002c   Code   RO         1645    i.DrawPixel         ili93xx.o
    0x08001aa0   0x0000001c   Code   RO          739    i.FSMC_NORSRAMCmd   stm32f10x_fsmc.o
    0x08001abc   0x000000ca   Code   RO          741    i.FSMC_NORSRAMInit  stm32f10x_fsmc.o
    0x08001b86   0x00000002   PAD
    0x08001b88   0x000000bc   Code   RO          204    i.GPIO_Init         stm32f10x_gpio.o
    0x08001c44   0x00000004   Code   RO          211    i.GPIO_ResetBits    stm32f10x_gpio.o
    0x08001c48   0x00000004   Code   RO          212    i.GPIO_SetBits      stm32f10x_gpio.o
    0x08001c4c   0x00000134   Code   RO         3685    i.GUIMONO_DispChar  GUI_CM3_L.lib(gui_charm.o)
    0x08001d80   0x00000018   Code   RO         3686    i.GUIMONO_GetCharDistX  GUI_CM3_L.lib(gui_charm.o)
    0x08001d98   0x00000006   Code   RO         3687    i.GUIMONO_GetFontInfo  GUI_CM3_L.lib(gui_charm.o)
    0x08001d9e   0x00000038   Code   RO         3688    i.GUIMONO_IsInFont  GUI_CM3_L.lib(gui_charm.o)
    0x08001dd6   0x00000002   PAD
    0x08001dd8   0x000000c8   Code   RO         3199    i.GUIPROP_DispChar  GUI_CM3_L.lib(gui_charp.o)
    0x08001ea0   0x00000040   Code   RO         3200    i.GUIPROP_GetCharDistX  GUI_CM3_L.lib(gui_charp.o)
    0x08001ee0   0x00000006   Code   RO         3201    i.GUIPROP_GetFontInfo  GUI_CM3_L.lib(gui_charp.o)
    0x08001ee6   0x00000010   Code   RO         3202    i.GUIPROP_IsInFont  GUI_CM3_L.lib(gui_charp.o)
    0x08001ef6   0x00000016   Code   RO         3203    i.GUIPROP__FindChar  GUI_CM3_L.lib(gui_charp.o)
    0x08001f0c   0x00000064   Code   RO         3231    i.GUITASK_CopyContext  GUI_CM3_L.lib(gui_task.o)
    0x08001f70   0x00000044   Code   RO         3234    i.GUITASK_Init      GUI_CM3_L.lib(gui_task.o)
    0x08001fb4   0x0000001e   Code   RO         2596    i.GUI_ALLOC_AllocNoInit  GUI_CM3_L.lib(gui_alloc.o)
    0x08001fd2   0x0000002e   Code   RO         3640    i.GUI_ALLOC_AllocZero  GUI_CM3_L.lib(gui_alloc_alloczero.o)
    0x08002000   0x00000010   Code   RO         2597    i.GUI_ALLOC_AssignMemory  GUI_CM3_L.lib(gui_alloc.o)
    0x08002010   0x0000003c   Code   RO         2599    i.GUI_ALLOC_Free    GUI_CM3_L.lib(gui_alloc.o)
    0x0800204c   0x00000018   Code   RO         2600    i.GUI_ALLOC_FreeFixedBlock  GUI_CM3_L.lib(gui_alloc.o)
    0x08002064   0x000000b0   Code   RO         2603    i.GUI_ALLOC_GetFixedBlock  GUI_CM3_L.lib(gui_alloc.o)
    0x08002114   0x00000040   Code   RO         2604    i.GUI_ALLOC_GetMaxSize  GUI_CM3_L.lib(gui_alloc.o)
    0x08002154   0x0000001c   Code   RO         2613    i.GUI_ALLOC_LockH   GUI_CM3_L.lib(gui_alloc.o)
    0x08002170   0x0000001c   Code   RO         2615    i.GUI_ALLOC_SetAvBlockSize  GUI_CM3_L.lib(gui_alloc.o)
    0x0800218c   0x00000030   Code   RO         2619    i.GUI_ALLOC_UnlockH  GUI_CM3_L.lib(gui_alloc.o)
    0x080021bc   0x00000018   Code   RO         2620    i.GUI_ALLOC_h2p     GUI_CM3_L.lib(gui_alloc.o)
    0x080021d4   0x00000098   Code   RO         3186    i.GUI_AddDecShift   GUI_CM3_L.lib(gui_adddecshift.o)
    0x0800226c   0x00000018   Code   RO         3187    i.GUI_AddSign       GUI_CM3_L.lib(gui_adddecshift.o)
    0x08002284   0x00000078   Code   RO         4147    i.GUI_CURSOR_SetPositionEx  GUI_CM3_L.lib(gui_curs1.o)
    0x080022fc   0x0000003c   Code   RO         4130    i.GUI_CalcColorDist  GUI_CM3_L.lib(gui_calccolordist.o)
    0x08002338   0x0000001c   Code   RO         2677    i.GUI_Clear         GUI_CM3_L.lib(gui_core.o)
    0x08002354   0x00000068   Code   RO         2678    i.GUI_ClearRect     GUI_CM3_L.lib(gui_core.o)
    0x080023bc   0x00000050   Code   RO         2723    i.GUI_DEVICE_Create  GUI_CM3_L.lib(gui_device.o)
    0x0800240c   0x00000028   Code   RO         2724    i.GUI_DEVICE_CreateAndLink  GUI_CM3_L.lib(gui_device.o)
    0x08002434   0x00000004   Code   RO         2725    i.GUI_DEVICE_Delete  GUI_CM3_L.lib(gui_device.o)
    0x08002438   0x00000088   Code   RO         2726    i.GUI_DEVICE_Link   GUI_CM3_L.lib(gui_device.o)
    0x080024c0   0x00000012   Code   RO         2727    i.GUI_DEVICE_LinkDevices  GUI_CM3_L.lib(gui_device.o)
    0x080024d2   0x00000002   PAD
    0x080024d4   0x00000034   Code   RO         2728    i.GUI_DEVICE_Unlink  GUI_CM3_L.lib(gui_device.o)
    0x08002508   0x00000004   Code   RO         2729    i.GUI_DEVICE_UnlinkTaskDevices  GUI_CM3_L.lib(gui_device.o)
    0x0800250c   0x00000024   Code   RO         2731    i.GUI_DEVICE__GetpDriver  GUI_CM3_L.lib(gui_device.o)
    0x08002530   0x00000014   Code   RO         3323    i.GUI_DispDecShift  GUI_CM3_L.lib(gui_val.o)
    0x08002544   0x00000006   Code   RO         2808    i.GUI_DispFloatMin  GUI_CM3_L.lib(gui_valf.o)
    0x0800254a   0x0000002a   Code   RO         3326    i.GUI_DispSDecShift  GUI_CM3_L.lib(gui_val.o)
    0x08002574   0x00000108   Code   RO         3215    i.GUI_DispString    GUI_CM3_L.lib(gui_dispstring.o)
    0x0800267c   0x00000028   Code   RO         2747    i.GUI_DispStringAt  GUI_CM3_L.lib(gui_dispstringat.o)
    0x080026a4   0x00000016   Code   RO         4928    i.GUI_GetBitmapPixelIndex  GUI_CM3_L.lib(gui_getbitmappixelindex.o)
    0x080026ba   0x0000008a   Code   RO         4929    i.GUI_GetBitmapPixelIndexEx  GUI_CM3_L.lib(gui_getbitmappixelindex.o)
    0x08002744   0x00000014   Code   RO         2850    i.GUI_GetBitsPerPixelEx  GUI_CM3_L.lib(lcd_getex.o)
    0x08002758   0x00000018   Code   RO         3699    i.GUI_GetBkColor    GUI_CM3_L.lib(gui_getcolor.o)
    0x08002770   0x00000024   Code   RO         3650    i.GUI_GetCharDistX  GUI_CM3_L.lib(gui_char.o)
    0x08002794   0x00000028   Code   RO         3651    i.GUI_GetCharDistXEx  GUI_CM3_L.lib(gui_char.o)
    0x080027bc   0x00000018   Code   RO         3701    i.GUI_GetColor      GUI_CM3_L.lib(gui_getcolor.o)
    0x080027d4   0x00000014   Code   RO         3804    i.GUI_GetCursorLayer  GUI_CM3_L.lib(gui_selectlayer.o)
    0x080027e8   0x0000001c   Code   RO         3652    i.GUI_GetFontDistY  GUI_CM3_L.lib(gui_char.o)
    0x08002804   0x00000028   Code   RO         3805    i.GUI_GetLayerPosEx  GUI_CM3_L.lib(gui_selectlayer.o)
    0x0800282c   0x0000003c   Code   RO         3653    i.GUI_GetYAdjust    GUI_CM3_L.lib(gui_char.o)
    0x08002868   0x00000010   Code   RO         2851    i.GUI_GetpfColor2IndexEx  GUI_CM3_L.lib(lcd_getex.o)
    0x08002878   0x00000010   Code   RO         2852    i.GUI_GetpfIndex2ColorEx  GUI_CM3_L.lib(lcd_getex.o)
    0x08002888   0x00000022   Code   RO         2756    i.GUI_GotoXY        GUI_CM3_L.lib(gui_goto.o)
    0x080028aa   0x00000002   PAD
    0x080028ac   0x00000060   Code   RO         2680    i.GUI_Init          GUI_CM3_L.lib(gui_core.o)
    0x0800290c   0x0000006c   Code   RO         3236    i.GUI_Lock          GUI_CM3_L.lib(gui_task.o)
    0x08002978   0x0000002c   Code   RO         3188    i.GUI_Long2Len      GUI_CM3_L.lib(gui_adddecshift.o)
    0x080029a4   0x00000048   Code   RO         3914    i.GUI_MEMDEV_Delete  GUI_CM3_L.lib(guidev.o)
    0x080029ec   0x00000032   Code   RO         3915    i.GUI_MEMDEV_GetBitsPerPixel  GUI_CM3_L.lib(guidev.o)
    0x08002a1e   0x00000028   Code   RO         3949    i.GUI_MEMDEV_GetDataPtr  GUI_CM3_L.lib(guidev_getdataptr.o)
    0x08002a46   0x00000002   PAD
    0x08002a48   0x00000050   Code   RO         3917    i.GUI_MEMDEV_Select  GUI_CM3_L.lib(guidev.o)
    0x08002a98   0x0000003e   Code   RO         3436    i.GUI_MEMDEV__WriteToActiveOpaque  GUI_CM3_L.lib(guidev_writetoactiveopaque.o)
    0x08002ad6   0x00000058   Code   RO         3713    i.GUI_MergeRect     GUI_CM3_L.lib(gui_mergerect.o)
    0x08002b2e   0x0000001e   Code   RO         3721    i.GUI_MoveRect      GUI_CM3_L.lib(gui_moverect.o)
    0x08002b4c   0x00000044   Code   RO         3758    i.GUI_PID_GetState  GUI_CM3_L.lib(gui_pid.o)
    0x08002b90   0x00000018   Code   RO         3759    i.GUI_PID_IsEmpty   GUI_CM3_L.lib(gui_pid.o)
    0x08002ba8   0x00000038   Code   RO         3761    i.GUI_PID_StoreState  GUI_CM3_L.lib(gui_pid.o)
    0x08002be0   0x00000038   Code   RO         3785    i.GUI_RectsIntersect  GUI_CM3_L.lib(gui_rectsintersect.o)
    0x08002c18   0x00000022   Code   RO         4722    i.GUI_SPRITE_SetPosition  GUI_CM3_L.lib(gui_sprite.o)
    0x08002c3a   0x0000001a   Code   RO         4202    i.GUI_SelectLCD     GUI_CM3_L.lib(gui_selectlcd.o)
    0x08002c54   0x00000038   Code   RO         3807    i.GUI_SelectLayer   GUI_CM3_L.lib(gui_selectlayer.o)
    0x08002c8c   0x00000016   Code   RO         2771    i.GUI_SetBkColor    GUI_CM3_L.lib(gui_setcolor.o)
    0x08002ca2   0x00000016   Code   RO         2772    i.GUI_SetColor      GUI_CM3_L.lib(gui_setcolor.o)
    0x08002cb8   0x00000020   Code   RO         2781    i.GUI_SetFont       GUI_CM3_L.lib(gui_setfont.o)
    0x08002cd8   0x00000020   Code   RO         3809    i.GUI_SetLayerPosEx  GUI_CM3_L.lib(gui_selectlayer.o)
    0x08002cf8   0x00000040   Code   RO         3223    i.GUI_SetOrg        GUI_CM3_L.lib(gui_setorg.o)
    0x08002d38   0x00000010   Code   RO         3861    i.GUI_SignalEvent   GUI_CM3_L.lib(gui_waitevent.o)
    0x08002d48   0x00000010   Code   RO         3735    i.GUI_StoreKey      GUI_CM3_L.lib(gui_onkey.o)
    0x08002d58   0x00000064   Code   RO         3271    i.GUI_TOUCH_CalibratePoint  GUI_CM3_L.lib(gui_touch_calibrate.o)
    0x08002dbc   0x0000009c   Code   RO         2790    i.GUI_TOUCH_Exec    GUI_CM3_L.lib(gui_touch_driveranalog.o)
    0x08002e58   0x0000000c   Code   RO         3290    i.GUI_TOUCH_GetLayer  GUI_CM3_L.lib(gui_touch_storestate.o)
    0x08002e64   0x00000054   Code   RO         3258    i.GUI_TOUCH_StoreStateEx  GUI_CM3_L.lib(gui_touch.o)
    0x08002eb8   0x0000009c   Code   RO         3273    i.GUI_TOUCH_TransformPoint  GUI_CM3_L.lib(gui_touch_calibrate.o)
    0x08002f54   0x00000002   Code   RO         2267    i.GUI_TOUCH_X_ActivateX  gui_x_touch_analog.o
    0x08002f56   0x00000002   Code   RO         2268    i.GUI_TOUCH_X_ActivateY  gui_x_touch_analog.o
    0x08002f58   0x00000014   Code   RO         2269    i.GUI_TOUCH_X_MeasureX  gui_x_touch_analog.o
    0x08002f6c   0x00000014   Code   RO         2270    i.GUI_TOUCH_X_MeasureY  gui_x_touch_analog.o
    0x08002f80   0x0000002c   Code   RO         3842    i.GUI_UC__GetCharCodeInc  GUI_CM3_L.lib(gui_uc.o)
    0x08002fac   0x00000028   Code   RO         3844    i.GUI_UC__NumChars2NumBytes  GUI_CM3_L.lib(gui_uc.o)
    0x08002fd4   0x00000028   Code   RO         3424    i.GUI_USAGE_AddRect  GUI_CM3_L.lib(guidev_usage.o)
    0x08002ffc   0x0000002c   Code   RO         3425    i.GUI_USAGE_DecUseCnt  GUI_CM3_L.lib(guidev_usage.o)
    0x08003028   0x00000014   Code   RO         3237    i.GUI_Unlock        GUI_CM3_L.lib(gui_task.o)
    0x0800303c   0x0000001c   Code   RO         2015    i.GUI_X_Config      guiconf.o
    0x08003058   0x00000002   Code   RO         2194    i.GUI_X_ExecIdle    gui_x.o
    0x0800305a   0x00000004   Code   RO         2195    i.GUI_X_GetTaskId   gui_x.o
    0x0800305e   0x00000002   Code   RO         2197    i.GUI_X_Init        gui_x.o
    0x08003060   0x00000002   Code   RO         2198    i.GUI_X_InitOS      gui_x.o
    0x08003062   0x00000002   Code   RO         2199    i.GUI_X_Lock        gui_x.o
    0x08003064   0x00000002   Code   RO         2201    i.GUI_X_Unlock      gui_x.o
    0x08003066   0x00000002   PAD
    0x08003068   0x00000124   Code   RO         3585    i.GUI__CompactPixelIndices  GUI_CM3_L.lib(gui__compactpixelindices.o)
    0x0800318c   0x00000038   Code   RO         2685    i.GUI__Config       GUI_CM3_L.lib(gui_core.o)
    0x080031c4   0x000000b0   Code   RO         3666    i.GUI__DispLine     GUI_CM3_L.lib(gui_charline.o)
    0x08003274   0x00000054   Code   RO         3667    i.GUI__GetLineDistX  GUI_CM3_L.lib(gui_charline.o)
    0x080032c8   0x00000038   Code   RO         3668    i.GUI__GetLineNumChars  GUI_CM3_L.lib(gui_charline.o)
    0x08003300   0x00000018   Code   RO         3669    i.GUI__GetOverlap   GUI_CM3_L.lib(gui_charline.o)
    0x08003318   0x0000003a   Code   RO         3597    i.GUI__IntersectRect  GUI_CM3_L.lib(gui__intersectrect.o)
    0x08003352   0x00000052   Code   RO         3605    i.GUI__IntersectRects  GUI_CM3_L.lib(gui__intersectrects.o)
    0x080033a4   0x00000010   Code   RO         3615    i.GUI__ManageCache  GUI_CM3_L.lib(gui__managecache.o)
    0x080033b4   0x000000d4   Code   RO         3616    i.GUI__ManageCacheEx  GUI_CM3_L.lib(gui__managecache.o)
    0x08003488   0x00000060   Code   RO         4108    i.GUI__MixColors    GUI_CM3_L.lib(gui__alpha.o)
    0x080034e8   0x00000010   Code   RO         2686    i.GUI__RegisterExit  GUI_CM3_L.lib(gui_core.o)
    0x080034f8   0x0000004c   Code   RO         3170    i.GUI__memset       GUI_CM3_L.lib(gui__memset.o)
    0x08003544   0x0000003c   Code   RO         3178    i.GUI__memset16     GUI_CM3_L.lib(gui__memset16.o)
    0x08003580   0x000000b4   Code   RO         1646    i.GetPoint          ili93xx.o
    0x08003634   0x00000002   Code   RO            8    i.HardFault_Handler  stm32f10x_it.o
    0x08003636   0x00000002   PAD
    0x08003638   0x0000001c   Code   RO         3340    i.LCD_Color2Index   GUI_CM3_L.lib(lcd.o)
    0x08003654   0x00000014   Code   RO         1647    i.LCD_Color_trans   ili93xx.o
    0x08003668   0x00000204   Code   RO         3341    i.LCD_DrawBitmap    GUI_CM3_L.lib(lcd.o)
    0x0800386c   0x00000058   Code   RO         3342    i.LCD_DrawHLine     GUI_CM3_L.lib(lcd.o)
    0x080038c4   0x00000068   Code   RO         3343    i.LCD_DrawPixel     GUI_CM3_L.lib(lcd.o)
    0x0800392c   0x00000058   Code   RO         3345    i.LCD_FillRect      GUI_CM3_L.lib(lcd.o)
    0x08003984   0x00000006   Code   RO         2854    i.LCD_GetBitsPerPixelEx  GUI_CM3_L.lib(lcd_getex.o)
    0x0800398a   0x00000002   PAD
    0x0800398c   0x00000010   Code   RO         4384    i.LCD_GetBkColorIndex  GUI_CM3_L.lib(lcd_getcolorindex.o)
    0x0800399c   0x00000010   Code   RO         4385    i.LCD_GetColorIndex  GUI_CM3_L.lib(lcd_getcolorindex.o)
    0x080039ac   0x00000010   Code   RO         2861    i.LCD_GetNumColors  GUI_CM3_L.lib(lcd_getex.o)
    0x080039bc   0x00000006   Code   RO         2862    i.LCD_GetNumColorsEx  GUI_CM3_L.lib(lcd_getex.o)
    0x080039c2   0x0000001a   Code   RO         3894    i.LCD_GetNumLayers  GUI_CM3_L.lib(lcd_getnumdisplays.o)
    0x080039dc   0x00000010   Code   RO         2863    i.LCD_GetPalette    GUI_CM3_L.lib(lcd_getex.o)
    0x080039ec   0x00000018   Code   RO         2864    i.LCD_GetPaletteEx  GUI_CM3_L.lib(lcd_getex.o)
    0x08003a04   0x0000002c   Code   RO         2942    i.LCD_GetPosEx      GUI_CM3_L.lib(lcd_set.o)
    0x08003a30   0x0000000c   Code   RO         2876    i.LCD_GetXSizeDisplay  GUI_CM3_L.lib(lcd_getex.o)
    0x08003a3c   0x00000006   Code   RO         2877    i.LCD_GetXSizeEx    GUI_CM3_L.lib(lcd_getex.o)
    0x08003a42   0x00000006   Code   RO         2878    i.LCD_GetXSizeMax   GUI_CM3_L.lib(lcd_getex.o)
    0x08003a48   0x0000000c   Code   RO         2882    i.LCD_GetYSizeDisplay  GUI_CM3_L.lib(lcd_getex.o)
    0x08003a54   0x00000006   Code   RO         2883    i.LCD_GetYSizeEx    GUI_CM3_L.lib(lcd_getex.o)
    0x08003a5a   0x00000006   Code   RO         2884    i.LCD_GetYSizeMax   GUI_CM3_L.lib(lcd_getex.o)
    0x08003a60   0x00000004   Code   RO         3385    i.LCD_GetpPalConvTableBM  GUI_CM3_L.lib(lcd_color.o)
    0x08003a64   0x00000048   Code   RO         3386    i.LCD_GetpPalConvTableUncached  GUI_CM3_L.lib(lcd_color.o)
    0x08003aac   0x0000001c   Code   RO         3346    i.LCD_Index2Color   GUI_CM3_L.lib(lcd.o)
    0x08003ac8   0x0000002c   Code   RO         2831    i.LCD_Index2Color_M565  GUI_CM3_L.lib(guicc_m565.o)
    0x08003af4   0x0000008a   Code   RO         3347    i.LCD_Init          GUI_CM3_L.lib(lcd.o)
    0x08003b7e   0x00000002   PAD
    0x08003b80   0x00000034   Code   RO         3387    i.LCD_InitColors    GUI_CM3_L.lib(lcd_color.o)
    0x08003bb4   0x0000007c   Code   RO         3388    i.LCD_InitLUT       GUI_CM3_L.lib(lcd_color.o)
    0x08003c30   0x00000040   Code   RO         4871    i.LCD_SelectLCD     GUI_CM3_L.lib(lcd_selectlcd.o)
    0x08003c70   0x0000000c   Code   RO         3348    i.LCD_SetBkColor    GUI_CM3_L.lib(lcd.o)
    0x08003c7c   0x00000018   Code   RO         3349    i.LCD_SetBkColorIndex  GUI_CM3_L.lib(lcd.o)
    0x08003c94   0x00000030   Code   RO         3902    i.LCD_SetClipRectEx  GUI_CM3_L.lib(lcd_setcliprectex.o)
    0x08003cc4   0x0000001c   Code   RO         3350    i.LCD_SetClipRectMax  GUI_CM3_L.lib(lcd.o)
    0x08003ce0   0x0000000c   Code   RO         3351    i.LCD_SetColor      GUI_CM3_L.lib(lcd.o)
    0x08003cec   0x00000018   Code   RO         3352    i.LCD_SetColorIndex  GUI_CM3_L.lib(lcd.o)
    0x08003d04   0x0000000c   Code   RO         2887    i.LCD_SetDisplaySize  GUI_CM3_L.lib(lcd_getex.o)
    0x08003d10   0x0000000c   Code   RO         3353    i.LCD_SetDrawMode   GUI_CM3_L.lib(lcd.o)
    0x08003d1c   0x0000002c   Code   RO         2955    i.LCD_SetLUTEntryEx  GUI_CM3_L.lib(lcd_set.o)
    0x08003d48   0x0000002c   Code   RO         2958    i.LCD_SetPosEx      GUI_CM3_L.lib(lcd_set.o)
    0x08003d74   0x0000002c   Code   RO         2960    i.LCD_SetSizeEx     GUI_CM3_L.lib(lcd_set.o)
    0x08003da0   0x0000002c   Code   RO         2964    i.LCD_SetVSizeEx    GUI_CM3_L.lib(lcd_set.o)
    0x08003dcc   0x00000024   Code   RO         4394    i.LCD_UpdateColorIndices  GUI_CM3_L.lib(lcd_updatecolorindices.o)
    0x08003df0   0x0000003c   Code   RO         2166    i.LCD_X_Config      lcdconf_flexcolor_template.o
    0x08003e2c   0x00000014   Code   RO         2167    i.LCD_X_DisplayDriver  lcdconf_flexcolor_template.o
    0x08003e40   0x000001b4   Code   RO         3354    i.LCD__DrawBitmap_1bpp  GUI_CM3_L.lib(lcd.o)
    0x08003ff4   0x0000005c   Code   RO         2888    i.LCD__GetBPP       GUI_CM3_L.lib(lcd_getex.o)
    0x08004050   0x00000032   Code   RO         2889    i.LCD__GetBPPDevice  GUI_CM3_L.lib(lcd_getex.o)
    0x08004082   0x00000002   PAD
    0x08004084   0x00000404   Code   RO         1656    i.Lcd_Initialize    ili93xx.o
    0x08004488   0x00000002   Code   RO            9    i.MemManage_Handler  stm32f10x_it.o
    0x0800448a   0x00000002   Code   RO           10    i.NMI_Handler       stm32f10x_it.o
    0x0800448c   0x00000074   Code   RO          512    i.NVIC_Init         misc.o
    0x08004500   0x00000014   Code   RO          513    i.NVIC_PriorityGroupConfig  misc.o
    0x08004514   0x00000002   Code   RO           11    i.PendSV_Handler    stm32f10x_it.o
    0x08004516   0x00000002   PAD
    0x08004518   0x00000018   Code   RO          313    i.RCC_AHBPeriphClockCmd  stm32f10x_rcc.o
    0x08004530   0x00000018   Code   RO          314    i.RCC_APB1PeriphClockCmd  stm32f10x_rcc.o
    0x08004548   0x00000018   Code   RO          316    i.RCC_APB2PeriphClockCmd  stm32f10x_rcc.o
    0x08004560   0x000000ac   Code   RO          324    i.RCC_GetClocksFreq  stm32f10x_rcc.o
    0x0800460c   0x00000002   Code   RO           12    i.SVC_Handler       stm32f10x_it.o
    0x0800460e   0x00000016   Code   RO          516    i.SysTick_CLKSourceConfig  misc.o
    0x08004624   0x00000010   Code   RO           13    i.SysTick_Handler   stm32f10x_it.o
    0x08004634   0x000000f0   Code   RO          157    i.SystemInit        system_stm32f10x.o
    0x08004724   0x00000038   Code   RO         1745    i.TIM3_IRQHandler   timer.o
    0x0800475c   0x00000064   Code   RO         1746    i.TIM3_Int_Init     timer.o
    0x080047c0   0x00000024   Code   RO         1747    i.TIM6_IRQHandler   timer.o
    0x080047e4   0x00000006   Code   RO          856    i.TIM_ClearITPendingBit  stm32f10x_tim.o
    0x080047ea   0x00000012   Code   RO          861    i.TIM_Cmd           stm32f10x_tim.o
    0x080047fc   0x00000016   Code   RO          882    i.TIM_GetITStatus   stm32f10x_tim.o
    0x08004812   0x00000010   Code   RO          886    i.TIM_ITConfig      stm32f10x_tim.o
    0x08004822   0x00000002   PAD
    0x08004824   0x0000009c   Code   RO          932    i.TIM_TimeBaseInit  stm32f10x_tim.o
    0x080048c0   0x00000078   Code   RO         1590    i.USART1_IRQHandler  usart.o
    0x08004938   0x00000012   Code   RO          552    i.USART_Cmd         stm32f10x_usart.o
    0x0800494a   0x0000004c   Code   RO          556    i.USART_GetITStatus  stm32f10x_usart.o
    0x08004996   0x00000030   Code   RO          558    i.USART_ITConfig    stm32f10x_usart.o
    0x080049c6   0x00000002   PAD
    0x080049c8   0x000000b4   Code   RO          559    i.USART_Init        stm32f10x_usart.o
    0x08004a7c   0x00000008   Code   RO          566    i.USART_ReceiveData  stm32f10x_usart.o
    0x08004a84   0x00000002   Code   RO           14    i.UsageFault_Handler  stm32f10x_it.o
    0x08004a86   0x00000002   PAD
    0x08004a88   0x00000010   Code   RO         3453    i.WM_Activate       GUI_CM3_L.lib(wm.o)
    0x08004a98   0x00000088   Code   RO         3995    i.WM_BringToBottom  GUI_CM3_L.lib(wm_bringtobottom.o)
    0x08004b20   0x00000150   Code   RO         3455    i.WM_CreateWindowAsChild  GUI_CM3_L.lib(wm.o)
    0x08004c70   0x00000020   Code   RO         3456    i.WM_Deactivate     GUI_CM3_L.lib(wm.o)
    0x08004c90   0x00000046   Code   RO         3457    i.WM_DefaultProc    GUI_CM3_L.lib(wm.o)
    0x08004cd6   0x00000002   PAD
    0x08004cd8   0x00000018   Code   RO         3577    i.WM_GetDesktopWindow  GUI_CM3_L.lib(wm_getdesktopwindow.o)
    0x08004cf0   0x00000014   Code   RO         4897    i.WM_GetDesktopWindowEx  GUI_CM3_L.lib(wm_getdesktopwindowex.o)
    0x08004d04   0x0000001a   Code   RO         4025    i.WM_GetFirstChild  GUI_CM3_L.lib(wm_getfirstchild.o)
    0x08004d1e   0x0000001a   Code   RO         4592    i.WM_GetParent      GUI_CM3_L.lib(wm_getparent.o)
    0x08004d38   0x0000038c   Code   RO         4075    i.WM_HandlePID      GUI_CM3_L.lib(wm_touch.o)
    0x080050c4   0x000000d4   Code   RO         3463    i.WM_Init           GUI_CM3_L.lib(wm.o)
    0x08005198   0x00000080   Code   RO         3464    i.WM_InvalidateRect  GUI_CM3_L.lib(wm.o)
    0x08005218   0x00000006   Code   RO         3465    i.WM_InvalidateWindow  GUI_CM3_L.lib(wm.o)
    0x0800521e   0x0000005e   Code   RO         3466    i.WM_InvalidateWindowAndDescsEx  GUI_CM3_L.lib(wm.o)
    0x0800527c   0x00000018   Code   RO         4610    i.WM_IsWindow       GUI_CM3_L.lib(wm_iswindow.o)
    0x08005294   0x00000018   Code   RO         4627    i.WM_PID__SetPrevState  GUI_CM3_L.lib(wm_pid__getprevstate.o)
    0x080052ac   0x00000012   Code   RO         4653    i.WM_ReleaseCapture  GUI_CM3_L.lib(wm_setcapture.o)
    0x080052be   0x0000001e   Code   RO         4637    i.WM_Screen2hWin    GUI_CM3_L.lib(wm_screen2win.o)
    0x080052dc   0x00000044   Code   RO         3467    i.WM_SelectWindow   GUI_CM3_L.lib(wm.o)
    0x08005320   0x00000026   Code   RO         4049    i.WM_SendToParent   GUI_CM3_L.lib(wm_sendtoparent.o)
    0x08005346   0x00000002   PAD
    0x08005348   0x00000048   Code   RO         3470    i.WM__ActivateClipRect  GUI_CM3_L.lib(wm.o)
    0x08005390   0x00000010   Code   RO         4003    i.WM__AddCriticalHandle  GUI_CM3_L.lib(wm_criticalhandle.o)
    0x080053a0   0x00000010   Code   RO         3471    i.WM__Client2Screen  GUI_CM3_L.lib(wm.o)
    0x080053b0   0x0000004e   Code   RO         3472    i.WM__ClipAtParentBorders  GUI_CM3_L.lib(wm.o)
    0x080053fe   0x00000020   Code   RO         4015    i.WM__GetClientRectEx  GUI_CM3_L.lib(wm_getclientrect.o)
    0x0800541e   0x00000018   Code   RO         3475    i.WM__GetClientRectWin  GUI_CM3_L.lib(wm.o)
    0x08005436   0x00000012   Code   RO         4889    i.WM__GetFirstSibling  GUI_CM3_L.lib(wm__getfirstsibling.o)
    0x08005448   0x00000040   Code   RO         3476    i.WM__GetNextIVR    GUI_CM3_L.lib(wm.o)
    0x08005488   0x00000024   Code   RO         4536    i.WM__GetPrevSibling  GUI_CM3_L.lib(wm__getprevsibling.o)
    0x080054ac   0x00000018   Code   RO         3477    i.WM__GetTopLevelLayer  GUI_CM3_L.lib(wm.o)
    0x080054c4   0x000000f0   Code   RO         3478    i.WM__InitIVRSearch  GUI_CM3_L.lib(wm.o)
    0x080055b4   0x000000a4   Code   RO         3479    i.WM__InsertWindowIntoList  GUI_CM3_L.lib(wm.o)
    0x08005658   0x00000006   Code   RO         3480    i.WM__Invalidate1Abs  GUI_CM3_L.lib(wm.o)
    0x0800565e   0x00000002   PAD
    0x08005660   0x00000054   Code   RO         3481    i.WM__InvalidateDrawAndDescs  GUI_CM3_L.lib(wm.o)
    0x080056b4   0x00000076   Code   RO         3483    i.WM__InvalidateRect  GUI_CM3_L.lib(wm.o)
    0x0800572a   0x00000006   Code   RO         3484    i.WM__InvalidateRectEx  GUI_CM3_L.lib(wm.o)
    0x08005730   0x00000022   Code   RO         4544    i.WM__IsAncestor    GUI_CM3_L.lib(wm__isancestor.o)
    0x08005752   0x00000016   Code   RO         4554    i.WM__IsEnabled     GUI_CM3_L.lib(wm__isenabled.o)
    0x08005768   0x00000068   Code   RO         4076    i.WM__IsInModalArea  GUI_CM3_L.lib(wm_touch.o)
    0x080057d0   0x00000030   Code   RO         4639    i.WM__IsInWindow    GUI_CM3_L.lib(wm_screen2win.o)
    0x08005800   0x00000024   Code   RO         3485    i.WM__IsWindow      GUI_CM3_L.lib(wm.o)
    0x08005824   0x00000020   Code   RO         3489    i.WM__RectIsNZ      GUI_CM3_L.lib(wm.o)
    0x08005844   0x0000002c   Code   RO         4655    i.WM__ReleaseCapture  GUI_CM3_L.lib(wm_setcapture.o)
    0x08005870   0x0000002c   Code   RO         4004    i.WM__RemoveCriticalHandle  GUI_CM3_L.lib(wm_criticalhandle.o)
    0x0800589c   0x00000014   Code   RO         3491    i.WM__SelectTopLevelLayer  GUI_CM3_L.lib(wm.o)
    0x080058b0   0x0000003c   Code   RO         3986    i.WM__SendMessage   GUI_CM3_L.lib(wm__sendmessage.o)
    0x080058ec   0x0000001c   Code   RO         4562    i.WM__SendMessageIfEnabled  GUI_CM3_L.lib(wm__sendmessageifenabled.o)
    0x08005908   0x0000000e   Code   RO         3492    i.WM__SendMsgNoData  GUI_CM3_L.lib(wm.o)
    0x08005916   0x0000003e   Code   RO         4077    i.WM__SendPIDMessage  GUI_CM3_L.lib(wm_touch.o)
    0x08005954   0x00000036   Code   RO         4078    i.WM__SendTouchMessage  GUI_CM3_L.lib(wm_touch.o)
    0x0800598a   0x00000018   Code   RO         1657    i.WriteComm         ili93xx.o
    0x080059a2   0x00000002   PAD
    0x080059a4   0x0000001c   Code   RO         1658    i.WriteData         ili93xx.o
    0x080059c0   0x00000090   Code   RO         2622    i._AddFreeMemory    GUI_CM3_L.lib(gui_alloc.o)
    0x08005a50   0x000000b8   Code   RO         2623    i._Alloc            GUI_CM3_L.lib(gui_alloc.o)
    0x08005b08   0x00000004   Code   RO         3304    i._CalcSizeOfChar   GUI_CM3_L.lib(gui_uc_encodenone.o)
    0x08005b0c   0x00000048   Code   RO         2832    i._Color2IndexBulk  GUI_CM3_L.lib(guicc_m565.o)
    0x08005b54   0x00000054   Code   RO         3879    i._Color2Index_0    GUI_CM3_L.lib(guicc_0.o)
    0x08005ba8   0x00000028   Code   RO         2833    i._Color2Index_M565  GUI_CM3_L.lib(guicc_m565.o)
    0x08005bd0   0x0000003e   Code   RO         3437    i._Convert16        GUI_CM3_L.lib(guidev_writetoactiveopaque.o)
    0x08005c0e   0x0000003e   Code   RO         3438    i._Convert8         GUI_CM3_L.lib(guidev_writetoactiveopaque.o)
    0x08005c4c   0x000000a2   Code   RO         4727    i._CreateBuffer     GUI_CM3_L.lib(gui_sprite.o)
    0x08005cee   0x00000002   PAD
    0x08005cf0   0x00000014   Code   RO         3763    i._DecPointer       GUI_CM3_L.lib(gui_pid.o)
    0x08005d04   0x00000020   Code   RO         3494    i._DesktopHandle2Index  GUI_CM3_L.lib(wm.o)
    0x08005d24   0x00000048   Code   RO         2811    i._DispFloatFix     GUI_CM3_L.lib(gui_valf.o)
    0x08005d6c   0x000000d8   Code   RO         2812    i._DispFloatMin     GUI_CM3_L.lib(gui_valf.o)
    0x08005e44   0x00000074   Code   RO         3670    i._DispLine         GUI_CM3_L.lib(gui_charline.o)
    0x08005eb8   0x00000148   Code   RO         3103    i._DrawBitLine1BPP  GUI_CM3_L.lib(guidev_16.o)
    0x08006000   0x000000e0   Code   RO         3104    i._DrawBitLine2BPP  GUI_CM3_L.lib(guidev_16.o)
    0x080060e0   0x00000160   Code   RO         3105    i._DrawBitLine4BPP  GUI_CM3_L.lib(guidev_16.o)
    0x08006240   0x0000059c   Code   RO         2032    i._DrawBitmap       guidrv_template.o
    0x080067dc   0x000002a0   Code   RO         3106    i._DrawBitmap       GUI_CM3_L.lib(guidev_16.o)
    0x08006a7c   0x0000000a   Code   RO         2033    i._DrawHLine        guidrv_template.o
    0x08006a86   0x0000000a   Code   RO         3107    i._DrawHLine        GUI_CM3_L.lib(guidev_16.o)
    0x08006a90   0x0000000c   Code   RO         2034    i._DrawVLine        guidrv_template.o
    0x08006a9c   0x000000b8   Code   RO         3108    i._DrawVLine        GUI_CM3_L.lib(guidev_16.o)
    0x08006b54   0x00000006   Code   RO         3305    i._Encode           GUI_CM3_L.lib(gui_uc_encodenone.o)
    0x08006b5a   0x00000002   PAD
    0x08006b5c   0x00000098   Code   RO         2624    i._EnlargeBlocks    GUI_CM3_L.lib(gui_alloc.o)
    0x08006bf4   0x000000b0   Code   RO         2035    i._FillRect         guidrv_template.o
    0x08006ca4   0x000000ac   Code   RO         3109    i._FillRect         GUI_CM3_L.lib(guidev_16.o)
    0x08006d50   0x00000148   Code   RO         3498    i._FindNext_IVR     GUI_CM3_L.lib(wm.o)
    0x08006e98   0x0000007c   Code   RO         3499    i._Findx0           GUI_CM3_L.lib(wm.o)
    0x08006f14   0x00000072   Code   RO         3500    i._Findx1           GUI_CM3_L.lib(wm.o)
    0x08006f86   0x000000a6   Code   RO         3501    i._Findy1           GUI_CM3_L.lib(wm.o)
    0x0800702c   0x0000007a   Code   RO         4733    i._FlushBuffer      GUI_CM3_L.lib(gui_sprite.o)
    0x080070a6   0x0000006c   Code   RO         4734    i._GetBkIndex       GUI_CM3_L.lib(gui_sprite.o)
    0x08007112   0x00000080   Code   RO         4735    i._GetBkIndexAlpha  GUI_CM3_L.lib(gui_sprite.o)
    0x08007192   0x00000004   Code   RO         3306    i._GetCharCode      GUI_CM3_L.lib(gui_uc_encodenone.o)
    0x08007196   0x00000004   Code   RO         3307    i._GetCharSize      GUI_CM3_L.lib(gui_uc_encodenone.o)
    0x0800719a   0x00000002   PAD
    0x0800719c   0x00000040   Code   RO         2813    i._GetDecs          GUI_CM3_L.lib(gui_valf.o)
    0x080071dc   0x00000010   Code   RO         2036    i._GetDevData       guidrv_template.o
    0x080071ec   0x00000010   Code   RO         3110    i._GetDevData       GUI_CM3_L.lib(guidev_16.o)
    0x080071fc   0x00000050   Code   RO         2037    i._GetDevFunc       guidrv_template.o
    0x0800724c   0x00000010   Code   RO         3111    i._GetDevFunc       GUI_CM3_L.lib(guidev_16.o)
    0x0800725c   0x0000003c   Code   RO         2038    i._GetDevProp       guidrv_template.o
    0x08007298   0x0000001e   Code   RO         2890    i._GetDevProp       GUI_CM3_L.lib(lcd_getex.o)
    0x080072b6   0x00000010   Code   RO         3112    i._GetDevProp       GUI_CM3_L.lib(guidev_16.o)
    0x080072c6   0x00000002   PAD
    0x080072c8   0x00000040   Code   RO         4741    i._GetDeviceRect    GUI_CM3_L.lib(gui_sprite.o)
    0x08007308   0x00000052   Code   RO         3880    i._GetIndexMask_0   GUI_CM3_L.lib(guicc_0.o)
    0x0800735a   0x00000006   Code   RO         2834    i._GetIndexMask_M565  GUI_CM3_L.lib(guicc_m565.o)
    0x08007360   0x0000001e   Code   RO         2891    i._GetMaxValue      GUI_CM3_L.lib(lcd_getex.o)
    0x0800737e   0x00000002   PAD
    0x08007380   0x0000001c   Code   RO         2625    i._GetMinIndex      GUI_CM3_L.lib(gui_alloc.o)
    0x0800739c   0x0000000a   Code   RO         2039    i._GetPixelIndex    guidrv_template.o
    0x080073a6   0x0000000e   Code   RO         3113    i._GetPixelIndex    GUI_CM3_L.lib(guidev_16.o)
    0x080073b4   0x00000016   Code   RO         2040    i._GetRect          guidrv_template.o
    0x080073ca   0x00000034   Code   RO         3114    i._GetRect          GUI_CM3_L.lib(guidev_16.o)
    0x080073fe   0x00000002   PAD
    0x08007400   0x0000003c   Code   RO         3238    i._GetTaskNo        GUI_CM3_L.lib(gui_task.o)
    0x0800743c   0x00000010   Code   RO         2758    i._GotoX            GUI_CM3_L.lib(gui_goto.o)
    0x0800744c   0x00000010   Code   RO         2759    i._GotoY            GUI_CM3_L.lib(gui_goto.o)
    0x0800745c   0x00000014   Code   RO         3764    i._IncPointer       GUI_CM3_L.lib(gui_pid.o)
    0x08007470   0x00000058   Code   RO         2835    i._Index2ColorBulk  GUI_CM3_L.lib(guicc_m565.o)
    0x080074c8   0x00000020   Code   RO         3881    i._Index2Color_0    GUI_CM3_L.lib(guicc_0.o)
    0x080074e8   0x00000038   Code   RO         2041    i._Init             guidrv_template.o
    0x08007520   0x00000070   Code   RO         2687    i._InitContext      GUI_CM3_L.lib(gui_core.o)
    0x08007590   0x00000094   Code   RO         2626    i._InitOnce         GUI_CM3_L.lib(gui_alloc.o)
    0x08007624   0x00000080   Code   RO         3502    i._Invalidate1Abs   GUI_CM3_L.lib(wm.o)
    0x080076a4   0x00000002   Code   RO         3671    i._Log2VisBuffered  GUI_CM3_L.lib(gui_charline.o)
    0x080076a6   0x0000000a   Code   RO         2042    i._Off              guidrv_template.o
    0x080076b0   0x0000000a   Code   RO         2043    i._On               guidrv_template.o
    0x080076ba   0x00000002   PAD
    0x080076bc   0x0000002c   Code   RO         2688    i._OnExit           GUI_CM3_L.lib(gui_core.o)
    0x080076e8   0x00000014   Code   RO         3239    i._OnExit           GUI_CM3_L.lib(gui_task.o)
    0x080076fc   0x00000014   Code   RO         3390    i._OnExit           GUI_CM3_L.lib(lcd_color.o)
    0x08007710   0x00000084   Code   RO         3503    i._OnExit           GUI_CM3_L.lib(wm.o)
    0x08007794   0x00000014   Code   RO         3765    i._OnExit           GUI_CM3_L.lib(gui_pid.o)
    0x080077a8   0x00000040   Code   RO         2627    i._PopFreeBlock     GUI_CM3_L.lib(gui_alloc.o)
    0x080077e8   0x00000028   Code   RO         2628    i._PushFreeBlock    GUI_CM3_L.lib(gui_alloc.o)
    0x08007810   0x0000001c   Code   RO         4746    i._ReleaseBuffer    GUI_CM3_L.lib(gui_sprite.o)
    0x0800782c   0x00000034   Code   RO         2629    i._RemoveFreeBlock  GUI_CM3_L.lib(gui_alloc.o)
    0x08007860   0x000000a0   Code   RO         2630    i._RemoveHoles      GUI_CM3_L.lib(gui_alloc.o)
    0x08007900   0x0000002e   Code   RO         2814    i._RoundHalfUp      GUI_CM3_L.lib(gui_valf.o)
    0x0800792e   0x0000005a   Code   RO         4640    i._Screen2hWin      GUI_CM3_L.lib(wm_screen2win.o)
    0x08007988   0x00000024   Code   RO         4641    i._Screen2hWinStop  GUI_CM3_L.lib(wm_screen2win.o)
    0x080079ac   0x00000020   Code   RO         3355    i._SetBkColor       GUI_CM3_L.lib(lcd.o)
    0x080079cc   0x0000004a   Code   RO         4749    i._SetBkIndexBuffered  GUI_CM3_L.lib(gui_sprite.o)
    0x08007a16   0x00000002   PAD
    0x08007a18   0x0000004c   Code   RO         3507    i._SetClipRectUserIntersect  GUI_CM3_L.lib(wm.o)
    0x08007a64   0x00000020   Code   RO         3356    i._SetColor         GUI_CM3_L.lib(lcd.o)
    0x08007a84   0x0000002c   Code   RO         3357    i._SetDrawMode      GUI_CM3_L.lib(lcd.o)
    0x08007ab0   0x0000001c   Code   RO         2044    i._SetLUTEntry      guidrv_template.o
    0x08007acc   0x00000016   Code   RO         2045    i._SetOrg           guidrv_template.o
    0x08007ae2   0x0000000e   Code   RO         3115    i._SetOrg           GUI_CM3_L.lib(guidev_16.o)
    0x08007af0   0x0000000c   Code   RO         2046    i._SetPixelIndex    guidrv_template.o
    0x08007afc   0x00000048   Code   RO         3116    i._SetPixelIndex    GUI_CM3_L.lib(guidev_16.o)
    0x08007b44   0x0000045c   Code   RO         4752    i._SetPosition      GUI_CM3_L.lib(gui_sprite.o)
    0x08007fa0   0x00000054   Code   RO         2047    i._SetSize          guidrv_template.o
    0x08007ff4   0x0000003c   Code   RO         2048    i._SetVRAMAddr      guidrv_template.o
    0x08008030   0x0000003a   Code   RO         2049    i._SetVSize         guidrv_template.o
    0x0800806a   0x00000002   PAD
    0x0800806c   0x00000068   Code   RO         3766    i._StoreState       GUI_CM3_L.lib(gui_pid.o)
    0x080080d4   0x000000ea   Code   RO         2631    i._TestRAM          GUI_CM3_L.lib(gui_alloc.o)
    0x080081be   0x0000000e   Code   RO         2632    i._WriteTagData     GUI_CM3_L.lib(gui_alloc.o)
    0x080081cc   0x00000340   Code   RO         3439    i._WriteToActiveOpaque_8  GUI_CM3_L.lib(guidev_writetoactiveopaque.o)
    0x0800850c   0x00000344   Code   RO         3440    i._WriteToActiveOpaque_HT  GUI_CM3_L.lib(guidev_writetoactiveopaque.o)
    0x08008850   0x0000003c   Code   RO         3117    i._XY2PTR           GUI_CM3_L.lib(guidev_16.o)
    0x0800888c   0x0000002a   Code   RO         2050    i._XorPixel         guidrv_template.o
    0x080088b6   0x00000002   PAD
    0x080088b8   0x00000054   Code   RO         3118    i._XorPixel         GUI_CM3_L.lib(guidev_16.o)
    0x0800890c   0x00000028   Code   RO         5214    i.__ARM_fpclassify  m_ws.l(fpclassify.o)
    0x08008934   0x00000050   Code   RO         3508    i._cbBackWin        GUI_CM3_L.lib(wm.o)
    0x08008984   0x0000000e   Code   RO         5027    i._is_digit         c_w.l(__printf_wp.o)
    0x08008992   0x00000002   Code   RO         1591    i._sys_command_string  usart.o
    0x08008994   0x00000002   Code   RO         1592    i._sys_exit         usart.o
    0x08008996   0x00000002   Code   RO         1593    i._ttywrch          usart.o
    0x08008998   0x0000008e   Code   RO         2297    i.calc_func         core_list_join.o
    0x08008a26   0x00000002   PAD
    0x08008a28   0x000000dc   Code   RO         5120    i.ceil              m_ws.l(ceil.o)
    0x08008b04   0x00000004   Code   RO         2556    i.check_data_types  core_util.o
    0x08008b08   0x0000001a   Code   RO         2298    i.cmp_complex       core_list_join.o
    0x08008b22   0x0000002a   Code   RO         2299    i.cmp_idx           core_list_join.o
    0x08008b4c   0x00000188   Code   RO         2301    i.core_bench_list   core_list_join.o
    0x08008cd4   0x00000022   Code   RO         2407    i.core_bench_matrix  core_matrix.o
    0x08008cf6   0x000000ec   Code   RO         2525    i.core_bench_state  core_state.o
    0x08008de2   0x00000002   PAD
    0x08008de4   0x000000a6   Code   RO         2408    i.core_init_matrix  core_matrix.o
    0x08008e8a   0x00000002   PAD
    0x08008e8c   0x0000010c   Code   RO         2526    i.core_init_state   core_state.o
    0x08008f98   0x00000110   Code   RO         2303    i.core_list_init    core_list_join.o
    0x080090a8   0x000000a6   Code   RO         2305    i.core_list_mergesort  core_list_join.o
    0x0800914e   0x000001a2   Code   RO         2527    i.core_state_transition  core_state.o
    0x080092f0   0x0000004e   Code   RO         2557    i.crc16             core_util.o
    0x0800933e   0x00000002   PAD
    0x08009340   0x0000004a   Code   RO         2558    i.crcu16            core_util.o
    0x0800938a   0x00000018   Code   RO         2559    i.crcu32            core_util.o
    0x080093a2   0x00000002   PAD
    0x080093a4   0x0000003c   Code   RO         1548    i.delay_init        delay.o
    0x080093e0   0x00000050   Code   RO         1549    i.delay_ms          delay.o
    0x08009430   0x000000dc   Code   RO         5124    i.floor             m_ws.l(floor.o)
    0x0800950c   0x0000001c   Code   RO         1594    i.fputc             usart.o
    0x08009528   0x00000040   Code   RO         2561    i.get_seed_32       core_util.o
    0x08009568   0x0000000c   Code   RO         2462    i.get_time          core_portme.o
    0x08009574   0x000009c4   Code   RO         2384    i.main              core_main.o
    0x08009f38   0x0000005c   Code   RO         2414    i.matrix_sum        core_matrix.o
    0x08009f94   0x000002ca   Code   RO         2415    i.matrix_test       core_matrix.o
    0x0800a25e   0x00000006   Code   RO         2463    i.portable_fini     core_portme.o
    0x0800a264   0x00000098   Code   RO         2464    i.portable_init     core_portme.o
    0x0800a2fc   0x00000028   Code   RO         2465    i.start_time        core_portme.o
    0x0800a324   0x00000012   Code   RO         2466    i.stop_time         core_portme.o
    0x0800a336   0x00000002   PAD
    0x0800a338   0x00000018   Code   RO         2467    i.time_in_secs      core_portme.o
    0x0800a350   0x000000a0   Code   RO         1595    i.uart_init         usart.o
    0x0800a3f0   0x0000002c   Code   RO         5210    locale$$code        c_w.l(lc_numeric_c.o)
    0x0800a41c   0x00000062   Code   RO         5059    x$fpl$d2f           fz_ws.l(d2f.o)
    0x0800a47e   0x00000002   PAD
    0x0800a480   0x00000150   Code   RO         5061    x$fpl$dadd          fz_ws.l(daddsub_clz.o)
    0x0800a5d0   0x00000018   Code   RO         5143    x$fpl$dcmpinf       fz_ws.l(dcmpi.o)
    0x0800a5e8   0x000002b0   Code   RO         5068    x$fpl$ddiv          fz_ws.l(ddiv.o)
    0x0800a898   0x0000005e   Code   RO         5071    x$fpl$dfix          fz_ws.l(dfix.o)
    0x0800a8f6   0x00000002   PAD
    0x0800a8f8   0x0000005a   Code   RO         5075    x$fpl$dfixu         fz_ws.l(dfixu.o)
    0x0800a952   0x00000026   Code   RO         5079    x$fpl$dfltu         fz_ws.l(dflt_clz.o)
    0x0800a978   0x00000078   Code   RO         5085    x$fpl$dleqf         fz_ws.l(dleqf.o)
    0x0800a9f0   0x0000009c   Code   RO         5145    x$fpl$dnaninf       fz_ws.l(dnaninf.o)
    0x0800aa8c   0x0000000c   Code   RO         5147    x$fpl$dretinf       fz_ws.l(dretinf.o)
    0x0800aa98   0x0000006c   Code   RO         5087    x$fpl$drleqf        fz_ws.l(drleqf.o)
    0x0800ab04   0x00000016   Code   RO         5062    x$fpl$drsb          fz_ws.l(daddsub_clz.o)
    0x0800ab1a   0x00000002   PAD
    0x0800ab1c   0x000001d4   Code   RO         5063    x$fpl$dsub          fz_ws.l(daddsub_clz.o)
    0x0800acf0   0x00000056   Code   RO         5089    x$fpl$f2d           fz_ws.l(f2d.o)
    0x0800ad46   0x00000002   PAD
    0x0800ad48   0x000000c4   Code   RO         5091    x$fpl$fadd          fz_ws.l(faddsub_clz.o)
    0x0800ae0c   0x00000036   Code   RO         5101    x$fpl$ffix          fz_ws.l(ffix.o)
    0x0800ae42   0x00000002   PAD
    0x0800ae44   0x0000003e   Code   RO         5105    x$fpl$ffixu         fz_ws.l(ffixu.o)
    0x0800ae82   0x00000002   PAD
    0x0800ae84   0x00000030   Code   RO         5110    x$fpl$fflt          fz_ws.l(fflt_clz.o)
    0x0800aeb4   0x00000026   Code   RO         5109    x$fpl$ffltu         fz_ws.l(fflt_clz.o)
    0x0800aeda   0x00000002   PAD
    0x0800aedc   0x00000102   Code   RO         5115    x$fpl$fmul          fz_ws.l(fmul.o)
    0x0800afde   0x0000008c   Code   RO         5149    x$fpl$fnaninf       fz_ws.l(fnaninf.o)
    0x0800b06a   0x0000000a   Code   RO         5151    x$fpl$fretinf       fz_ws.l(fretinf.o)
    0x0800b074   0x000000ea   Code   RO         5093    x$fpl$fsub          fz_ws.l(faddsub_clz.o)
    0x0800b15e   0x00000004   Code   RO         5117    x$fpl$printf1       fz_ws.l(printf1.o)
    0x0800b162   0x00000000   Code   RO         5153    x$fpl$usenofp       fz_ws.l(usenofp.o)
    0x0800b162   0x00000002   PAD
    0x0800b164   0x00000034   Data   RO         2051    .constdata          guidrv_template.o
    0x0800b198   0x00000008   Data   RO         2690    .constdata          GUI_CM3_L.lib(gui_core.o)
    0x0800b1a0   0x00000018   Data   RO         2836    .constdata          GUI_CM3_L.lib(guicc_m565.o)
    0x0800b1b8   0x00000018   Data   RO         2999    .constdata          GUI_CM3_L.lib(f24b_ascii.o)
    0x0800b1d0   0x00000018   Data   RO         3000    .constdata          GUI_CM3_L.lib(f24b_ascii.o)
    0x0800b1e8   0x00000030   Data   RO         3001    .constdata          GUI_CM3_L.lib(f24b_ascii.o)
    0x0800b218   0x00000030   Data   RO         3002    .constdata          GUI_CM3_L.lib(f24b_ascii.o)
    0x0800b248   0x00000030   Data   RO         3003    .constdata          GUI_CM3_L.lib(f24b_ascii.o)
    0x0800b278   0x00000048   Data   RO         3004    .constdata          GUI_CM3_L.lib(f24b_ascii.o)
    0x0800b2c0   0x00000030   Data   RO         3005    .constdata          GUI_CM3_L.lib(f24b_ascii.o)
    0x0800b2f0   0x00000018   Data   RO         3006    .constdata          GUI_CM3_L.lib(f24b_ascii.o)
    0x0800b308   0x00000018   Data   RO         3007    .constdata          GUI_CM3_L.lib(f24b_ascii.o)
    0x0800b320   0x00000018   Data   RO         3008    .constdata          GUI_CM3_L.lib(f24b_ascii.o)
    0x0800b338   0x00000018   Data   RO         3009    .constdata          GUI_CM3_L.lib(f24b_ascii.o)
    0x0800b350   0x00000030   Data   RO         3010    .constdata          GUI_CM3_L.lib(f24b_ascii.o)
    0x0800b380   0x00000018   Data   RO         3011    .constdata          GUI_CM3_L.lib(f24b_ascii.o)
    0x0800b398   0x00000018   Data   RO         3012    .constdata          GUI_CM3_L.lib(f24b_ascii.o)
    0x0800b3b0   0x00000018   Data   RO         3013    .constdata          GUI_CM3_L.lib(f24b_ascii.o)
    0x0800b3c8   0x00000018   Data   RO         3014    .constdata          GUI_CM3_L.lib(f24b_ascii.o)
    0x0800b3e0   0x00000030   Data   RO         3015    .constdata          GUI_CM3_L.lib(f24b_ascii.o)
    0x0800b410   0x00000030   Data   RO         3016    .constdata          GUI_CM3_L.lib(f24b_ascii.o)
    0x0800b440   0x00000030   Data   RO         3017    .constdata          GUI_CM3_L.lib(f24b_ascii.o)
    0x0800b470   0x00000030   Data   RO         3018    .constdata          GUI_CM3_L.lib(f24b_ascii.o)
    0x0800b4a0   0x00000030   Data   RO         3019    .constdata          GUI_CM3_L.lib(f24b_ascii.o)
    0x0800b4d0   0x00000030   Data   RO         3020    .constdata          GUI_CM3_L.lib(f24b_ascii.o)
    0x0800b500   0x00000030   Data   RO         3021    .constdata          GUI_CM3_L.lib(f24b_ascii.o)
    0x0800b530   0x00000030   Data   RO         3022    .constdata          GUI_CM3_L.lib(f24b_ascii.o)
    0x0800b560   0x00000030   Data   RO         3023    .constdata          GUI_CM3_L.lib(f24b_ascii.o)
    0x0800b590   0x00000030   Data   RO         3024    .constdata          GUI_CM3_L.lib(f24b_ascii.o)
    0x0800b5c0   0x00000018   Data   RO         3025    .constdata          GUI_CM3_L.lib(f24b_ascii.o)
    0x0800b5d8   0x00000018   Data   RO         3026    .constdata          GUI_CM3_L.lib(f24b_ascii.o)
    0x0800b5f0   0x00000030   Data   RO         3027    .constdata          GUI_CM3_L.lib(f24b_ascii.o)
    0x0800b620   0x00000030   Data   RO         3028    .constdata          GUI_CM3_L.lib(f24b_ascii.o)
    0x0800b650   0x00000030   Data   RO         3029    .constdata          GUI_CM3_L.lib(f24b_ascii.o)
    0x0800b680   0x00000030   Data   RO         3030    .constdata          GUI_CM3_L.lib(f24b_ascii.o)
    0x0800b6b0   0x00000048   Data   RO         3031    .constdata          GUI_CM3_L.lib(f24b_ascii.o)
    0x0800b6f8   0x00000030   Data   RO         3032    .constdata          GUI_CM3_L.lib(f24b_ascii.o)
    0x0800b728   0x00000030   Data   RO         3033    .constdata          GUI_CM3_L.lib(f24b_ascii.o)
    0x0800b758   0x00000030   Data   RO         3034    .constdata          GUI_CM3_L.lib(f24b_ascii.o)
    0x0800b788   0x00000030   Data   RO         3035    .constdata          GUI_CM3_L.lib(f24b_ascii.o)
    0x0800b7b8   0x00000030   Data   RO         3036    .constdata          GUI_CM3_L.lib(f24b_ascii.o)
    0x0800b7e8   0x00000030   Data   RO         3037    .constdata          GUI_CM3_L.lib(f24b_ascii.o)
    0x0800b818   0x00000030   Data   RO         3038    .constdata          GUI_CM3_L.lib(f24b_ascii.o)
    0x0800b848   0x00000030   Data   RO         3039    .constdata          GUI_CM3_L.lib(f24b_ascii.o)
    0x0800b878   0x00000018   Data   RO         3040    .constdata          GUI_CM3_L.lib(f24b_ascii.o)
    0x0800b890   0x00000030   Data   RO         3041    .constdata          GUI_CM3_L.lib(f24b_ascii.o)
    0x0800b8c0   0x00000030   Data   RO         3042    .constdata          GUI_CM3_L.lib(f24b_ascii.o)
    0x0800b8f0   0x00000030   Data   RO         3043    .constdata          GUI_CM3_L.lib(f24b_ascii.o)
    0x0800b920   0x00000048   Data   RO         3044    .constdata          GUI_CM3_L.lib(f24b_ascii.o)
    0x0800b968   0x00000030   Data   RO         3045    .constdata          GUI_CM3_L.lib(f24b_ascii.o)
    0x0800b998   0x00000030   Data   RO         3046    .constdata          GUI_CM3_L.lib(f24b_ascii.o)
    0x0800b9c8   0x00000030   Data   RO         3047    .constdata          GUI_CM3_L.lib(f24b_ascii.o)
    0x0800b9f8   0x00000030   Data   RO         3048    .constdata          GUI_CM3_L.lib(f24b_ascii.o)
    0x0800ba28   0x00000030   Data   RO         3049    .constdata          GUI_CM3_L.lib(f24b_ascii.o)
    0x0800ba58   0x00000030   Data   RO         3050    .constdata          GUI_CM3_L.lib(f24b_ascii.o)
    0x0800ba88   0x00000030   Data   RO         3051    .constdata          GUI_CM3_L.lib(f24b_ascii.o)
    0x0800bab8   0x00000030   Data   RO         3052    .constdata          GUI_CM3_L.lib(f24b_ascii.o)
    0x0800bae8   0x00000030   Data   RO         3053    .constdata          GUI_CM3_L.lib(f24b_ascii.o)
    0x0800bb18   0x00000048   Data   RO         3054    .constdata          GUI_CM3_L.lib(f24b_ascii.o)
    0x0800bb60   0x00000030   Data   RO         3055    .constdata          GUI_CM3_L.lib(f24b_ascii.o)
    0x0800bb90   0x00000030   Data   RO         3056    .constdata          GUI_CM3_L.lib(f24b_ascii.o)
    0x0800bbc0   0x00000030   Data   RO         3057    .constdata          GUI_CM3_L.lib(f24b_ascii.o)
    0x0800bbf0   0x00000018   Data   RO         3058    .constdata          GUI_CM3_L.lib(f24b_ascii.o)
    0x0800bc08   0x00000018   Data   RO         3059    .constdata          GUI_CM3_L.lib(f24b_ascii.o)
    0x0800bc20   0x00000018   Data   RO         3060    .constdata          GUI_CM3_L.lib(f24b_ascii.o)
    0x0800bc38   0x00000030   Data   RO         3061    .constdata          GUI_CM3_L.lib(f24b_ascii.o)
    0x0800bc68   0x00000030   Data   RO         3062    .constdata          GUI_CM3_L.lib(f24b_ascii.o)
    0x0800bc98   0x00000018   Data   RO         3063    .constdata          GUI_CM3_L.lib(f24b_ascii.o)
    0x0800bcb0   0x00000030   Data   RO         3064    .constdata          GUI_CM3_L.lib(f24b_ascii.o)
    0x0800bce0   0x00000030   Data   RO         3065    .constdata          GUI_CM3_L.lib(f24b_ascii.o)
    0x0800bd10   0x00000030   Data   RO         3066    .constdata          GUI_CM3_L.lib(f24b_ascii.o)
    0x0800bd40   0x00000030   Data   RO         3067    .constdata          GUI_CM3_L.lib(f24b_ascii.o)
    0x0800bd70   0x00000030   Data   RO         3068    .constdata          GUI_CM3_L.lib(f24b_ascii.o)
    0x0800bda0   0x00000018   Data   RO         3069    .constdata          GUI_CM3_L.lib(f24b_ascii.o)
    0x0800bdb8   0x00000030   Data   RO         3070    .constdata          GUI_CM3_L.lib(f24b_ascii.o)
    0x0800bde8   0x00000030   Data   RO         3071    .constdata          GUI_CM3_L.lib(f24b_ascii.o)
    0x0800be18   0x00000018   Data   RO         3072    .constdata          GUI_CM3_L.lib(f24b_ascii.o)
    0x0800be30   0x00000018   Data   RO         3073    .constdata          GUI_CM3_L.lib(f24b_ascii.o)
    0x0800be48   0x00000030   Data   RO         3074    .constdata          GUI_CM3_L.lib(f24b_ascii.o)
    0x0800be78   0x00000018   Data   RO         3075    .constdata          GUI_CM3_L.lib(f24b_ascii.o)
    0x0800be90   0x00000048   Data   RO         3076    .constdata          GUI_CM3_L.lib(f24b_ascii.o)
    0x0800bed8   0x00000030   Data   RO         3077    .constdata          GUI_CM3_L.lib(f24b_ascii.o)
    0x0800bf08   0x00000030   Data   RO         3078    .constdata          GUI_CM3_L.lib(f24b_ascii.o)
    0x0800bf38   0x00000030   Data   RO         3079    .constdata          GUI_CM3_L.lib(f24b_ascii.o)
    0x0800bf68   0x00000030   Data   RO         3080    .constdata          GUI_CM3_L.lib(f24b_ascii.o)
    0x0800bf98   0x00000018   Data   RO         3081    .constdata          GUI_CM3_L.lib(f24b_ascii.o)
    0x0800bfb0   0x00000030   Data   RO         3082    .constdata          GUI_CM3_L.lib(f24b_ascii.o)
    0x0800bfe0   0x00000018   Data   RO         3083    .constdata          GUI_CM3_L.lib(f24b_ascii.o)
    0x0800bff8   0x00000030   Data   RO         3084    .constdata          GUI_CM3_L.lib(f24b_ascii.o)
    0x0800c028   0x00000030   Data   RO         3085    .constdata          GUI_CM3_L.lib(f24b_ascii.o)
    0x0800c058   0x00000030   Data   RO         3086    .constdata          GUI_CM3_L.lib(f24b_ascii.o)
    0x0800c088   0x00000030   Data   RO         3087    .constdata          GUI_CM3_L.lib(f24b_ascii.o)
    0x0800c0b8   0x00000030   Data   RO         3088    .constdata          GUI_CM3_L.lib(f24b_ascii.o)
    0x0800c0e8   0x00000030   Data   RO         3089    .constdata          GUI_CM3_L.lib(f24b_ascii.o)
    0x0800c118   0x00000018   Data   RO         3090    .constdata          GUI_CM3_L.lib(f24b_ascii.o)
    0x0800c130   0x00000018   Data   RO         3091    .constdata          GUI_CM3_L.lib(f24b_ascii.o)
    0x0800c148   0x00000018   Data   RO         3092    .constdata          GUI_CM3_L.lib(f24b_ascii.o)
    0x0800c160   0x00000030   Data   RO         3093    .constdata          GUI_CM3_L.lib(f24b_ascii.o)
    0x0800c190   0x000002f8   Data   RO         3094    .constdata          GUI_CM3_L.lib(f24b_ascii.o)
    0x0800c488   0x0000000c   Data   RO         3095    .constdata          GUI_CM3_L.lib(f24b_ascii.o)
    0x0800c494   0x00000024   Data   RO         3096    .constdata          GUI_CM3_L.lib(f24b_ascii.o)
    0x0800c4b8   0x00000074   Data   RO         3119    .constdata          GUI_CM3_L.lib(guidev_16.o)
    0x0800c52c   0x00000100   Data   RO         3142    .constdata          GUI_CM3_L.lib(gui__divtbl_255_31.o)
    0x0800c62c   0x00000100   Data   RO         3149    .constdata          GUI_CM3_L.lib(gui__divtbl_255_63.o)
    0x0800c72c   0x00000020   Data   RO         3156    .constdata          GUI_CM3_L.lib(gui__divtbl_31_255.o)
    0x0800c74c   0x00000040   Data   RO         3163    .constdata          GUI_CM3_L.lib(gui__divtbl_63_255.o)
    0x0800c78c   0x00000028   Data   RO         3189    .constdata          GUI_CM3_L.lib(gui_adddecshift.o)
    0x0800c7b4   0x00000010   Data   RO         3308    .constdata          GUI_CM3_L.lib(gui_uc_encodenone.o)
    0x0800c7c4   0x0000000c   Data   RO         3358    .constdata          GUI_CM3_L.lib(lcd.o)
    0x0800c7d0   0x00000100   Data   RO         3405    .constdata          GUI_CM3_L.lib(lcd_mirror.o)
    0x0800c8d0   0x00000518   Data   RO         3412    .constdata          GUI_CM3_L.lib(f6x8.o)
    0x0800cde8   0x000001c0   Data   RO         3413    .constdata          GUI_CM3_L.lib(f6x8.o)
    0x0800cfa8   0x00000008   Data   RO         3414    .constdata          GUI_CM3_L.lib(f6x8.o)
    0x0800cfb0   0x00000014   Data   RO         3415    .constdata          GUI_CM3_L.lib(f6x8.o)
    0x0800cfc4   0x00000024   Data   RO         3416    .constdata          GUI_CM3_L.lib(f6x8.o)
    0x0800cfe8   0x00000008   Data   RO         3441    .constdata          GUI_CM3_L.lib(guidev_writetoactiveopaque.o)
    0x0800cff0   0x00000018   Data   RO         3882    .constdata          GUI_CM3_L.lib(guicc_0.o)
    0x0800d008   0x00000028   Data   RO         5000    .constdata          c_w.l(_printf_hex_int.o)
    0x0800d030   0x00000011   Data   RO         5035    .constdata          c_w.l(__printf_flags_ss_wp.o)
    0x0800d041   0x00000003   PAD
    0x0800d044   0x00000094   Data   RO         5181    .constdata          c_w.l(bigflt0.o)
    0x0800d0d8   0x000000af   Data   RO         2386    .conststring        core_main.o
    0x0800d187   0x00000001   PAD
    0x0800d188   0x000000ad   Data   RO         2528    .conststring        core_state.o
    0x0800d235   0x00000003   PAD
    0x0800d238   0x00000020   Data   RO         5347    Region$$Table       anon$$obj.o
    0x0800d258   0x0000001c   Data   RO         5209    locale$$data        c_w.l(lc_numeric_c.o)


    Execution Region RW_IRAM1 (Base: 0x20000000, Size: 0x00006440, Max: 0x00010000, ABSOLUTE, COMPRESSED[0x000000ac])

    Base Addr    Size         Type   Attr      Idx    E Section Name        Object

    0x20000000   0x00000014   Data   RW          158    .data               system_stm32f10x.o
    0x20000014   0x00000014   Data   RW          344    .data               stm32f10x_rcc.o
    0x20000028   0x00000004   Data   RW         1551    .data               delay.o
    0x2000002c   0x00000002   Data   RW         1597    .data               usart.o
    0x2000002e   0x00000002   PAD
    0x20000030   0x00000004   Data   RW         1598    .data               usart.o
    0x20000034   0x00000004   Data   RW         2203    .data               gui_x.o
    0x20000038   0x00000022   Data   RW         2387    .data               core_main.o
    0x2000005a   0x00000002   PAD
    0x2000005c   0x00000004   Data   RW         2468    .data               core_portme.o
    0x20000060   0x00000004   Data   RW         2469    .data               core_portme.o
    0x20000064   0x00000004   Data   RW         2470    .data               core_portme.o
    0x20000068   0x00000004   Data   RW         2471    .data               core_portme.o
    0x2000006c   0x00000004   Data   RW         2472    .data               core_portme.o
    0x20000070   0x00000004   Data   RW         2473    .data               core_portme.o
    0x20000074   0x00000004   Data   RW         2474    .data               core_portme.o
    0x20000078   0x00000040   Data   RW         2529    .data               core_state.o
    0x200000b8   0x00000034   Data   RW         2691    .data               GUI_CM3_L.lib(gui_core.o)
    0x200000ec   0x00000004   Data   RW         2694    .data               GUI_CM3_L.lib(gui_core.o)
    0x200000f0   0x00000004   Data   RW         2695    .data               GUI_CM3_L.lib(gui_core.o)
    0x200000f4   0x00000002   Data   RW         2698    .data               GUI_CM3_L.lib(gui_core.o)
    0x200000f6   0x00000002   PAD
    0x200000f8   0x00000004   Data   RW         2700    .data               GUI_CM3_L.lib(gui_core.o)
    0x200000fc   0x00000002   Data   RW         2701    .data               GUI_CM3_L.lib(gui_core.o)
    0x200000fe   0x00000002   Data   RW         2702    .data               GUI_CM3_L.lib(gui_core.o)
    0x20000100   0x00000038   Data   RW         2794    .data               GUI_CM3_L.lib(gui_touch_driveranalog.o)
    0x20000138   0x00000008   Data   RW         2837    .data               GUI_CM3_L.lib(guicc_m565.o)
    0x20000140   0x00000008   Data   RW         2892    .data               GUI_CM3_L.lib(lcd_getex.o)
    0x20000148   0x0000001c   Data   RW         3240    .data               GUI_CM3_L.lib(gui_task.o)
    0x20000164   0x00000004   Data   RW         3260    .data               GUI_CM3_L.lib(gui_touch.o)
    0x20000168   0x0000001c   Data   RW         3277    .data               GUI_CM3_L.lib(gui_touch_calibrate.o)
    0x20000184   0x00000004   Data   RW         3359    .data               GUI_CM3_L.lib(lcd.o)
    0x20000188   0x00000010   Data   RW         3391    .data               GUI_CM3_L.lib(lcd_color.o)
    0x20000198   0x00000064   Data   RW         3512    .data               GUI_CM3_L.lib(wm.o)
    0x200001fc   0x00000001   Data   RW         3513    .data               GUI_CM3_L.lib(wm.o)
    0x200001fd   0x00000003   PAD
    0x20000200   0x00000018   Data   RW         3619    .data               GUI_CM3_L.lib(gui__managecache.o)
    0x20000218   0x00000004   Data   RW         3672    .data               GUI_CM3_L.lib(gui_charline.o)
    0x2000021c   0x00000010   Data   RW         3740    .data               GUI_CM3_L.lib(gui_onkey.o)
    0x2000022c   0x00000014   Data   RW         3768    .data               GUI_CM3_L.lib(gui_pid.o)
    0x20000240   0x00000008   Data   RW         3812    .data               GUI_CM3_L.lib(gui_selectlayer.o)
    0x20000248   0x0000000c   Data   RW         3864    .data               GUI_CM3_L.lib(gui_waitevent.o)
    0x20000254   0x00000004   Data   RW         3987    .data               GUI_CM3_L.lib(wm__sendmessage.o)
    0x20000258   0x00000014   Data   RW         4085    .data               GUI_CM3_L.lib(wm_touch.o)
    0x2000026c   0x000000c8   Zero   RW         1596    .bss                usart.o
    0x20000334   0x00003c00   Zero   RW         2016    .bss                guiconf.o
    0x20003f34   0x000000cc   Zero   RW         2633    .bss                GUI_CM3_L.lib(gui_alloc.o)
    0x20004000   0x00000070   Zero   RW         2689    .bss                GUI_CM3_L.lib(gui_core.o)
    0x20004070   0x0000000c   Zero   RW         3259    .bss                GUI_CM3_L.lib(gui_touch.o)
    0x2000407c   0x00000018   Zero   RW         3276    .bss                GUI_CM3_L.lib(gui_touch_calibrate.o)
    0x20004094   0x0000000c   Zero   RW         3293    .bss                GUI_CM3_L.lib(gui_touch_storestate.o)
    0x200040a0   0x00000018   Zero   RW         3510    .bss                GUI_CM3_L.lib(wm.o)
    0x200040b8   0x00000058   Zero   RW         3739    .bss                GUI_CM3_L.lib(gui_onkey.o)
    0x20004110   0x00000048   Zero   RW         3767    .bss                GUI_CM3_L.lib(gui_pid.o)
    0x20004158   0x00000048   Zero   RW         4084    .bss                GUI_CM3_L.lib(wm_touch.o)
    0x200041a0   0x00000028   Zero   RW         4154    .bss                GUI_CM3_L.lib(gui_curs1.o)
    0x200041c8   0x00000018   Zero   RW         4628    .bss                GUI_CM3_L.lib(wm_pid__getprevstate.o)
    0x200041e0   0x00000060   Zero   RW         5217    .bss                c_w.l(libspace.o)
    0x20004240   0x00000200   Zero   RW          192    HEAP                startup_stm32f10x_hd.o
    0x20004440   0x00002000   Zero   RW          191    STACK               startup_stm32f10x_hd.o


==============================================================================

Image component sizes


      Code (inc. data)   RO Data    RW Data    ZI Data      Debug   Object Name

         0          0          0          0          0         32   core_cm3.o
      1040         16          0          0          0      10399   core_list_join.o
      2500       1004        175         34          0       3103   core_main.o
      1006          0          0          0          0       7235   core_matrix.o
       252        104          0         28          0       7314   core_portme.o
       922         16        173         64          0       4949   core_state.o
       244         28          0          0          0       3798   core_util.o
       140         18          0          4          0       1579   delay.o
        14          0          0          4          0       2631   gui_x.o
        44         12          0          0          0       1862   gui_x_touch_analog.o
        28          6          0          0      15360        531   guiconf.o
      2204         78         52          0          0      70650   guidrv_template.o
      1532         46          0          0          0      15970   ili93xx.o
        80          8          0          0          0       4556   lcdconf_flexcolor_template.o
         0          0          0          0          0       1444   main.o
       158         10          0          0          0       2053   misc.o
        64         26        304          0       8704        780   startup_stm32f10x_hd.o
       230          4          0          0          0       1825   stm32f10x_fsmc.o
       196          0          0          0          0       3048   stm32f10x_gpio.o
        32          6          0          0          0     262746   stm32f10x_it.o
       244         38          0         20          0       5146   stm32f10x_rcc.o
       218          8          0          0          0       4617   stm32f10x_tim.o
       330          6          0          0          0       4846   stm32f10x_usart.o
       240         16          0         20          0       1329   system_stm32f10x.o
       192         24          0          0          0      52400   timer.o
       314         30          0          6        200       4845   usart.o

    ----------------------------------------------------------------------
     12258       1504        740        184      24264     479688   Object Totals
         0          0         32          0          0          0   (incl. Generated)
        34          0          4          4          0          0   (incl. Padding)

    ----------------------------------------------------------------------

      Code (inc. data)   RO Data    RW Data    ZI Data      Debug   Library Member Name

         0          0       4864          0          0          0   f24b_ascii.o
         0          0       1816          0          0          0   f6x8.o
        96          0          0          0          0         80   gui__alpha.o
       292          0          0          0          0         76   gui__compactpixelindices.o
         0          0        256          0          0          0   gui__divtbl_255_31.o
         0          0        256          0          0          0   gui__divtbl_255_63.o
         0          0         32          0          0          0   gui__divtbl_31_255.o
         0          0         64          0          0          0   gui__divtbl_63_255.o
        58          0          0          0          0         68   gui__intersectrect.o
        82          0          0          0          0         80   gui__intersectrects.o
       228          8          0         24          0        156   gui__managecache.o
        76          0          0          0          0         76   gui__memset.o
        60          0          0          0          0         76   gui__memset16.o
       220         16         40          0          0        236   gui_adddecshift.o
      1718         88          0          0        204       1616   gui_alloc.o
        46          0          0          0          0         80   gui_alloc_alloczero.o
        60          0          0          0          0         76   gui_calccolordist.o
       164         20          0          0          0        308   gui_char.o
       458         36          0          4          0        472   gui_charline.o
       394         10          0          0          0        300   gui_charm.o
       308         10          0          0          0        384   gui_charp.o
       456         54          8         70        112        552   gui_core.o
       120          6          0          0         40         88   gui_curs1.o
       370         22          0          0          0        600   gui_device.o
       264          4          0          0          0         88   gui_dispstring.o
        40          6          0          0          0         88   gui_dispstringat.o
       160          0          0          0          0        152   gui_getbitmappixelindex.o
        48          0          0          0          0        152   gui_getcolor.o
        66         12          0          0          0        216   gui_goto.o
        88          0          0          0          0         76   gui_mergerect.o
        30          0          0          0          0         68   gui_moverect.o
        16          4          0         16         88         68   gui_onkey.o
       312         56          0         20         72        524   gui_pid.o
        56          0          0          0          0         68   gui_rectsintersect.o
       148         14          0          8          0        308   gui_selectlayer.o
        26          0          0          0          0         80   gui_selectlcd.o
        44          0          0          0          0        160   gui_setcolor.o
        32          6          0          0          0         80   gui_setfont.o
        64         16          0          0          0         88   gui_setorg.o
      1836         20          0          0          0        832   gui_sprite.o
       376         42          0         28          0        476   gui_task.o
        84         10          0          4         12         80   gui_touch.o
       256         20          0         28         24        184   gui_touch_calibrate.o
       156          6          0         56          0         88   gui_touch_driveranalog.o
        12          6          0          0         12         68   gui_touch_storestate.o
        84         10          0          0          0        168   gui_uc.o
        18          0         16          0          0        272   gui_uc_encodenone.o
        62          0          0          0          0        156   gui_val.o
       404         22          0          0          0        432   gui_valf.o
        16          4          0         12          0         68   gui_waitevent.o
       198          0         24          0          0        244   guicc_0.o
       250         42         24          8          0        412   guicc_m565.o
       202         12          0          0          0        244   guidev.o
      2286         60        116          0          0       1336   guidev_16.o
        40          0          0          0          0         80   guidev_getdataptr.o
        84          0          0          0          0        164   guidev_usage.o
      1854         18          8          0          0        492   guidev_writetoactiveopaque.o
      1646        110         12          4          0       1348   lcd.o
       272         30          0         16          0        392   lcd_color.o
        32         12          0          0          0        136   lcd_getcolorindex.o
       382         40          0          8          0       1340   lcd_getex.o
        26          0          0          0          0         80   lcd_getnumdisplays.o
         0          0        256          0          0          0   lcd_mirror.o
        64          8          0          0          0         80   lcd_selectlcd.o
       220          0          0          0          0        420   lcd_set.o
        48         10          0          0          0         80   lcd_setcliprectex.o
        36          4          0          0          0         80   lcd_updatecolorindices.o
      3140        158          0        101         24       2728   wm.o
        18          0          0          0          0         76   wm__getfirstsibling.o
        36          0          0          0          0         80   wm__getprevsibling.o
        34          0          0          0          0         80   wm__isancestor.o
        22          0          0          0          0         76   wm__isenabled.o
        60          6          0          4          0         88   wm__sendmessage.o
        28          0          0          0          0         92   wm__sendmessageifenabled.o
       136          0          0          0          0         92   wm_bringtobottom.o
        60         12          0          0          0        136   wm_criticalhandle.o
        32          0          0          0          0         80   wm_getclientrect.o
        24         10          0          0          0         68   wm_getdesktopwindow.o
        20          4          0          0          0         68   wm_getdesktopwindowex.o
        26          0          0          0          0         76   wm_getfirstchild.o
        26          0          0          0          0         76   wm_getparent.o
        24          0          0          0          0         76   wm_iswindow.o
        24          6          0          0         24         68   wm_pid__getprevstate.o
       204          6          0          0          0        324   wm_screen2win.o
        38          0          0          0          0         92   wm_sendtoparent.o
        62          8          0          0          0        160   wm_setcapture.o
      1128         46          0         20         72        344   wm_touch.o
        90          0          0          0          0          0   __dczerorl2.o
         8          0          0          0          0         68   __main.o
       392          4         17          0          0         92   __printf_flags_ss_wp.o
        14          0          0          0          0         68   __printf_wp.o
         0          0          0          0          0          0   __rtentry.o
        12          0          0          0          0          0   __rtentry2.o
         6          0          0          0          0          0   __rtentry4.o
        52          8          0          0          0          0   __scatter.o
        28          0          0          0          0          0   __scatter_zi.o
       302          0          0          0          0        168   _get_argv_nomalloc.o
        44          0          0          0          0        108   _printf_char.o
        48          6          0          0          0         96   _printf_char_common.o
        36          4          0          0          0         80   _printf_char_file.o
         6          0          0          0          0          0   _printf_d.o
       120         16          0          0          0         92   _printf_dec.o
         6          0          0          0          0          0   _printf_f.o
      1050          0          0          0          0        216   _printf_fp_dec.o
       128         16          0          0          0         84   _printf_fp_infnan.o
        88          4         40          0          0         88   _printf_hex_int.o
       178          0          0          0          0         88   _printf_intcommon.o
        78          0          0          0          0        108   _printf_pad.o
         0          0          0          0          0          0   _printf_percent.o
         4          0          0          0          0          0   _printf_percent_end.o
         6          0          0          0          0          0   _printf_s.o
        82          0          0          0          0         80   _printf_str.o
         6          0          0          0          0          0   _printf_u.o
         6          0          0          0          0          0   _printf_x.o
         4          0          0          0          0         68   argv_veneer.o
       220          4        148          0          0         96   bigflt0.o
      1910        128          0          0          0        672   btod.o
        10          0          0          0          0         68   defsig_exit.o
        50          0          0          0          0         88   defsig_general.o
        80         58          0          0          0         76   defsig_rtmem_inner.o
        14          0          0          0          0         80   defsig_rtmem_outer.o
        12          0          0          0          0         72   exit.o
         8          0          0          0          0         68   ferror.o
         6          0          0          0          0        152   heapauxi.o
         4          0          0          0          0        136   hrguard.o
        44         10         28          0          0         76   lc_numeric_c.o
         2          0          0          0          0          0   libinit.o
        26          0          0          0          0          0   libinit2.o
         2          0          0          0          0          0   libshutdown.o
         2          0          0          0          0          0   libshutdown2.o
         8          4          0          0         96         68   libspace.o
       138          0          0          0          0         80   lludiv10.o
        88          0          0          0          0         76   memcmp.o
        24          4          0          0          0         84   noretval__2printf.o
         8          4          0          0          0         68   rt_locale_intlibspace.o
        78          0          0          0          0         80   rt_memclr_w.o
       138          0          0          0          0         68   rt_memcpy_v6.o
       100          0          0          0          0         80   rt_memcpy_w.o
       132          0          0          0          0         68   rt_memmove_v6.o
       122          0          0          0          0         80   rt_memmove_w.o
         2          0          0          0          0          0   rtexit.o
        10          0          0          0          0          0   rtexit2.o
       128          0          0          0          0         68   strcmpv7m.o
        74          0          0          0          0         80   sys_stackheap_outer.o
         2          0          0          0          0         68   use_no_semi.o
         2          0          0          0          0         68   use_no_semi_2.o
        98          4          0          0          0         92   d2f.o
       826         16          0          0          0        348   daddsub_clz.o
        24          0          0          0          0         68   dcmpi.o
       688        140          0          0          0        208   ddiv.o
        94          4          0          0          0         92   dfix.o
        90          4          0          0          0         92   dfixu.o
        38          0          0          0          0         68   dflt_clz.o
       120          4          0          0          0         92   dleqf.o
       156          4          0          0          0         92   dnaninf.o
        12          0          0          0          0         68   dretinf.o
       108          0          0          0          0         80   drleqf.o
        86          4          0          0          0         84   f2d.o
       430          8          0          0          0        168   faddsub_clz.o
        54          4          0          0          0         84   ffix.o
        62          4          0          0          0         84   ffixu.o
        86          0          0          0          0        136   fflt_clz.o
       258          4          0          0          0         84   fmul.o
       140          4          0          0          0         84   fnaninf.o
        10          0          0          0          0         68   fretinf.o
         4          0          0          0          0         68   printf1.o
         0          0          0          0          0          0   usenofp.o
       220         16          0          0          0         84   ceil.o
       220         16          0          0          0         84   floor.o
        40          0          0          0          0         68   fpclassify.o

    ----------------------------------------------------------------------
     32850       1636       8028        436        780      28692   Library Totals
        62          0          3          5          0          0   (incl. Padding)

    ----------------------------------------------------------------------

      Code (inc. data)   RO Data    RW Data    ZI Data      Debug   Library Name

     22686       1130       7792        431        684      22172   GUI_CM3_L.lib
      6238        270        233          0         96       4124   c_w.l
      3384        204          0          0          0       2160   fz_ws.l
       480         32          0          0          0        236   m_ws.l

    ----------------------------------------------------------------------
     32850       1636       8028        436        780      28692   Library Totals

    ----------------------------------------------------------------------

==============================================================================


      Code (inc. data)   RO Data    RW Data    ZI Data      Debug   

     45108       3140       8768        620      25044     484768   Grand Totals
     45108       3140       8768        172      25044     484768   ELF Image Totals (compressed)
     45108       3140       8768        172          0          0   ROM Totals

==============================================================================

    Total RO  Size (Code + RO Data)                53876 (  52.61kB)
    Total RW  Size (RW Data + ZI Data)             25664 (  25.06kB)
    Total ROM Size (Code + RO Data + RW Data)      54048 (  52.78kB)

==============================================================================

