<html>
<body>
<pre>
<h1>µVision Build Log</h1>
<h2>Tool Versions:</h2>
IDE-Version: ¦ÌVision V5.15
Copyright (C) 2015 ARM Ltd and ARM Germany GmbH. All rights reserved.
License Information: huangjie18 Microsoft, Microsoft, LIC=GE72Z-J1B51-HP4ZN-YB5S8-LD2AH-93K8B
 
Tool Versions:
Toolchain:       MDK-ARM Professional  Version: 5.15.0
Toolchain Path:  C:\Keil_v5\ARM\ARMCC\Bin
C Compiler:      Armcc.exe V5.05 update 2 (build 169)
Assembler:       Armasm.exe V5.05 update 2 (build 169)
Linker/Locator:  ArmLink.exe V5.05 update 2 (build 169)
Library Manager: ArmAr.exe V5.05 update 2 (build 169)
Hex Converter:   FromElf.exe V5.05 update 2 (build 169)
CPU DLL:         SARMCM3.DLL V5.15.0
Dialog DLL:      DARMSTM.DLL V1.65.0.0
Target DLL:      STLink\ST-LINKIII-KEIL_SWO.dll V2.0.15.0_KEIL
Dialog DLL:      TARMSTM.DLL V1.64.0.0
 
<h2>Project:</h2>
D:\GitHub\CoreMark\STM32F1-CoreMark\USER\USART.uvprojx
Project File Date:  08/02/2018

<h2>Output:</h2>
*** Using Compiler 'V5.05 update 2 (build 169)', folder: 'C:\Keil_v5\ARM\ARMCC\Bin'
Build target 'USART'
compiling main.c...
compiling stm32f10x_it.c...
compiling system_stm32f10x.c...
compiling sys.c...
compiling usart.c...
compiling core_cm3.c...
assembling startup_stm32f10x_hd.s...
compiling misc.c...
compiling stm32f10x_gpio.c...
compiling stm32f10x_rcc.c...
compiling stm32f10x_usart.c...
compiling core_list_join.c...
..\CoreMark\coremark.h(78): warning:  #1295-D: Deprecated declaration check_data_types - give arg types
  ee_u8 check_data_types();
..\CoreMark\core_list_join.c: 1 warning, 0 errors
compiling core_main.c...
..\CoreMark\coremark.h(78): warning:  #1295-D: Deprecated declaration check_data_types - give arg types
  ee_u8 check_data_types();
..\CoreMark\core_main.c: 1 warning, 0 errors
compiling core_matrix.c...
..\CoreMark\coremark.h(78): warning:  #1295-D: Deprecated declaration check_data_types - give arg types
  ee_u8 check_data_types();
..\CoreMark\core_matrix.c: 1 warning, 0 errors
compiling core_portme.c...
..\CoreMark\coremark.h(78): warning:  #1295-D: Deprecated declaration check_data_types - give arg types
  ee_u8 check_data_types();
..\CoreMark\core_portme.c: 1 warning, 0 errors
compiling core_state.c...
..\CoreMark\coremark.h(78): warning:  #1295-D: Deprecated declaration check_data_types - give arg types
  ee_u8 check_data_types();
..\CoreMark\core_state.c: 1 warning, 0 errors
compiling core_util.c...
..\CoreMark\coremark.h(78): warning:  #1295-D: Deprecated declaration check_data_types - give arg types
  ee_u8 check_data_types();
..\CoreMark\core_util.c: 1 warning, 0 errors
linking...
Program Size: Code=15004 RO-data=948 RW-data=184 ZI-data=9000  
FromELF: creating hex file...
"..\OBJ\USART.axf" - 0 Error(s), 6 Warning(s).

<h2>Collection of Component include folders:</h2>
  D:\GitHub\CoreMark\STM32F1-CoreMark\USER\RTE
  C:\Keil_v5\ARM\PACK\Keil\STM32F1xx_DFP\2.2.0\Device\Include

<h2>Collection of Component Files used:</h2>
</pre>
</body>
</html>
